Archive member included to satisfy reference by file (symbol)

/opt/st/stm32cubeide_1.14.0/plugins/com.st.stm32cube.ide.mcu.externaltools.gnu-tools-for-stm32.11.3.rel1.linux64_1.1.100.202309141235/tools/bin/../lib/gcc/arm-none-eabi/11.3.1/../../../../arm-none-eabi/lib/thumb/v7e-m+fp/hard/libc_nano.a(libc_a-exit.o)
                              /opt/st/stm32cubeide_1.14.0/plugins/com.st.stm32cube.ide.mcu.externaltools.gnu-tools-for-stm32.11.3.rel1.linux64_1.1.100.202309141235/tools/bin/../lib/gcc/arm-none-eabi/11.3.1/../../../../arm-none-eabi/lib/thumb/v7e-m+fp/hard/crt0.o (exit)
/opt/st/stm32cubeide_1.14.0/plugins/com.st.stm32cube.ide.mcu.externaltools.gnu-tools-for-stm32.11.3.rel1.linux64_1.1.100.202309141235/tools/bin/../lib/gcc/arm-none-eabi/11.3.1/../../../../arm-none-eabi/lib/thumb/v7e-m+fp/hard/libc_nano.a(libc_a-findfp.o)
                              /opt/st/stm32cubeide_1.14.0/plugins/com.st.stm32cube.ide.mcu.externaltools.gnu-tools-for-stm32.11.3.rel1.linux64_1.1.100.202309141235/tools/bin/../lib/gcc/arm-none-eabi/11.3.1/../../../../arm-none-eabi/lib/thumb/v7e-m+fp/hard/libc_nano.a(libc_a-exit.o) (__stdio_exit_handler)
/opt/st/stm32cubeide_1.14.0/plugins/com.st.stm32cube.ide.mcu.externaltools.gnu-tools-for-stm32.11.3.rel1.linux64_1.1.100.202309141235/tools/bin/../lib/gcc/arm-none-eabi/11.3.1/../../../../arm-none-eabi/lib/thumb/v7e-m+fp/hard/libc_nano.a(libc_a-fwalk.o)
                              /opt/st/stm32cubeide_1.14.0/plugins/com.st.stm32cube.ide.mcu.externaltools.gnu-tools-for-stm32.11.3.rel1.linux64_1.1.100.202309141235/tools/bin/../lib/gcc/arm-none-eabi/11.3.1/../../../../arm-none-eabi/lib/thumb/v7e-m+fp/hard/libc_nano.a(libc_a-findfp.o) (_fwalk_sglue)
/opt/st/stm32cubeide_1.14.0/plugins/com.st.stm32cube.ide.mcu.externaltools.gnu-tools-for-stm32.11.3.rel1.linux64_1.1.100.202309141235/tools/bin/../lib/gcc/arm-none-eabi/11.3.1/../../../../arm-none-eabi/lib/thumb/v7e-m+fp/hard/libc_nano.a(libc_a-stdio.o)
                              /opt/st/stm32cubeide_1.14.0/plugins/com.st.stm32cube.ide.mcu.externaltools.gnu-tools-for-stm32.11.3.rel1.linux64_1.1.100.202309141235/tools/bin/../lib/gcc/arm-none-eabi/11.3.1/../../../../arm-none-eabi/lib/thumb/v7e-m+fp/hard/libc_nano.a(libc_a-findfp.o) (__sread)
/opt/st/stm32cubeide_1.14.0/plugins/com.st.stm32cube.ide.mcu.externaltools.gnu-tools-for-stm32.11.3.rel1.linux64_1.1.100.202309141235/tools/bin/../lib/gcc/arm-none-eabi/11.3.1/../../../../arm-none-eabi/lib/thumb/v7e-m+fp/hard/libc_nano.a(libc_a-memset.o)
                              /opt/st/stm32cubeide_1.14.0/plugins/com.st.stm32cube.ide.mcu.externaltools.gnu-tools-for-stm32.11.3.rel1.linux64_1.1.100.202309141235/tools/bin/../lib/gcc/arm-none-eabi/11.3.1/../../../../arm-none-eabi/lib/thumb/v7e-m+fp/hard/crt0.o (memset)
/opt/st/stm32cubeide_1.14.0/plugins/com.st.stm32cube.ide.mcu.externaltools.gnu-tools-for-stm32.11.3.rel1.linux64_1.1.100.202309141235/tools/bin/../lib/gcc/arm-none-eabi/11.3.1/../../../../arm-none-eabi/lib/thumb/v7e-m+fp/hard/libc_nano.a(libc_a-closer.o)
                              /opt/st/stm32cubeide_1.14.0/plugins/com.st.stm32cube.ide.mcu.externaltools.gnu-tools-for-stm32.11.3.rel1.linux64_1.1.100.202309141235/tools/bin/../lib/gcc/arm-none-eabi/11.3.1/../../../../arm-none-eabi/lib/thumb/v7e-m+fp/hard/libc_nano.a(libc_a-stdio.o) (_close_r)
/opt/st/stm32cubeide_1.14.0/plugins/com.st.stm32cube.ide.mcu.externaltools.gnu-tools-for-stm32.11.3.rel1.linux64_1.1.100.202309141235/tools/bin/../lib/gcc/arm-none-eabi/11.3.1/../../../../arm-none-eabi/lib/thumb/v7e-m+fp/hard/libc_nano.a(libc_a-reent.o)
                              /opt/st/stm32cubeide_1.14.0/plugins/com.st.stm32cube.ide.mcu.externaltools.gnu-tools-for-stm32.11.3.rel1.linux64_1.1.100.202309141235/tools/bin/../lib/gcc/arm-none-eabi/11.3.1/../../../../arm-none-eabi/lib/thumb/v7e-m+fp/hard/libc_nano.a(libc_a-closer.o) (errno)
/opt/st/stm32cubeide_1.14.0/plugins/com.st.stm32cube.ide.mcu.externaltools.gnu-tools-for-stm32.11.3.rel1.linux64_1.1.100.202309141235/tools/bin/../lib/gcc/arm-none-eabi/11.3.1/../../../../arm-none-eabi/lib/thumb/v7e-m+fp/hard/libc_nano.a(libc_a-impure.o)
                              /opt/st/stm32cubeide_1.14.0/plugins/com.st.stm32cube.ide.mcu.externaltools.gnu-tools-for-stm32.11.3.rel1.linux64_1.1.100.202309141235/tools/bin/../lib/gcc/arm-none-eabi/11.3.1/../../../../arm-none-eabi/lib/thumb/v7e-m+fp/hard/libc_nano.a(libc_a-reent.o) (_impure_ptr)
/opt/st/stm32cubeide_1.14.0/plugins/com.st.stm32cube.ide.mcu.externaltools.gnu-tools-for-stm32.11.3.rel1.linux64_1.1.100.202309141235/tools/bin/../lib/gcc/arm-none-eabi/11.3.1/../../../../arm-none-eabi/lib/thumb/v7e-m+fp/hard/libc_nano.a(libc_a-lseekr.o)
                              /opt/st/stm32cubeide_1.14.0/plugins/com.st.stm32cube.ide.mcu.externaltools.gnu-tools-for-stm32.11.3.rel1.linux64_1.1.100.202309141235/tools/bin/../lib/gcc/arm-none-eabi/11.3.1/../../../../arm-none-eabi/lib/thumb/v7e-m+fp/hard/libc_nano.a(libc_a-stdio.o) (_lseek_r)
[...]
Memory Configuration

Name             Origin             Length             Attributes
RAM              0x0000000020000000 0x0000000000020000 xrw
FLASH            0x0000000008000000 0x0000000000080000 xr
*default*        0x0000000000000000 0xffffffffffffffff

Linker script and memory map

LOAD /opt/st/stm32cubeide_1.14.0/plugins/com.st.stm32cube.ide.mcu.externaltools.gnu-tools-for-stm32.11.3.rel1.linux64_1.1.100.202309141235/tools/bin/../lib/gcc/arm-none-eabi/11.3.1/thumb/v7e-m+fp/hard/crti.o
LOAD /opt/st/stm32cubeide_1.14.0/plugins/com.st.stm32cube.ide.mcu.externaltools.gnu-tools-for-stm32.11.3.rel1.linux64_1.1.100.202309141235/tools/bin/../lib/gcc/arm-none-eabi/11.3.1/thumb/v7e-m+fp/hard/crtbegin.o
LOAD /opt/st/stm32cubeide_1.14.0/plugins/com.st.stm32cube.ide.mcu.externaltools.gnu-tools-for-stm32.11.3.rel1.linux64_1.1.100.202309141235/tools/bin/../lib/gcc/arm-none-eabi/11.3.1/../../../../arm-none-eabi/lib/thumb/v7e-m+fp/hard/crt0.o
LOAD ./Core/Src/Drivers/bmi088.o
LOAD ./Core/Src/fdcan.o
LOAD ./Core/Src/gpio.o
LOAD ./Core/Src/i2c.o
LOAD ./Core/Src/main.o
LOAD ./Core/Src/spi.o
LOAD ./Core/Src/stm32g4xx_hal_msp.o
LOAD ./Core/Src/stm32g4xx_it.o
LOAD ./Core/Src/syscalls.o
LOAD ./Core/Src/sysmem.o
LOAD ./Core/Src/system_stm32g4xx.o
LOAD ./Core/Src/usart.o
LOAD ./Core/Src/usb.o
LOAD ./Core/Startup/startup_stm32g474cetx.o
LOAD ./Drivers/STM32G4xx_HAL_Driver/Src/stm32g4xx_hal.o
LOAD ./Drivers/STM32G4xx_HAL_Driver/Src/stm32g4xx_hal_cortex.o
LOAD ./Drivers/STM32G4xx_HAL_Driver/Src/stm32g4xx_hal_dma.o
LOAD ./Drivers/STM32G4xx_HAL_Driver/Src/stm32g4xx_hal_dma_ex.o
LOAD ./Drivers/STM32G4xx_HAL_Driver/Src/stm32g4xx_hal_exti.o
LOAD ./Drivers/STM32G4xx_HAL_Driver/Src/stm32g4xx_hal_fdcan.o
LOAD ./Drivers/STM32G4xx_HAL_Driver/Src/stm32g4xx_hal_flash.o
LOAD ./Drivers/STM32G4xx_HAL_Driver/Src/stm32g4xx_hal_flash_ex.o
LOAD ./Drivers/STM32G4xx_HAL_Driver/Src/stm32g4xx_hal_flash_ramfunc.o
LOAD ./Drivers/STM32G4xx_HAL_Driver/Src/stm32g4xx_hal_gpio.o
LOAD ./Drivers/STM32G4xx_HAL_Driver/Src/stm32g4xx_hal_i2c.o
LOAD ./Drivers/STM32G4xx_HAL_Driver/Src/stm32g4xx_hal_i2c_ex.o
LOAD ./Drivers/STM32G4xx_HAL_Driver/Src/stm32g4xx_hal_pcd.o
LOAD ./Drivers/STM32G4xx_HAL_Driver/Src/stm32g4xx_hal_pcd_ex.o
LOAD ./Drivers/STM32G4xx_HAL_Driver/Src/stm32g4xx_hal_pwr.o
LOAD ./Drivers/STM32G4xx_HAL_Driver/Src/stm32g4xx_hal_pwr_ex.o
LOAD ./Drivers/STM32G4xx_HAL_Driver/Src/stm32g4xx_hal_rcc.o
LOAD ./Drivers/STM32G4xx_HAL_Driver/Src/stm32g4xx_hal_rcc_ex.o
LOAD ./Drivers/STM32G4xx_HAL_Driver/Src/stm32g4xx_hal_spi.o
LOAD ./Drivers/STM32G4xx_HAL_Driver/Src/stm32g4xx_hal_spi_ex.o
LOAD ./Drivers/STM32G4xx_HAL_Driver/Src/stm32g4xx_hal_tim.o
LOAD ./Drivers/STM32G4xx_HAL_Driver/Src/stm32g4xx_hal_tim_ex.o
LOAD ./Drivers/STM32G4xx_HAL_Driver/Src/stm32g4xx_hal_uart.o
LOAD ./Drivers/STM32G4xx_HAL_Driver/Src/stm32g4xx_hal_uart_ex.o
LOAD ./Drivers/STM32G4xx_HAL_Driver/Src/stm32g4xx_ll_usb.o
START GROUP
LOAD /opt/st/stm32cubeide_1.14.0/plugins/com.st.stm32cube.ide.mcu.externaltools.gnu-tools-for-stm32.11.3.rel1.linux64_1.1.100.202309141235/tools/bin/../lib/gcc/arm-none-eabi/11.3.1/../../../../arm-none-eabi/lib/thumb/v7e-m+fp/hard/libc_nano.a
LOAD /opt/st/stm32cubeide_1.14.0/plugins/com.st.stm32cube.ide.mcu.externaltools.gnu-tools-for-stm32.11.3.rel1.linux64_1.1.100.202309141235/tools/bin/../lib/gcc/arm-none-eabi/11.3.1/../../../../arm-none-eabi/lib/thumb/v7e-m+fp/hard/libm.a
END GROUP
START GROUP
LOAD /opt/st/stm32cubeide_1.14.0/plugins/com.st.stm32cube.ide.mcu.externaltools.gnu-tools-for-stm32.11.3.rel1.linux64_1.1.100.202309141235/tools/bin/../lib/gcc/arm-none-eabi/11.3.1/thumb/v7e-m+fp/hard/libgcc.a
LOAD /opt/st/stm32cubeide_1.14.0/plugins/com.st.stm32cube.ide.mcu.externaltools.gnu-tools-for-stm32.11.3.rel1.linux64_1.1.100.202309141235/tools/bin/../lib/gcc/arm-none-eabi/11.3.1/../../../../arm-none-eabi/lib/thumb/v7e-m+fp/hard/libc_nano.a
END GROUP
START GROUP
LOAD /opt/st/stm32cubeide_1.14.0/plugins/com.st.stm32cube.ide.mcu.externaltools.gnu-tools-for-stm32.11.3.rel1.linux64_1.1.100.202309141235/tools/bin/../lib/gcc/arm-none-eabi/11.3.1/thumb/v7e-m+fp/hard/libgcc.a
LOAD /opt/st/stm32cubeide_1.14.0/plugins/com.st.stm32cube.ide.mcu.externaltools.gnu-tools-for-stm32.11.3.rel1.linux64_1.1.100.202309141235/tools/bin/../lib/gcc/arm-none-eabi/11.3.1/../../../../arm-none-eabi/lib/thumb/v7e-m+fp/hard/libc_nano.a
LOAD /opt/st/stm32cubeide_1.14.0/plugins/com.st.stm32cube.ide.mcu.externaltools.gnu-tools-for-stm32.11.3.rel1.linux64_1.1.100.202309141235/tools/bin/../lib/gcc/arm-none-eabi/11.3.1/../../../../arm-none-eabi/lib/thumb/v7e-m+fp/hard/libnosys.a
END GROUP
START GROUP
LOAD /opt/st/stm32cubeide_1.14.0/plugins/com.st.stm32cube.ide.mcu.externaltools.gnu-tools-for-stm32.11.3.rel1.linux64_1.1.100.202309141235/tools/bin/../lib/gcc/arm-none-eabi/11.3.1/thumb/v7e-m+fp/hard/libgcc.a
LOAD /opt/st/stm32cubeide_1.14.0/plugins/com.st.stm32cube.ide.mcu.externaltools.gnu-tools-for-stm32.11.3.rel1.linux64_1.1.100.202309141235/tools/bin/../lib/gcc/arm-none-eabi/11.3.1/../../../../arm-none-eabi/lib/thumb/v7e-m+fp/hard/libc_nano.a
LOAD /opt/st/stm32cubeide_1.14.0/plugins/com.st.stm32cube.ide.mcu.externaltools.gnu-tools-for-stm32.11.3.rel1.linux64_1.1.100.202309141235/tools/bin/../lib/gcc/arm-none-eabi/11.3.1/../../../../arm-none-eabi/lib/thumb/v7e-m+fp/hard/libnosys.a
END GROUP
LOAD /opt/st/stm32cubeide_1.14.0/plugins/com.st.stm32cube.ide.mcu.externaltools.gnu-tools-for-stm32.11.3.rel1.linux64_1.1.100.202309141235/tools/bin/../lib/gcc/arm-none-eabi/11.3.1/thumb/v7e-m+fp/hard/crtend.o
LOAD /opt/st/stm32cubeide_1.14.0/plugins/com.st.stm32cube.ide.mcu.externaltools.gnu-tools-for-stm32.11.3.rel1.linux64_1.1.100.202309141235/tools/bin/../lib/gcc/arm-none-eabi/11.3.1/thumb/v7e-m+fp/hard/crtn.o
                0x0000000020020000                _estack = (ORIGIN (RAM) + LENGTH (RAM))
                0x0000000000000200                _Min_Heap_Size = 0x200
                0x0000000000000400                _Min_Stack_Size = 0x400

.isr_vector     0x0000000008000000      0x1d8
                0x0000000008000000                . = ALIGN (0x4)
 *(.isr_vector)
 .isr_vector    0x0000000008000000      0x1d8 ./Core/Startup/startup_stm32g474cetx.o
                0x0000000008000000                g_pfnVectors
                0x00000000080001d8                . = ALIGN (0x4)

.text           0x00000000080001d8     0x3ab8
                0x00000000080001d8                . = ALIGN (0x4)
 *(.text)
 .text          0x00000000080001d8       0x40 /opt/st/stm32cubeide_1.14.0/plugins/com.st.stm32cube.ide.mcu.externaltools.gnu-tools-for-stm32.11.3.rel1.linux64_1.1.100.202309141235/tools/bin/../lib/gcc/arm-none-eabi/11.3.1/thumb/v7e-m+fp/hard/crtbegin.o
 .text          0x0000000008000218       0x30 /opt/st/stm32cubeide_1.14.0/plugins/com.st.stm32cube.ide.mcu.externaltools.gnu-tools-for-stm32.11.3.rel1.linux64_1.1.100.202309141235/tools/bin/../lib/gcc/arm-none-eabi/11.3.1/thumb/v7e-m+fp/hard/libgcc.a(_aeabi_uldivmod.o)
                0x0000000008000218                __aeabi_uldivmod
 .text          0x0000000008000248      0x2c8 /opt/st/stm32cubeide_1.14.0/plugins/com.st.stm32cube.ide.mcu.externaltools.gnu-tools-for-stm32.11.3.rel1.linux64_1.1.100.202309141235/tools/bin/../lib/gcc/arm-none-eabi/11.3.1/thumb/v7e-m+fp/hard/libgcc.a(_udivmoddi4.o)
                0x0000000008000248                __udivmoddi4
 .text          0x0000000008000510        0x4 /opt/st/stm32cubeide_1.14.0/plugins/com.st.stm32cube.ide.mcu.externaltools.gnu-tools-for-stm32.11.3.rel1.linux64_1.1.100.202309141235/tools/bin/../lib/gcc/arm-none-eabi/11.3.1/thumb/v7e-m+fp/hard/libgcc.a(_dvmd_tls.o)
                0x0000000008000510                __aeabi_ldiv0
                0x0000000008000510                __aeabi_idiv0
 *(.text*)
 .text.MX_FDCAN1_Init
                0x0000000008000514       0x8c ./Core/Src/fdcan.o
                0x0000000008000514                MX_FDCAN1_Init
 .text.MX_FDCAN2_Init
                0x00000000080005a0       0x8c ./Core/Src/fdcan.o
                0x00000000080005a0                MX_FDCAN2_Init
 .text.HAL_FDCAN_MspInit
                0x000000000800062c      0x160 ./Core/Src/fdcan.o
                0x000000000800062c                HAL_FDCAN_MspInit
 .text.MX_GPIO_Init
                0x000000000800078c      0x15c ./Core/Src/gpio.o
                0x000000000800078c                MX_GPIO_Init
 .text.MX_I2C2_Init
                0x00000000080008e8       0x80 ./Core/Src/i2c.o
                0x00000000080008e8                MX_I2C2_Init
 .text.HAL_I2C_MspInit
                0x0000000008000968       0xb0 ./Core/Src/i2c.o
                0x0000000008000968                HAL_I2C_MspInit
 .text.main     0x0000000008000a18       0x54 ./Core/Src/main.o
                0x0000000008000a18                main
 .text.SystemClock_Config
                0x0000000008000a6c       0x96 ./Core/Src/main.o
                0x0000000008000a6c                SystemClock_Config
 .text.Error_Handler
                0x0000000008000b02        0xa ./Core/Src/main.o
                0x0000000008000b02                Error_Handler
 .text.MX_SPI1_Init
                0x0000000008000b0c       0x7c ./Core/Src/spi.o
                0x0000000008000b0c                MX_SPI1_Init
 .text.HAL_SPI_MspInit
                0x0000000008000b88       0x84 ./Core/Src/spi.o
                0x0000000008000b88                HAL_SPI_MspInit
 .text.HAL_MspInit
                0x0000000008000c0c       0x48 ./Core/Src/stm32g4xx_hal_msp.o
                0x0000000008000c0c                HAL_MspInit
 .text.NMI_Handler
                0x0000000008000c54        0x6 ./Core/Src/stm32g4xx_it.o
                0x0000000008000c54                NMI_Handler
 .text.HardFault_Handler
                0x0000000008000c5a        0x6 ./Core/Src/stm32g4xx_it.o
                0x0000000008000c5a                HardFault_Handler
 .text.MemManage_Handler
                0x0000000008000c60        0x6 ./Core/Src/stm32g4xx_it.o
                0x0000000008000c60                MemManage_Handler
 .text.BusFault_Handler
                0x0000000008000c66        0x6 ./Core/Src/stm32g4xx_it.o
                0x0000000008000c66                BusFault_Handler
 .text.UsageFault_Handler
                0x0000000008000c6c        0x6 ./Core/Src/stm32g4xx_it.o
                0x0000000008000c6c                UsageFault_Handler
 .text.SVC_Handler
                0x0000000008000c72        0xe ./Core/Src/stm32g4xx_it.o
                0x0000000008000c72                SVC_Handler
 .text.DebugMon_Handler
                0x0000000008000c80        0xe ./Core/Src/stm32g4xx_it.o
                0x0000000008000c80                DebugMon_Handler
 .text.PendSV_Handler
                0x0000000008000c8e        0xe ./Core/Src/stm32g4xx_it.o
                0x0000000008000c8e                PendSV_Handler
 .text.SysTick_Handler
                0x0000000008000c9c        0xc ./Core/Src/stm32g4xx_it.o
                0x0000000008000c9c                SysTick_Handler
 .text.SystemInit
                0x0000000008000ca8       0x24 ./Core/Src/system_stm32g4xx.o
                0x0000000008000ca8                SystemInit
 .text.MX_USART2_UART_Init
                0x0000000008000ccc       0x98 ./Core/Src/usart.o
                0x0000000008000ccc                MX_USART2_UART_Init
 .text.HAL_UART_MspInit
                0x0000000008000d64       0xb0 ./Core/Src/usart.o
                0x0000000008000d64                HAL_UART_MspInit
 .text.MX_USB_PCD_Init
                0x0000000008000e14       0x50 ./Core/Src/usb.o
                0x0000000008000e14                MX_USB_PCD_Init
 .text.HAL_PCD_MspInit
                0x0000000008000e64       0x68 ./Core/Src/usb.o
                0x0000000008000e64                HAL_PCD_MspInit
 .text.Reset_Handler
                0x0000000008000ecc       0x50 ./Core/Startup/startup_stm32g474cetx.o
                0x0000000008000ecc                Reset_Handler
 .text.Default_Handler
                0x0000000008000f1c        0x2 ./Core/Startup/startup_stm32g474cetx.o
                0x0000000008000f1c                RTC_Alarm_IRQHandler
                0x0000000008000f1c                EXTI2_IRQHandler
                0x0000000008000f1c                TIM8_TRG_COM_IRQHandler
                0x0000000008000f1c                TIM8_CC_IRQHandler
                0x0000000008000f1c                HRTIM1_Master_IRQHandler
                0x0000000008000f1c                SPI4_IRQHandler
                0x0000000008000f1c                FDCAN3_IT0_IRQHandler
                0x0000000008000f1c                TIM1_CC_IRQHandler
                0x0000000008000f1c                HRTIM1_FLT_IRQHandler
                0x0000000008000f1c                HRTIM1_TIMF_IRQHandler
                0x0000000008000f1c                USB_HP_IRQHandler
                0x0000000008000f1c                CORDIC_IRQHandler
                0x0000000008000f1c                HRTIM1_TIMD_IRQHandler
                0x0000000008000f1c                DMA2_Channel8_IRQHandler
                0x0000000008000f1c                EXTI3_IRQHandler
                0x0000000008000f1c                I2C3_ER_IRQHandler
                0x0000000008000f1c                EXTI0_IRQHandler
                0x0000000008000f1c                I2C2_EV_IRQHandler
                0x0000000008000f1c                FPU_IRQHandler
                0x0000000008000f1c                FDCAN1_IT1_IRQHandler
                0x0000000008000f1c                TIM1_UP_TIM16_IRQHandler
                0x0000000008000f1c                ADC1_2_IRQHandler
                0x0000000008000f1c                HRTIM1_TIME_IRQHandler
                0x0000000008000f1c                SPI1_IRQHandler
                0x0000000008000f1c                TIM6_DAC_IRQHandler
                0x0000000008000f1c                HRTIM1_TIMC_IRQHandler
                0x0000000008000f1c                TIM8_UP_IRQHandler
                0x0000000008000f1c                DMA2_Channel2_IRQHandler
                0x0000000008000f1c                DMA1_Channel4_IRQHandler
                0x0000000008000f1c                TIM20_TRG_COM_IRQHandler
                0x0000000008000f1c                USART3_IRQHandler
                0x0000000008000f1c                DMA1_Channel7_IRQHandler
                0x0000000008000f1c                UART5_IRQHandler
                0x0000000008000f1c                ADC3_IRQHandler
                0x0000000008000f1c                TIM4_IRQHandler
                0x0000000008000f1c                DMA2_Channel1_IRQHandler
                0x0000000008000f1c                QUADSPI_IRQHandler
                0x0000000008000f1c                I2C1_EV_IRQHandler
                0x0000000008000f1c                DMA1_Channel6_IRQHandler
                0x0000000008000f1c                UART4_IRQHandler
                0x0000000008000f1c                DMA2_Channel4_IRQHandler
                0x0000000008000f1c                TIM3_IRQHandler
                0x0000000008000f1c                RCC_IRQHandler
                0x0000000008000f1c                TIM20_UP_IRQHandler
                0x0000000008000f1c                DMA1_Channel1_IRQHandler
                0x0000000008000f1c                Default_Handler
                0x0000000008000f1c                DMA2_Channel7_IRQHandler
                0x0000000008000f1c                RTC_TAMP_LSECSS_IRQHandler
                0x0000000008000f1c                FMAC_IRQHandler
                0x0000000008000f1c                EXTI15_10_IRQHandler
                0x0000000008000f1c                DMA1_Channel8_IRQHandler
                0x0000000008000f1c                HRTIM1_TIMA_IRQHandler
                0x0000000008000f1c                TIM7_DAC_IRQHandler
                0x0000000008000f1c                FDCAN3_IT1_IRQHandler
                0x0000000008000f1c                TIM5_IRQHandler
                0x0000000008000f1c                UCPD1_IRQHandler
                0x0000000008000f1c                I2C3_EV_IRQHandler
                0x0000000008000f1c                EXTI9_5_IRQHandler
                0x0000000008000f1c                RTC_WKUP_IRQHandler
                0x0000000008000f1c                PVD_PVM_IRQHandler
                0x0000000008000f1c                SPI2_IRQHandler
                0x0000000008000f1c                ADC5_IRQHandler
                0x0000000008000f1c                DMA2_Channel5_IRQHandler
                0x0000000008000f1c                CRS_IRQHandler
                0x0000000008000f1c                DMA1_Channel5_IRQHandler
                0x0000000008000f1c                USB_LP_IRQHandler
                0x0000000008000f1c                EXTI4_IRQHandler
                0x0000000008000f1c                RNG_IRQHandler
                0x0000000008000f1c                HRTIM1_TIMB_IRQHandler
                0x0000000008000f1c                TIM1_TRG_COM_TIM17_IRQHandler
                0x0000000008000f1c                FDCAN2_IT1_IRQHandler
                0x0000000008000f1c                DMA1_Channel3_IRQHandler
                0x0000000008000f1c                ADC4_IRQHandler
                0x0000000008000f1c                WWDG_IRQHandler
                0x0000000008000f1c                I2C4_EV_IRQHandler
                0x0000000008000f1c                FDCAN2_IT0_IRQHandler
                0x0000000008000f1c                LPUART1_IRQHandler
                0x0000000008000f1c                DMA2_Channel6_IRQHandler
                0x0000000008000f1c                FDCAN1_IT0_IRQHandler
                0x0000000008000f1c                TIM2_IRQHandler
                0x0000000008000f1c                COMP7_IRQHandler
                0x0000000008000f1c                COMP1_2_3_IRQHandler
                0x0000000008000f1c                EXTI1_IRQHandler
                0x0000000008000f1c                USART2_IRQHandler
                0x0000000008000f1c                COMP4_5_6_IRQHandler
                0x0000000008000f1c                TIM20_BRK_IRQHandler
                0x0000000008000f1c                I2C2_ER_IRQHandler
                0x0000000008000f1c                DMA1_Channel2_IRQHandler
                0x0000000008000f1c                TIM8_BRK_IRQHandler
                0x0000000008000f1c                FLASH_IRQHandler
                0x0000000008000f1c                TIM20_CC_IRQHandler
                0x0000000008000f1c                USART1_IRQHandler
                0x0000000008000f1c                SPI3_IRQHandler
                0x0000000008000f1c                I2C1_ER_IRQHandler
                0x0000000008000f1c                FMC_IRQHandler
                0x0000000008000f1c                LPTIM1_IRQHandler
                0x0000000008000f1c                DMAMUX_OVR_IRQHandler
                0x0000000008000f1c                I2C4_ER_IRQHandler
                0x0000000008000f1c                USBWakeUp_IRQHandler
                0x0000000008000f1c                SAI1_IRQHandler
                0x0000000008000f1c                DMA2_Channel3_IRQHandler
                0x0000000008000f1c                TIM1_BRK_TIM15_IRQHandler
 .text.HAL_Init
                0x0000000008000f1e       0x30 ./Drivers/STM32G4xx_HAL_Driver/Src/stm32g4xx_hal.o
                0x0000000008000f1e                HAL_Init
 *fill*         0x0000000008000f4e        0x2 
 .text.HAL_InitTick
                0x0000000008000f50       0x74 ./Drivers/STM32G4xx_HAL_Driver/Src/stm32g4xx_hal.o
                0x0000000008000f50                HAL_InitTick
 .text.HAL_IncTick
                0x0000000008000fc4       0x24 ./Drivers/STM32G4xx_HAL_Driver/Src/stm32g4xx_hal.o
                0x0000000008000fc4                HAL_IncTick
 .text.HAL_GetTick
                0x0000000008000fe8       0x18 ./Drivers/STM32G4xx_HAL_Driver/Src/stm32g4xx_hal.o
                0x0000000008000fe8                HAL_GetTick
 .text.HAL_Delay
                0x0000000008001000       0x44 ./Drivers/STM32G4xx_HAL_Driver/Src/stm32g4xx_hal.o
                0x0000000008001000                HAL_Delay
 .text.__NVIC_SetPriorityGrouping
                0x0000000008001044       0x48 ./Drivers/STM32G4xx_HAL_Driver/Src/stm32g4xx_hal_cortex.o
 .text.__NVIC_GetPriorityGrouping
                0x000000000800108c       0x1c ./Drivers/STM32G4xx_HAL_Driver/Src/stm32g4xx_hal_cortex.o
 .text.__NVIC_SetPriority
                0x00000000080010a8       0x54 ./Drivers/STM32G4xx_HAL_Driver/Src/stm32g4xx_hal_cortex.o
 .text.NVIC_EncodePriority
                0x00000000080010fc       0x66 ./Drivers/STM32G4xx_HAL_Driver/Src/stm32g4xx_hal_cortex.o
 *fill*         0x0000000008001162        0x2 
 .text.SysTick_Config
                0x0000000008001164       0x44 ./Drivers/STM32G4xx_HAL_Driver/Src/stm32g4xx_hal_cortex.o
 .text.HAL_NVIC_SetPriorityGrouping
                0x00000000080011a8       0x16 ./Drivers/STM32G4xx_HAL_Driver/Src/stm32g4xx_hal_cortex.o
                0x00000000080011a8                HAL_NVIC_SetPriorityGrouping
 .text.HAL_NVIC_SetPriority
                0x00000000080011be       0x34 ./Drivers/STM32G4xx_HAL_Driver/Src/stm32g4xx_hal_cortex.o
                0x00000000080011be                HAL_NVIC_SetPriority
 .text.HAL_SYSTICK_Config
                0x00000000080011f2       0x18 ./Drivers/STM32G4xx_HAL_Driver/Src/stm32g4xx_hal_cortex.o
                0x00000000080011f2                HAL_SYSTICK_Config
 *fill*         0x000000000800120a        0x2 
 .text.HAL_FDCAN_Init
                0x000000000800120c      0x2b4 ./Drivers/STM32G4xx_HAL_Driver/Src/stm32g4xx_hal_fdcan.o
                0x000000000800120c                HAL_FDCAN_Init
 .text.FDCAN_CalcultateRamBlockAddresses
                0x00000000080014c0       0xd8 ./Drivers/STM32G4xx_HAL_Driver/Src/stm32g4xx_hal_fdcan.o
 .text.HAL_GPIO_Init
                0x0000000008001598      0x304 ./Drivers/STM32G4xx_HAL_Driver/Src/stm32g4xx_hal_gpio.o
                0x0000000008001598                HAL_GPIO_Init
 .text.HAL_GPIO_WritePin
                0x000000000800189c       0x30 ./Drivers/STM32G4xx_HAL_Driver/Src/stm32g4xx_hal_gpio.o
                0x000000000800189c                HAL_GPIO_WritePin
 .text.HAL_I2C_Init
                0x00000000080018cc      0x136 ./Drivers/STM32G4xx_HAL_Driver/Src/stm32g4xx_hal_i2c.o
                0x00000000080018cc                HAL_I2C_Init
 .text.HAL_I2CEx_ConfigAnalogFilter
                0x0000000008001a02       0x96 ./Drivers/STM32G4xx_HAL_Driver/Src/stm32g4xx_hal_i2c_ex.o
                0x0000000008001a02                HAL_I2CEx_ConfigAnalogFilter
 .text.HAL_I2CEx_ConfigDigitalFilter
                0x0000000008001a98       0x98 ./Drivers/STM32G4xx_HAL_Driver/Src/stm32g4xx_hal_i2c_ex.o
                0x0000000008001a98                HAL_I2CEx_ConfigDigitalFilter
 .text.HAL_PCD_Init
                0x0000000008001b30      0x19c ./Drivers/STM32G4xx_HAL_Driver/Src/stm32g4xx_hal_pcd.o
                0x0000000008001b30                HAL_PCD_Init
 .text.HAL_PCDEx_ActivateLPM
                0x0000000008001ccc       0x54 ./Drivers/STM32G4xx_HAL_Driver/Src/stm32g4xx_hal_pcd_ex.o
                0x0000000008001ccc                HAL_PCDEx_ActivateLPM
 .text.HAL_PWREx_ControlVoltageScaling
                0x0000000008001d20      0x148 ./Drivers/STM32G4xx_HAL_Driver/Src/stm32g4xx_hal_pwr_ex.o
                0x0000000008001d20                HAL_PWREx_ControlVoltageScaling
 .text.HAL_PWREx_DisableUCPDDeadBattery
                0x0000000008001e68       0x20 ./Drivers/STM32G4xx_HAL_Driver/Src/stm32g4xx_hal_pwr_ex.o
                0x0000000008001e68                HAL_PWREx_DisableUCPDDeadBattery
 .text.HAL_RCC_OscConfig
                0x0000000008001e88      0x624 ./Drivers/STM32G4xx_HAL_Driver/Src/stm32g4xx_hal_rcc.o
                0x0000000008001e88                HAL_RCC_OscConfig
 .text.HAL_RCC_ClockConfig
                0x00000000080024ac      0x278 ./Drivers/STM32G4xx_HAL_Driver/Src/stm32g4xx_hal_rcc.o
                0x00000000080024ac                HAL_RCC_ClockConfig
 .text.HAL_RCC_GetSysClockFreq
                0x0000000008002724       0xc0 ./Drivers/STM32G4xx_HAL_Driver/Src/stm32g4xx_hal_rcc.o
                0x0000000008002724                HAL_RCC_GetSysClockFreq
 .text.HAL_RCC_GetHCLKFreq
                0x00000000080027e4       0x18 ./Drivers/STM32G4xx_HAL_Driver/Src/stm32g4xx_hal_rcc.o
                0x00000000080027e4                HAL_RCC_GetHCLKFreq
 .text.HAL_RCC_GetPCLK1Freq
                0x00000000080027fc       0x2c ./Drivers/STM32G4xx_HAL_Driver/Src/stm32g4xx_hal_rcc.o
                0x00000000080027fc                HAL_RCC_GetPCLK1Freq
 .text.HAL_RCC_GetPCLK2Freq
                0x0000000008002828       0x2c ./Drivers/STM32G4xx_HAL_Driver/Src/stm32g4xx_hal_rcc.o
                0x0000000008002828                HAL_RCC_GetPCLK2Freq
 .text.RCC_GetSysClockFreqFromPLLSource
                0x0000000008002854       0x88 ./Drivers/STM32G4xx_HAL_Driver/Src/stm32g4xx_hal_rcc.o
 .text.HAL_RCCEx_PeriphCLKConfig
                0x00000000080028dc      0x49c ./Drivers/STM32G4xx_HAL_Driver/Src/stm32g4xx_hal_rcc_ex.o
                0x00000000080028dc                HAL_RCCEx_PeriphCLKConfig
 .text.HAL_SPI_Init
                0x0000000008002d78      0x156 ./Drivers/STM32G4xx_HAL_Driver/Src/stm32g4xx_hal_spi.o
                0x0000000008002d78                HAL_SPI_Init
 .text.HAL_UART_Init
                0x0000000008002ece       0xa0 ./Drivers/STM32G4xx_HAL_Driver/Src/stm32g4xx_hal_uart.o
                0x0000000008002ece                HAL_UART_Init
 *fill*         0x0000000008002f6e        0x2 
 .text.UART_SetConfig
                0x0000000008002f70      0x5f8 ./Drivers/STM32G4xx_HAL_Driver/Src/stm32g4xx_hal_uart.o
                0x0000000008002f70                UART_SetConfig
 .text.UART_AdvFeatureConfig
                0x0000000008003568      0x144 ./Drivers/STM32G4xx_HAL_Driver/Src/stm32g4xx_hal_uart.o
                0x0000000008003568                UART_AdvFeatureConfig
 .text.UART_CheckIdleState
                0x00000000080036ac      0x154 ./Drivers/STM32G4xx_HAL_Driver/Src/stm32g4xx_hal_uart.o
                0x00000000080036ac                UART_CheckIdleState
 .text.UART_WaitOnFlagUntilTimeout
                0x0000000008003800       0xda ./Drivers/STM32G4xx_HAL_Driver/Src/stm32g4xx_hal_uart.o
                0x0000000008003800                UART_WaitOnFlagUntilTimeout
 .text.UART_EndRxTransfer
                0x00000000080038da       0xcc ./Drivers/STM32G4xx_HAL_Driver/Src/stm32g4xx_hal_uart.o
 .text.HAL_UARTEx_DisableFifoMode
                0x00000000080039a6       0x72 ./Drivers/STM32G4xx_HAL_Driver/Src/stm32g4xx_hal_uart_ex.o
                0x00000000080039a6                HAL_UARTEx_DisableFifoMode
 .text.HAL_UARTEx_SetTxFifoThreshold
                0x0000000008003a18       0x7c ./Drivers/STM32G4xx_HAL_Driver/Src/stm32g4xx_hal_uart_ex.o
                0x0000000008003a18                HAL_UARTEx_SetTxFifoThreshold
 .text.HAL_UARTEx_SetRxFifoThreshold
                0x0000000008003a94       0x7c ./Drivers/STM32G4xx_HAL_Driver/Src/stm32g4xx_hal_uart_ex.o
                0x0000000008003a94                HAL_UARTEx_SetRxFifoThreshold
 .text.UARTEx_SetNbDataToProcess
                0x0000000008003b10       0x9c ./Drivers/STM32G4xx_HAL_Driver/Src/stm32g4xx_hal_uart_ex.o
 .text.USB_DisableGlobalInt
                0x0000000008003bac       0x36 ./Drivers/STM32G4xx_HAL_Driver/Src/stm32g4xx_ll_usb.o
                0x0000000008003bac                USB_DisableGlobalInt
 .text.USB_DevInit
                0x0000000008003be2       0x3c ./Drivers/STM32G4xx_HAL_Driver/Src/stm32g4xx_ll_usb.o
                0x0000000008003be2                USB_DevInit
 .text.memset   0x0000000008003c1e       0x10 /opt/st/stm32cubeide_1.14.0/plugins/com.st.stm32cube.ide.mcu.externaltools.gnu-tools-for-stm32.11.3.rel1.linux64_1.1.100.202309141235/tools/bin/../lib/gcc/arm-none-eabi/11.3.1/../../../../arm-none-eabi/lib/thumb/v7e-m+fp/hard/libc_nano.a(libc_a-memset.o)
                0x0000000008003c1e                memset
 *fill*         0x0000000008003c2e        0x2 
 .text.__libc_init_array
                0x0000000008003c30       0x48 /opt/st/stm32cubeide_1.14.0/plugins/com.st.stm32cube.ide.mcu.externaltools.gnu-tools-for-stm32.11.3.rel1.linux64_1.1.100.202309141235/tools/bin/../lib/gcc/arm-none-eabi/11.3.1/../../../../arm-none-eabi/lib/thumb/v7e-m+fp/hard/libc_nano.a(libc_a-init.o)
                0x0000000008003c30                __libc_init_array
 *(.glue_7)
 .glue_7        0x0000000008003c78        0x0 linker stubs
 *(.glue_7t)
 .glue_7t       0x0000000008003c78        0x0 linker stubs
 *(.eh_frame)
 .eh_frame      0x0000000008003c78        0x0 /opt/st/stm32cubeide_1.14.0/plugins/com.st.stm32cube.ide.mcu.externaltools.gnu-tools-for-stm32.11.3.rel1.linux64_1.1.100.202309141235/tools/bin/../lib/gcc/arm-none-eabi/11.3.1/thumb/v7e-m+fp/hard/crtbegin.o
 *(.init)
 .init          0x0000000008003c78        0x4 /opt/st/stm32cubeide_1.14.0/plugins/com.st.stm32cube.ide.mcu.externaltools.gnu-tools-for-stm32.11.3.rel1.linux64_1.1.100.202309141235/tools/bin/../lib/gcc/arm-none-eabi/11.3.1/thumb/v7e-m+fp/hard/crti.o
                0x0000000008003c78                _init
 .init          0x0000000008003c7c        0x8 /opt/st/stm32cubeide_1.14.0/plugins/com.st.stm32cube.ide.mcu.externaltools.gnu-tools-for-stm32.11.3.rel1.linux64_1.1.100.202309141235/tools/bin/../lib/gcc/arm-none-eabi/11.3.1/thumb/v7e-m+fp/hard/crtn.o
 *(.fini)
 .fini          0x0000000008003c84        0x4 /opt/st/stm32cubeide_1.14.0/plugins/com.st.stm32cube.ide.mcu.externaltools.gnu-tools-for-stm32.11.3.rel1.linux64_1.1.100.202309141235/tools/bin/../lib/gcc/arm-none-eabi/11.3.1/thumb/v7e-m+fp/hard/crti.o
                0x0000000008003c84                _fini
 .fini          0x0000000008003c88        0x8 /opt/st/stm32cubeide_1.14.0/plugins/com.st.stm32cube.ide.mcu.externaltools.gnu-tools-for-stm32.11.3.rel1.linux64_1.1.100.202309141235/tools/bin/../lib/gcc/arm-none-eabi/11.3.1/thumb/v7e-m+fp/hard/crtn.o
                0x0000000008003c90                . = ALIGN (0x4)
                0x0000000008003c90                _etext = .

.vfp11_veneer   0x0000000008003c90        0x0
 .vfp11_veneer  0x0000000008003c90        0x0 linker stubs

.v4_bx          0x0000000008003c90        0x0
 .v4_bx         0x0000000008003c90        0x0 linker stubs

.iplt           0x0000000008003c90        0x0
 .iplt          0x0000000008003c90        0x0 /opt/st/stm32cubeide_1.14.0/plugins/com.st.stm32cube.ide.mcu.externaltools.gnu-tools-for-stm32.11.3.rel1.linux64_1.1.100.202309141235/tools/bin/../lib/gcc/arm-none-eabi/11.3.1/thumb/v7e-m+fp/hard/crtbegin.o

.rodata         0x0000000008003c90       0x40
                0x0000000008003c90                . = ALIGN (0x4)
 *(.rodata)
 *(.rodata*)
 .rodata.AHBPrescTable
                0x0000000008003c90       0x10 ./Core/Src/system_stm32g4xx.o
                0x0000000008003c90                AHBPrescTable
 .rodata.APBPrescTable
                0x0000000008003ca0        0x8 ./Core/Src/system_stm32g4xx.o
                0x0000000008003ca0                APBPrescTable
 .rodata.UARTPrescTable
                0x0000000008003ca8       0x18 ./Drivers/STM32G4xx_HAL_Driver/Src/stm32g4xx_hal_uart.o
                0x0000000008003ca8                UARTPrescTable
 .rodata.numerator.1
                0x0000000008003cc0        0x8 ./Drivers/STM32G4xx_HAL_Driver/Src/stm32g4xx_hal_uart_ex.o
 .rodata.denominator.0
                0x0000000008003cc8        0x8 ./Drivers/STM32G4xx_HAL_Driver/Src/stm32g4xx_hal_uart_ex.o
                0x0000000008003cd0                . = ALIGN (0x4)

.ARM.extab      0x0000000008003cd0        0x0
                0x0000000008003cd0                . = ALIGN (0x4)
 *(.ARM.extab* .gnu.linkonce.armextab.*)
                0x0000000008003cd0                . = ALIGN (0x4)

.ARM            0x0000000008003cd0        0x8
                0x0000000008003cd0                . = ALIGN (0x4)
                0x0000000008003cd0                __exidx_start = .
 *(.ARM.exidx*)
 .ARM.exidx     0x0000000008003cd0        0x8 /opt/st/stm32cubeide_1.14.0/plugins/com.st.stm32cube.ide.mcu.externaltools.gnu-tools-for-stm32.11.3.rel1.linux64_1.1.100.202309141235/tools/bin/../lib/gcc/arm-none-eabi/11.3.1/thumb/v7e-m+fp/hard/libgcc.a(_udivmoddi4.o)
                0x0000000008003cd8                __exidx_end = .
                0x0000000008003cd8                . = ALIGN (0x4)

.rel.dyn        0x0000000008003cd8        0x0
 .rel.iplt      0x0000000008003cd8        0x0 /opt/st/stm32cubeide_1.14.0/plugins/com.st.stm32cube.ide.mcu.externaltools.gnu-tools-for-stm32.11.3.rel1.linux64_1.1.100.202309141235/tools/bin/../lib/gcc/arm-none-eabi/11.3.1/thumb/v7e-m+fp/hard/crtbegin.o

.preinit_array  0x0000000008003cd8        0x0
                0x0000000008003cd8                . = ALIGN (0x4)
                0x0000000008003cd8                PROVIDE (__preinit_array_start = .)
 *(.preinit_array*)
                0x0000000008003cd8                PROVIDE (__preinit_array_end = .)
                0x0000000008003cd8                . = ALIGN (0x4)

.init_array     0x0000000008003cd8        0x4
                0x0000000008003cd8                . = ALIGN (0x4)
                0x0000000008003cd8                PROVIDE (__init_array_start = .)
 *(SORT_BY_NAME(.init_array.*))
 *(.init_array*)
 .init_array    0x0000000008003cd8        0x4 /opt/st/stm32cubeide_1.14.0/plugins/com.st.stm32cube.ide.mcu.externaltools.gnu-tools-for-stm32.11.3.rel1.linux64_1.1.100.202309141235/tools/bin/../lib/gcc/arm-none-eabi/11.3.1/thumb/v7e-m+fp/hard/crtbegin.o
                0x0000000008003cdc                PROVIDE (__init_array_end = .)
                0x0000000008003cdc                . = ALIGN (0x4)

.fini_array     0x0000000008003cdc        0x4
                0x0000000008003cdc                . = ALIGN (0x4)
                [!provide]                        PROVIDE (__fini_array_start = .)
 *(SORT_BY_NAME(.fini_array.*))
 *(.fini_array*)
 .fini_array    0x0000000008003cdc        0x4 /opt/st/stm32cubeide_1.14.0/plugins/com.st.stm32cube.ide.mcu.externaltools.gnu-tools-for-stm32.11.3.rel1.linux64_1.1.100.202309141235/tools/bin/../lib/gcc/arm-none-eabi/11.3.1/thumb/v7e-m+fp/hard/crtbegin.o
                [!provide]                        PROVIDE (__fini_array_end = .)
                0x0000000008003ce0                . = ALIGN (0x4)
                0x0000000008003ce0                _sidata = LOADADDR (.data)

.data           0x0000000020000000        0xc load address 0x0000000008003ce0
                0x0000000020000000                . = ALIGN (0x4)
                0x0000000020000000                _sdata = .
 *(.data)
 *(.data*)
 .data.SystemCoreClock
                0x0000000020000000        0x4 ./Core/Src/system_stm32g4xx.o
                0x0000000020000000                SystemCoreClock
 .data.uwTickPrio
                0x0000000020000004        0x4 ./Drivers/STM32G4xx_HAL_Driver/Src/stm32g4xx_hal.o
                0x0000000020000004                uwTickPrio
 .data.uwTickFreq
                0x0000000020000008        0x4 ./Drivers/STM32G4xx_HAL_Driver/Src/stm32g4xx_hal.o
                0x0000000020000008                uwTickFreq
 *(.RamFunc)
 *(.RamFunc*)
                0x000000002000000c                . = ALIGN (0x4)
                0x000000002000000c                _edata = .

.igot.plt       0x000000002000000c        0x0 load address 0x0000000008003cec
 .igot.plt      0x000000002000000c        0x0 /opt/st/stm32cubeide_1.14.0/plugins/com.st.stm32cube.ide.mcu.externaltools.gnu-tools-for-stm32.11.3.rel1.linux64_1.1.100.202309141235/tools/bin/../lib/gcc/arm-none-eabi/11.3.1/thumb/v7e-m+fp/hard/crtbegin.o
                0x000000002000000c                . = ALIGN (0x4)

.bss            0x000000002000000c      0x514 load address 0x0000000008003cec
                0x000000002000000c                _sbss = .
                0x000000002000000c                __bss_start__ = _sbss
 *(.bss)
 .bss           0x000000002000000c       0x1c /opt/st/stm32cubeide_1.14.0/plugins/com.st.stm32cube.ide.mcu.externaltools.gnu-tools-for-stm32.11.3.rel1.linux64_1.1.100.202309141235/tools/bin/../lib/gcc/arm-none-eabi/11.3.1/thumb/v7e-m+fp/hard/crtbegin.o
 *(.bss*)
 .bss.hfdcan1   0x0000000020000028       0x64 ./Core/Src/fdcan.o
                0x0000000020000028                hfdcan1
 .bss.hfdcan2   0x000000002000008c       0x64 ./Core/Src/fdcan.o
                0x000000002000008c                hfdcan2
 .bss.HAL_RCC_FDCAN_CLK_ENABLED
                0x00000000200000f0        0x4 ./Core/Src/fdcan.o
 .bss.hi2c2     0x00000000200000f4       0x54 ./Core/Src/i2c.o
                0x00000000200000f4                hi2c2
 .bss.hspi1     0x0000000020000148       0x64 ./Core/Src/spi.o
                0x0000000020000148                hspi1
 .bss.huart2    0x00000000200001ac       0x94 ./Core/Src/usart.o
                0x00000000200001ac                huart2
 .bss.hpcd_USB_FS
                0x0000000020000240      0x2dc ./Core/Src/usb.o
                0x0000000020000240                hpcd_USB_FS
 .bss.uwTick    0x000000002000051c        0x4 ./Drivers/STM32G4xx_HAL_Driver/Src/stm32g4xx_hal.o
                0x000000002000051c                uwTick
 *(COMMON)
                0x0000000020000520                . = ALIGN (0x4)
                0x0000000020000520                _ebss = .
                0x0000000020000520                __bss_end__ = _ebss

._user_heap_stack
                0x0000000020000520      0x600 load address 0x0000000008003cec
                0x0000000020000520                . = ALIGN (0x8)
                [!provide]                        PROVIDE (end = .)
                0x0000000020000520                PROVIDE (_end = .)
                0x0000000020000720                . = (. + _Min_Heap_Size)
 *fill*         0x0000000020000520      0x200 
                0x0000000020000b20                . = (. + _Min_Stack_Size)
 *fill*         0x0000000020000720      0x400 
                0x0000000020000b20                . = ALIGN (0x8)

/DISCARD/
 libc.a(*)
 libm.a(*)
 libgcc.a(*)

.ARM.attributes
                0x0000000000000000       0x30
 *(.ARM.attributes)
 .ARM.attributes
                0x0000000000000000       0x1e /opt/st/stm32cubeide_1.14.0/plugins/com.st.stm32cube.ide.mcu.externaltools.gnu-tools-for-stm32.11.3.rel1.linux64_1.1.100.202309141235/tools/bin/../lib/gcc/arm-none-eabi/11.3.1/thumb/v7e-m+fp/hard/crti.o
 .ARM.attributes
                0x000000000000001e       0x34 /opt/st/stm32cubeide_1.14.0/plugins/com.st.stm32cube.ide.mcu.externaltools.gnu-tools-for-stm32.11.3.rel1.linux64_1.1.100.202309141235/tools/bin/../lib/gcc/arm-none-eabi/11.3.1/thumb/v7e-m+fp/hard/crtbegin.o
 .ARM.attributes
                0x0000000000000052       0x34 ./Core/Src/fdcan.o
 .ARM.attributes
                0x0000000000000086       0x34 ./Core/Src/gpio.o
 .ARM.attributes
                0x00000000000000ba       0x34 ./Core/Src/i2c.o
 .ARM.attributes
                0x00000000000000ee       0x34 ./Core/Src/main.o
 .ARM.attributes
                0x0000000000000122       0x34 ./Core/Src/spi.o
 .ARM.attributes
                0x0000000000000156       0x34 ./Core/Src/stm32g4xx_hal_msp.o
 .ARM.attributes
                0x000000000000018a       0x34 ./Core/Src/stm32g4xx_it.o
 .ARM.attributes
                0x00000000000001be       0x34 ./Core/Src/system_stm32g4xx.o
 .ARM.attributes
                0x00000000000001f2       0x34 ./Core/Src/usart.o
 .ARM.attributes
                0x0000000000000226       0x34 ./Core/Src/usb.o
 .ARM.attributes
                0x000000000000025a       0x21 ./Core/Startup/startup_stm32g474cetx.o
 .ARM.attributes
                0x000000000000027b       0x34 ./Drivers/STM32G4xx_HAL_Driver/Src/stm32g4xx_hal.o
 .ARM.attributes
                0x00000000000002af       0x34 ./Drivers/STM32G4xx_HAL_Driver/Src/stm32g4xx_hal_cortex.o
 .ARM.attributes
                0x00000000000002e3       0x34 ./Drivers/STM32G4xx_HAL_Driver/Src/stm32g4xx_hal_fdcan.o
 .ARM.attributes
                0x0000000000000317       0x34 ./Drivers/STM32G4xx_HAL_Driver/Src/stm32g4xx_hal_gpio.o
 .ARM.attributes
                0x000000000000034b       0x34 ./Drivers/STM32G4xx_HAL_Driver/Src/stm32g4xx_hal_i2c.o
 .ARM.attributes
                0x000000000000037f       0x34 ./Drivers/STM32G4xx_HAL_Driver/Src/stm32g4xx_hal_i2c_ex.o
 .ARM.attributes
                0x00000000000003b3       0x34 ./Drivers/STM32G4xx_HAL_Driver/Src/stm32g4xx_hal_pcd.o
 .ARM.attributes
                0x00000000000003e7       0x34 ./Drivers/STM32G4xx_HAL_Driver/Src/stm32g4xx_hal_pcd_ex.o
 .ARM.attributes
                0x000000000000041b       0x34 ./Drivers/STM32G4xx_HAL_Driver/Src/stm32g4xx_hal_pwr_ex.o
 .ARM.attributes
                0x000000000000044f       0x34 ./Drivers/STM32G4xx_HAL_Driver/Src/stm32g4xx_hal_rcc.o
 .ARM.attributes
                0x0000000000000483       0x34 ./Drivers/STM32G4xx_HAL_Driver/Src/stm32g4xx_hal_rcc_ex.o
 .ARM.attributes
                0x00000000000004b7       0x34 ./Drivers/STM32G4xx_HAL_Driver/Src/stm32g4xx_hal_spi.o
 .ARM.attributes
                0x00000000000004eb       0x34 ./Drivers/STM32G4xx_HAL_Driver/Src/stm32g4xx_hal_uart.o
 .ARM.attributes
                0x000000000000051f       0x34 ./Drivers/STM32G4xx_HAL_Driver/Src/stm32g4xx_hal_uart_ex.o
 .ARM.attributes
                0x0000000000000553       0x34 ./Drivers/STM32G4xx_HAL_Driver/Src/stm32g4xx_ll_usb.o
 .ARM.attributes
                0x0000000000000587       0x34 /opt/st/stm32cubeide_1.14.0/plugins/com.st.stm32cube.ide.mcu.externaltools.gnu-tools-for-stm32.11.3.rel1.linux64_1.1.100.202309141235/tools/bin/../lib/gcc/arm-none-eabi/11.3.1/../../../../arm-none-eabi/lib/thumb/v7e-m+fp/hard/libc_nano.a(libc_a-memset.o)
 .ARM.attributes
                0x00000000000005bb       0x34 /opt/st/stm32cubeide_1.14.0/plugins/com.st.stm32cube.ide.mcu.externaltools.gnu-tools-for-stm32.11.3.rel1.linux64_1.1.100.202309141235/tools/bin/../lib/gcc/arm-none-eabi/11.3.1/../../../../arm-none-eabi/lib/thumb/v7e-m+fp/hard/libc_nano.a(libc_a-init.o)
 .ARM.attributes
                0x00000000000005ef       0x1e /opt/st/stm32cubeide_1.14.0/plugins/com.st.stm32cube.ide.mcu.externaltools.gnu-tools-for-stm32.11.3.rel1.linux64_1.1.100.202309141235/tools/bin/../lib/gcc/arm-none-eabi/11.3.1/thumb/v7e-m+fp/hard/libgcc.a(_aeabi_uldivmod.o)
 .ARM.attributes
                0x000000000000060d       0x34 /opt/st/stm32cubeide_1.14.0/plugins/com.st.stm32cube.ide.mcu.externaltools.gnu-tools-for-stm32.11.3.rel1.linux64_1.1.100.202309141235/tools/bin/../lib/gcc/arm-none-eabi/11.3.1/thumb/v7e-m+fp/hard/libgcc.a(_udivmoddi4.o)
 .ARM.attributes
                0x0000000000000641       0x1e /opt/st/stm32cubeide_1.14.0/plugins/com.st.stm32cube.ide.mcu.externaltools.gnu-tools-for-stm32.11.3.rel1.linux64_1.1.100.202309141235/tools/bin/../lib/gcc/arm-none-eabi/11.3.1/thumb/v7e-m+fp/hard/libgcc.a(_dvmd_tls.o)
 .ARM.attributes
                0x000000000000065f       0x1e /opt/st/stm32cubeide_1.14.0/plugins/com.st.stm32cube.ide.mcu.externaltools.gnu-tools-for-stm32.11.3.rel1.linux64_1.1.100.202309141235/tools/bin/../lib/gcc/arm-none-eabi/11.3.1/thumb/v7e-m+fp/hard/crtn.o
OUTPUT(Flight Control Computer.elf elf32-littlearm)
LOAD linker stubs
LOAD /opt/st/stm32cubeide_1.14.0/plugins/com.st.stm32cube.ide.mcu.externaltools.gnu-tools-for-stm32.11.3.rel1.linux64_1.1.100.202309141235/tools/bin/../lib/gcc/arm-none-eabi/11.3.1/../../../../arm-none-eabi/lib/thumb/v7e-m+fp/hard/libc.a
LOAD /opt/st/stm32cubeide_1.14.0/plugins/com.st.stm32cube.ide.mcu.externaltools.gnu-tools-for-stm32.11.3.rel1.linux64_1.1.100.202309141235/tools/bin/../lib/gcc/arm-none-eabi/11.3.1/../../../../arm-none-eabi/lib/thumb/v7e-m+fp/hard/libm.a
LOAD /opt/st/stm32cubeide_1.14.0/plugins/com.st.stm32cube.ide.mcu.externaltools.gnu-tools-for-stm32.11.3.rel1.linux64_1.1.100.202309141235/tools/bin/../lib/gcc/arm-none-eabi/11.3.1/thumb/v7e-m+fp/hard/libgcc.a

.comment        0x0000000000000000       0x43
 .comment       0x0000000000000000       0x43 /opt/st/stm32cubeide_1.14.0/plugins/com.st.stm32cube.ide.mcu.externaltools.gnu-tools-for-stm32.11.3.rel1.linux64_1.1.100.202309141235/tools/bin/../lib/gcc/arm-none-eabi/11.3.1/thumb/v7e-m+fp/hard/crtbegin.o
                                         0x44 (size before relaxing)
 .comment       0x0000000000000043       0x44 ./Core/Src/fdcan.o
 .comment       0x0000000000000043       0x44 ./Core/Src/gpio.o
 .comment       0x0000000000000043       0x44 ./Core/Src/i2c.o
 .comment       0x0000000000000043       0x44 ./Core/Src/main.o
 .comment       0x0000000000000043       0x44 ./Core/Src/spi.o
 .comment       0x0000000000000043       0x44 ./Core/Src/stm32g4xx_hal_msp.o
 .comment       0x0000000000000043       0x44 ./Core/Src/stm32g4xx_it.o
 .comment       0x0000000000000043       0x44 ./Core/Src/system_stm32g4xx.o
 .comment       0x0000000000000043       0x44 ./Core/Src/usart.o
 .comment       0x0000000000000043       0x44 ./Core/Src/usb.o
 .comment       0x0000000000000043       0x44 ./Drivers/STM32G4xx_HAL_Driver/Src/stm32g4xx_hal.o
 .comment       0x0000000000000043       0x44 ./Drivers/STM32G4xx_HAL_Driver/Src/stm32g4xx_hal_cortex.o
 .comment       0x0000000000000043       0x44 ./Drivers/STM32G4xx_HAL_Driver/Src/stm32g4xx_hal_fdcan.o
 .comment       0x0000000000000043       0x44 ./Drivers/STM32G4xx_HAL_Driver/Src/stm32g4xx_hal_gpio.o
 .comment       0x0000000000000043       0x44 ./Drivers/STM32G4xx_HAL_Driver/Src/stm32g4xx_hal_i2c.o
 .comment       0x0000000000000043       0x44 ./Drivers/STM32G4xx_HAL_Driver/Src/stm32g4xx_hal_i2c_ex.o
 .comment       0x0000000000000043       0x44 ./Drivers/STM32G4xx_HAL_Driver/Src/stm32g4xx_hal_pcd.o
 .comment       0x0000000000000043       0x44 ./Drivers/STM32G4xx_HAL_Driver/Src/stm32g4xx_hal_pcd_ex.o
 .comment       0x0000000000000043       0x44 ./Drivers/STM32G4xx_HAL_Driver/Src/stm32g4xx_hal_pwr_ex.o
 .comment       0x0000000000000043       0x44 ./Drivers/STM32G4xx_HAL_Driver/Src/stm32g4xx_hal_rcc.o
 .comment       0x0000000000000043       0x44 ./Drivers/STM32G4xx_HAL_Driver/Src/stm32g4xx_hal_rcc_ex.o
 .comment       0x0000000000000043       0x44 ./Drivers/STM32G4xx_HAL_Driver/Src/stm32g4xx_hal_spi.o
 .comment       0x0000000000000043       0x44 ./Drivers/STM32G4xx_HAL_Driver/Src/stm32g4xx_hal_uart.o
 .comment       0x0000000000000043       0x44 ./Drivers/STM32G4xx_HAL_Driver/Src/stm32g4xx_hal_uart_ex.o
 .comment       0x0000000000000043       0x44 ./Drivers/STM32G4xx_HAL_Driver/Src/stm32g4xx_ll_usb.o

.debug_info     0x0000000000000000    0x17816
 .debug_info    0x0000000000000000      0xbcb ./Core/Src/fdcan.o
 .debug_info    0x0000000000000bcb      0x47f ./Core/Src/gpio.o
 .debug_info    0x000000000000104a      0xca3 ./Core/Src/i2c.o
 .debug_info    0x0000000000001ced      0x414 ./Core/Src/main.o
 .debug_info    0x0000000000002101      0xaec ./Core/Src/spi.o
 .debug_info    0x0000000000002bed      0x2da ./Core/Src/stm32g4xx_hal_msp.o
 .debug_info    0x0000000000002ec7      0x113 ./Core/Src/stm32g4xx_it.o
 .debug_info    0x0000000000002fda      0x58e ./Core/Src/system_stm32g4xx.o
 .debug_info    0x0000000000003568      0xda3 ./Core/Src/usart.o
 .debug_info    0x000000000000430b      0x9a0 ./Core/Src/usb.o
 .debug_info    0x0000000000004cab       0x23 ./Core/Startup/startup_stm32g474cetx.o
 .debug_info    0x0000000000004cce      0xb95 ./Drivers/STM32G4xx_HAL_Driver/Src/stm32g4xx_hal.o
 .debug_info    0x0000000000005863      0xdad ./Drivers/STM32G4xx_HAL_Driver/Src/stm32g4xx_hal_cortex.o
 .debug_info    0x0000000000006610     0x18bb ./Drivers/STM32G4xx_HAL_Driver/Src/stm32g4xx_hal_fdcan.o
 .debug_info    0x0000000000007ecb      0x763 ./Drivers/STM32G4xx_HAL_Driver/Src/stm32g4xx_hal_gpio.o
 .debug_info    0x000000000000862e     0x21db ./Drivers/STM32G4xx_HAL_Driver/Src/stm32g4xx_hal_i2c.o
 .debug_info    0x000000000000a809      0xad6 ./Drivers/STM32G4xx_HAL_Driver/Src/stm32g4xx_hal_i2c_ex.o
 .debug_info    0x000000000000b2df     0x161b ./Drivers/STM32G4xx_HAL_Driver/Src/stm32g4xx_hal_pcd.o
 .debug_info    0x000000000000c8fa      0x80a ./Drivers/STM32G4xx_HAL_Driver/Src/stm32g4xx_hal_pcd_ex.o
 .debug_info    0x000000000000d104      0x93f ./Drivers/STM32G4xx_HAL_Driver/Src/stm32g4xx_hal_pwr_ex.o
 .debug_info    0x000000000000da43      0xbe0 ./Drivers/STM32G4xx_HAL_Driver/Src/stm32g4xx_hal_rcc.o
 .debug_info    0x000000000000e623      0xc45 ./Drivers/STM32G4xx_HAL_Driver/Src/stm32g4xx_hal_rcc_ex.o
 .debug_info    0x000000000000f268     0x1748 ./Drivers/STM32G4xx_HAL_Driver/Src/stm32g4xx_hal_spi.o
 .debug_info    0x00000000000109b0     0x481e ./Drivers/STM32G4xx_HAL_Driver/Src/stm32g4xx_hal_uart.o
 .debug_info    0x00000000000151ce      0xfdd ./Drivers/STM32G4xx_HAL_Driver/Src/stm32g4xx_hal_uart_ex.o
 .debug_info    0x00000000000161ab     0x166b ./Drivers/STM32G4xx_HAL_Driver/Src/stm32g4xx_ll_usb.o

.debug_abbrev   0x0000000000000000     0x33a1
 .debug_abbrev  0x0000000000000000      0x1d2 ./Core/Src/fdcan.o
 .debug_abbrev  0x00000000000001d2      0x152 ./Core/Src/gpio.o
 .debug_abbrev  0x0000000000000324      0x213 ./Core/Src/i2c.o
 .debug_abbrev  0x0000000000000537      0x1e2 ./Core/Src/main.o
 .debug_abbrev  0x0000000000000719      0x1ef ./Core/Src/spi.o
 .debug_abbrev  0x0000000000000908       0xd9 ./Core/Src/stm32g4xx_hal_msp.o
 .debug_abbrev  0x00000000000009e1       0x73 ./Core/Src/stm32g4xx_it.o
 .debug_abbrev  0x0000000000000a54      0x11a ./Core/Src/system_stm32g4xx.o
 .debug_abbrev  0x0000000000000b6e      0x20d ./Core/Src/usart.o
 .debug_abbrev  0x0000000000000d7b      0x205 ./Core/Src/usb.o
 .debug_abbrev  0x0000000000000f80       0x12 ./Core/Startup/startup_stm32g474cetx.o
 .debug_abbrev  0x0000000000000f92      0x271 ./Drivers/STM32G4xx_HAL_Driver/Src/stm32g4xx_hal.o
 .debug_abbrev  0x0000000000001203      0x31c ./Drivers/STM32G4xx_HAL_Driver/Src/stm32g4xx_hal_cortex.o
 .debug_abbrev  0x000000000000151f      0x1e7 ./Drivers/STM32G4xx_HAL_Driver/Src/stm32g4xx_hal_fdcan.o
 .debug_abbrev  0x0000000000001706      0x1cb ./Drivers/STM32G4xx_HAL_Driver/Src/stm32g4xx_hal_gpio.o
 .debug_abbrev  0x00000000000018d1      0x25e ./Drivers/STM32G4xx_HAL_Driver/Src/stm32g4xx_hal_i2c.o
 .debug_abbrev  0x0000000000001b2f      0x1c0 ./Drivers/STM32G4xx_HAL_Driver/Src/stm32g4xx_hal_i2c_ex.o
 .debug_abbrev  0x0000000000001cef      0x2b9 ./Drivers/STM32G4xx_HAL_Driver/Src/stm32g4xx_hal_pcd.o
 .debug_abbrev  0x0000000000001fa8      0x228 ./Drivers/STM32G4xx_HAL_Driver/Src/stm32g4xx_hal_pcd_ex.o
 .debug_abbrev  0x00000000000021d0      0x22c ./Drivers/STM32G4xx_HAL_Driver/Src/stm32g4xx_hal_pwr_ex.o
 .debug_abbrev  0x00000000000023fc      0x2c9 ./Drivers/STM32G4xx_HAL_Driver/Src/stm32g4xx_hal_rcc.o
 .debug_abbrev  0x00000000000026c5      0x258 ./Drivers/STM32G4xx_HAL_Driver/Src/stm32g4xx_hal_rcc_ex.o
 .debug_abbrev  0x000000000000291d      0x267 ./Drivers/STM32G4xx_HAL_Driver/Src/stm32g4xx_hal_spi.o
 .debug_abbrev  0x0000000000002b84      0x304 ./Drivers/STM32G4xx_HAL_Driver/Src/stm32g4xx_hal_uart.o
 .debug_abbrev  0x0000000000002e88      0x2d2 ./Drivers/STM32G4xx_HAL_Driver/Src/stm32g4xx_hal_uart_ex.o
 .debug_abbrev  0x000000000000315a      0x247 ./Drivers/STM32G4xx_HAL_Driver/Src/stm32g4xx_ll_usb.o

.debug_aranges  0x0000000000000000     0x1368
 .debug_aranges
                0x0000000000000000       0x38 ./Core/Src/fdcan.o
 .debug_aranges
                0x0000000000000038       0x20 ./Core/Src/gpio.o
 .debug_aranges
                0x0000000000000058       0x30 ./Core/Src/i2c.o
 .debug_aranges
                0x0000000000000088       0x30 ./Core/Src/main.o
 .debug_aranges
                0x00000000000000b8       0x30 ./Core/Src/spi.o
 .debug_aranges
                0x00000000000000e8       0x20 ./Core/Src/stm32g4xx_hal_msp.o
 .debug_aranges
                0x0000000000000108       0x60 ./Core/Src/stm32g4xx_it.o
 .debug_aranges
                0x0000000000000168       0x28 ./Core/Src/system_stm32g4xx.o
 .debug_aranges
                0x0000000000000190       0x30 ./Core/Src/usart.o
 .debug_aranges
                0x00000000000001c0       0x30 ./Core/Src/usb.o
 .debug_aranges
                0x00000000000001f0       0x28 ./Core/Startup/startup_stm32g474cetx.o
 .debug_aranges
                0x0000000000000218      0x148 ./Drivers/STM32G4xx_HAL_Driver/Src/stm32g4xx_hal.o
 .debug_aranges
                0x0000000000000360      0x118 ./Drivers/STM32G4xx_HAL_Driver/Src/stm32g4xx_hal_cortex.o
 .debug_aranges
                0x0000000000000478      0x208 ./Drivers/STM32G4xx_HAL_Driver/Src/stm32g4xx_hal_fdcan.o
 .debug_aranges
                0x0000000000000680       0x58 ./Drivers/STM32G4xx_HAL_Driver/Src/stm32g4xx_hal_gpio.o
 .debug_aranges
                0x00000000000006d8      0x2a0 ./Drivers/STM32G4xx_HAL_Driver/Src/stm32g4xx_hal_i2c.o
 .debug_aranges
                0x0000000000000978       0x48 ./Drivers/STM32G4xx_HAL_Driver/Src/stm32g4xx_hal_i2c_ex.o
 .debug_aranges
                0x00000000000009c0      0x138 ./Drivers/STM32G4xx_HAL_Driver/Src/stm32g4xx_hal_pcd.o
 .debug_aranges
                0x0000000000000af8       0x58 ./Drivers/STM32G4xx_HAL_Driver/Src/stm32g4xx_hal_pcd_ex.o
 .debug_aranges
                0x0000000000000b50      0x140 ./Drivers/STM32G4xx_HAL_Driver/Src/stm32g4xx_hal_pwr_ex.o
 .debug_aranges
                0x0000000000000c90       0x98 ./Drivers/STM32G4xx_HAL_Driver/Src/stm32g4xx_hal_rcc.o
 .debug_aranges
                0x0000000000000d28       0xb0 ./Drivers/STM32G4xx_HAL_Driver/Src/stm32g4xx_hal_rcc_ex.o
 .debug_aranges
                0x0000000000000dd8      0x1d8 ./Drivers/STM32G4xx_HAL_Driver/Src/stm32g4xx_hal_spi.o
 .debug_aranges
                0x0000000000000fb0      0x248 ./Drivers/STM32G4xx_HAL_Driver/Src/stm32g4xx_hal_uart.o
 .debug_aranges
                0x00000000000011f8       0xa8 ./Drivers/STM32G4xx_HAL_Driver/Src/stm32g4xx_hal_uart_ex.o
 .debug_aranges
                0x00000000000012a0       0xc8 ./Drivers/STM32G4xx_HAL_Driver/Src/stm32g4xx_ll_usb.o

.debug_rnglists
                0x0000000000000000      0xef2
 .debug_rnglists
                0x0000000000000000       0x29 ./Core/Src/fdcan.o
 .debug_rnglists
                0x0000000000000029       0x14 ./Core/Src/gpio.o
 .debug_rnglists
                0x000000000000003d       0x21 ./Core/Src/i2c.o
 .debug_rnglists
                0x000000000000005e       0x20 ./Core/Src/main.o
 .debug_rnglists
                0x000000000000007e       0x20 ./Core/Src/spi.o
 .debug_rnglists
                0x000000000000009e       0x13 ./Core/Src/stm32g4xx_hal_msp.o
 .debug_rnglists
                0x00000000000000b1       0x43 ./Core/Src/stm32g4xx_it.o
 .debug_rnglists
                0x00000000000000f4       0x1a ./Core/Src/system_stm32g4xx.o
 .debug_rnglists
                0x000000000000010e       0x21 ./Core/Src/usart.o
 .debug_rnglists
                0x000000000000012f       0x1f ./Core/Src/usb.o
 .debug_rnglists
                0x000000000000014e       0x19 ./Core/Startup/startup_stm32g474cetx.o
 .debug_rnglists
                0x0000000000000167       0xf1 ./Drivers/STM32G4xx_HAL_Driver/Src/stm32g4xx_hal.o
 .debug_rnglists
                0x0000000000000258       0xce ./Drivers/STM32G4xx_HAL_Driver/Src/stm32g4xx_hal_cortex.o
 .debug_rnglists
                0x0000000000000326      0x18d ./Drivers/STM32G4xx_HAL_Driver/Src/stm32g4xx_hal_fdcan.o
 .debug_rnglists
                0x00000000000004b3       0x3f ./Drivers/STM32G4xx_HAL_Driver/Src/stm32g4xx_hal_gpio.o
 .debug_rnglists
                0x00000000000004f2      0x228 ./Drivers/STM32G4xx_HAL_Driver/Src/stm32g4xx_hal_i2c.o
 .debug_rnglists
                0x000000000000071a       0x35 ./Drivers/STM32G4xx_HAL_Driver/Src/stm32g4xx_hal_i2c_ex.o
 .debug_rnglists
                0x000000000000074f       0xee ./Drivers/STM32G4xx_HAL_Driver/Src/stm32g4xx_hal_pcd.o
 .debug_rnglists
                0x000000000000083d       0x3f ./Drivers/STM32G4xx_HAL_Driver/Src/stm32g4xx_hal_pcd_ex.o
 .debug_rnglists
                0x000000000000087c       0xf1 ./Drivers/STM32G4xx_HAL_Driver/Src/stm32g4xx_hal_pwr_ex.o
 .debug_rnglists
                0x000000000000096d       0x74 ./Drivers/STM32G4xx_HAL_Driver/Src/stm32g4xx_hal_rcc.o
 .debug_rnglists
                0x00000000000009e1       0x87 ./Drivers/STM32G4xx_HAL_Driver/Src/stm32g4xx_hal_rcc_ex.o
 .debug_rnglists
                0x0000000000000a68      0x178 ./Drivers/STM32G4xx_HAL_Driver/Src/stm32g4xx_hal_spi.o
 .debug_rnglists
                0x0000000000000be0      0x1fa ./Drivers/STM32G4xx_HAL_Driver/Src/stm32g4xx_hal_uart.o
 .debug_rnglists
                0x0000000000000dda       0x7f ./Drivers/STM32G4xx_HAL_Driver/Src/stm32g4xx_hal_uart_ex.o
 .debug_rnglists
                0x0000000000000e59       0x99 ./Drivers/STM32G4xx_HAL_Driver/Src/stm32g4xx_ll_usb.o

.debug_macro    0x0000000000000000     0x392f
 .debug_macro   0x0000000000000000      0x22f ./Core/Src/fdcan.o
 .debug_macro   0x000000000000022f       0xe8 ./Core/Src/fdcan.o
 .debug_macro   0x0000000000000317      0x22f ./Core/Src/gpio.o
 .debug_macro   0x0000000000000546      0x22f ./Core/Src/i2c.o
 .debug_macro   0x0000000000000775      0x265 ./Core/Src/main.o
 .debug_macro   0x00000000000009da      0x22f ./Core/Src/spi.o
 .debug_macro   0x0000000000000c09      0x225 ./Core/Src/stm32g4xx_hal_msp.o
 .debug_macro   0x0000000000000e2e      0x22f ./Core/Src/stm32g4xx_it.o
 .debug_macro   0x000000000000105d      0x216 ./Core/Src/system_stm32g4xx.o
 .debug_macro   0x0000000000001273      0x22f ./Core/Src/usart.o
 .debug_macro   0x00000000000014a2      0x22f ./Core/Src/usb.o
 .debug_macro   0x00000000000016d1      0x264 ./Drivers/STM32G4xx_HAL_Driver/Src/stm32g4xx_hal.o
 .debug_macro   0x0000000000001935      0x216 ./Drivers/STM32G4xx_HAL_Driver/Src/stm32g4xx_hal_cortex.o
 .debug_macro   0x0000000000001b4b      0x328 ./Drivers/STM32G4xx_HAL_Driver/Src/stm32g4xx_hal_fdcan.o
 .debug_macro   0x0000000000001e73      0x21d ./Drivers/STM32G4xx_HAL_Driver/Src/stm32g4xx_hal_gpio.o
 .debug_macro   0x0000000000002090      0x2e2 ./Drivers/STM32G4xx_HAL_Driver/Src/stm32g4xx_hal_i2c.o
 .debug_macro   0x0000000000002372      0x216 ./Drivers/STM32G4xx_HAL_Driver/Src/stm32g4xx_hal_i2c_ex.o
 .debug_macro   0x0000000000002588      0x222 ./Drivers/STM32G4xx_HAL_Driver/Src/stm32g4xx_hal_pcd.o
 .debug_macro   0x00000000000027aa      0x216 ./Drivers/STM32G4xx_HAL_Driver/Src/stm32g4xx_hal_pcd_ex.o
 .debug_macro   0x00000000000029c0      0x240 ./Drivers/STM32G4xx_HAL_Driver/Src/stm32g4xx_hal_pwr_ex.o
 .debug_macro   0x0000000000002c00      0x258 ./Drivers/STM32G4xx_HAL_Driver/Src/stm32g4xx_hal_rcc.o
 .debug_macro   0x0000000000002e58      0x240 ./Drivers/STM32G4xx_HAL_Driver/Src/stm32g4xx_hal_rcc_ex.o
 .debug_macro   0x0000000000003098      0x21e ./Drivers/STM32G4xx_HAL_Driver/Src/stm32g4xx_hal_spi.o
 .debug_macro   0x00000000000032b6      0x241 ./Drivers/STM32G4xx_HAL_Driver/Src/stm32g4xx_hal_uart.o
 .debug_macro   0x00000000000034f7      0x222 ./Drivers/STM32G4xx_HAL_Driver/Src/stm32g4xx_hal_uart_ex.o
 .debug_macro   0x0000000000003719      0x216 ./Drivers/STM32G4xx_HAL_Driver/Src/stm32g4xx_ll_usb.o

.debug_line     0x0000000000000000    0x19122
 .debug_line    0x0000000000000000      0x88d ./Core/Src/fdcan.o
 .debug_line    0x000000000000088d      0x789 ./Core/Src/gpio.o
 .debug_line    0x0000000000001016      0x7d0 ./Core/Src/i2c.o
 .debug_line    0x00000000000017e6      0x809 ./Core/Src/main.o
 .debug_line    0x0000000000001fef      0x7b8 ./Core/Src/spi.o
 .debug_line    0x00000000000027a7      0x741 ./Core/Src/stm32g4xx_hal_msp.o
 .debug_line    0x0000000000002ee8      0x802 ./Core/Src/stm32g4xx_it.o
 .debug_line    0x00000000000036ea      0x7a9 ./Core/Src/system_stm32g4xx.o
 .debug_line    0x0000000000003e93      0x7de ./Core/Src/usart.o
 .debug_line    0x0000000000004671      0x7a2 ./Core/Src/usb.o
 .debug_line    0x0000000000004e13       0x7b ./Core/Startup/startup_stm32g474cetx.o
 .debug_line    0x0000000000004e8e      0xb68 ./Drivers/STM32G4xx_HAL_Driver/Src/stm32g4xx_hal.o
 .debug_line    0x00000000000059f6      0xcd3 ./Drivers/STM32G4xx_HAL_Driver/Src/stm32g4xx_hal_cortex.o
 .debug_line    0x00000000000066c9     0x18dd ./Drivers/STM32G4xx_HAL_Driver/Src/stm32g4xx_hal_fdcan.o
 .debug_line    0x0000000000007fa6      0xb63 ./Drivers/STM32G4xx_HAL_Driver/Src/stm32g4xx_hal_gpio.o
 .debug_line    0x0000000000008b09     0x3978 ./Drivers/STM32G4xx_HAL_Driver/Src/stm32g4xx_hal_i2c.o
 .debug_line    0x000000000000c481      0x95d ./Drivers/STM32G4xx_HAL_Driver/Src/stm32g4xx_hal_i2c_ex.o
 .debug_line    0x000000000000cdde     0x1372 ./Drivers/STM32G4xx_HAL_Driver/Src/stm32g4xx_hal_pcd.o
 .debug_line    0x000000000000e150      0x8a8 ./Drivers/STM32G4xx_HAL_Driver/Src/stm32g4xx_hal_pcd_ex.o
 .debug_line    0x000000000000e9f8      0xcd7 ./Drivers/STM32G4xx_HAL_Driver/Src/stm32g4xx_hal_pwr_ex.o
 .debug_line    0x000000000000f6cf      0xf30 ./Drivers/STM32G4xx_HAL_Driver/Src/stm32g4xx_hal_rcc.o
 .debug_line    0x00000000000105ff     0x1243 ./Drivers/STM32G4xx_HAL_Driver/Src/stm32g4xx_hal_rcc_ex.o
 .debug_line    0x0000000000011842     0x1f9d ./Drivers/STM32G4xx_HAL_Driver/Src/stm32g4xx_hal_spi.o
 .debug_line    0x00000000000137df     0x3bb0 ./Drivers/STM32G4xx_HAL_Driver/Src/stm32g4xx_hal_uart.o
 .debug_line    0x000000000001738f      0xd8b ./Drivers/STM32G4xx_HAL_Driver/Src/stm32g4xx_hal_uart_ex.o
 .debug_line    0x000000000001811a     0x1008 ./Drivers/STM32G4xx_HAL_Driver/Src/stm32g4xx_ll_usb.o

.debug_str      0x0000000000000000    0xf340b
 .debug_str     0x0000000000000000    0xec984 ./Core/Src/fdcan.o
                                      0xecc52 (size before relaxing)
 .debug_str     0x00000000000ec984       0x68 ./Core/Src/gpio.o
                                      0xec697 (size before relaxing)
 .debug_str     0x00000000000ec9ec      0x517 ./Core/Src/i2c.o
                                      0xece76 (size before relaxing)
 .debug_str     0x00000000000ecf03      0x1f5 ./Core/Src/main.o
                                      0xec775 (size before relaxing)
 .debug_str     0x00000000000ed0f8      0x210 ./Core/Src/spi.o
                                      0xecbcc (size before relaxing)
 .debug_str     0x00000000000ed308       0x4d ./Core/Src/stm32g4xx_hal_msp.o
                                      0xec5ed (size before relaxing)
 .debug_str     0x00000000000ed355       0xc9 ./Core/Src/stm32g4xx_it.o
                                      0xec4fc (size before relaxing)
 .debug_str     0x00000000000ed41e       0xdb ./Core/Src/system_stm32g4xx.o
                                      0xec2fa (size before relaxing)
 .debug_str     0x00000000000ed4f9      0x28f ./Core/Src/usart.o
                                      0xece86 (size before relaxing)
 .debug_str     0x00000000000ed788      0x325 ./Core/Src/usb.o
                                      0xecb8a (size before relaxing)
 .debug_str     0x00000000000edaad       0x34 ./Core/Startup/startup_stm32g474cetx.o
                                         0x83 (size before relaxing)
 .debug_str     0x00000000000edae1      0xc20 ./Drivers/STM32G4xx_HAL_Driver/Src/stm32g4xx_hal.o
                                      0xed00c (size before relaxing)
 .debug_str     0x00000000000ee701      0x344 ./Drivers/STM32G4xx_HAL_Driver/Src/stm32g4xx_hal_cortex.o
                                      0xecc90 (size before relaxing)
 .debug_str     0x00000000000eea45     0x132f ./Drivers/STM32G4xx_HAL_Driver/Src/stm32g4xx_hal_fdcan.o
                                      0xed8a9 (size before relaxing)
 .debug_str     0x00000000000efd74      0x123 ./Drivers/STM32G4xx_HAL_Driver/Src/stm32g4xx_hal_gpio.o
                                      0xec485 (size before relaxing)
 .debug_str     0x00000000000efe97      0xde9 ./Drivers/STM32G4xx_HAL_Driver/Src/stm32g4xx_hal_i2c.o
                                      0xed5fb (size before relaxing)
 .debug_str     0x00000000000f0c80       0xb8 ./Drivers/STM32G4xx_HAL_Driver/Src/stm32g4xx_hal_i2c_ex.o
                                      0xec919 (size before relaxing)
 .debug_str     0x00000000000f0d38      0x55b ./Drivers/STM32G4xx_HAL_Driver/Src/stm32g4xx_hal_pcd.o
                                      0xeca76 (size before relaxing)
 .debug_str     0x00000000000f1293      0x186 ./Drivers/STM32G4xx_HAL_Driver/Src/stm32g4xx_hal_pcd_ex.o
                                      0xec6b2 (size before relaxing)
 .debug_str     0x00000000000f1419      0x4a5 ./Drivers/STM32G4xx_HAL_Driver/Src/stm32g4xx_hal_pwr_ex.o
                                      0xec7e8 (size before relaxing)
 .debug_str     0x00000000000f18be      0x4fb ./Drivers/STM32G4xx_HAL_Driver/Src/stm32g4xx_hal_rcc.o
                                      0xeca19 (size before relaxing)
 .debug_str     0x00000000000f1db9      0x3f9 ./Drivers/STM32G4xx_HAL_Driver/Src/stm32g4xx_hal_rcc_ex.o
                                      0xeca43 (size before relaxing)
 .debug_str     0x00000000000f21b2      0x560 ./Drivers/STM32G4xx_HAL_Driver/Src/stm32g4xx_hal_spi.o
                                      0xecc32 (size before relaxing)
 .debug_str     0x00000000000f2712      0x9bb ./Drivers/STM32G4xx_HAL_Driver/Src/stm32g4xx_hal_uart.o
                                      0xed2b5 (size before relaxing)
 .debug_str     0x00000000000f30cd      0x26b ./Drivers/STM32G4xx_HAL_Driver/Src/stm32g4xx_hal_uart_ex.o
                                      0xecab3 (size before relaxing)
 .debug_str     0x00000000000f3338       0xd3 ./Drivers/STM32G4xx_HAL_Driver/Src/stm32g4xx_ll_usb.o
                                      0xec5b3 (size before relaxing)

.debug_frame    0x0000000000000000     0x50e4
 .debug_frame   0x0000000000000000       0x94 ./Core/Src/fdcan.o
 .debug_frame   0x0000000000000094       0x34 ./Core/Src/gpio.o
 .debug_frame   0x00000000000000c8       0x78 ./Core/Src/i2c.o
 .debug_frame   0x0000000000000140       0x68 ./Core/Src/main.o
 .debug_frame   0x00000000000001a8       0x74 ./Core/Src/spi.o
 .debug_frame   0x000000000000021c       0x34 ./Core/Src/stm32g4xx_hal_msp.o
 .debug_frame   0x0000000000000250      0x104 ./Core/Src/stm32g4xx_it.o
 .debug_frame   0x0000000000000354       0x58 ./Core/Src/system_stm32g4xx.o
 .debug_frame   0x00000000000003ac       0x78 ./Core/Src/usart.o
 .debug_frame   0x0000000000000424       0x78 ./Core/Src/usb.o
 .debug_frame   0x000000000000049c      0x500 ./Drivers/STM32G4xx_HAL_Driver/Src/stm32g4xx_hal.o
 .debug_frame   0x000000000000099c      0x498 ./Drivers/STM32G4xx_HAL_Driver/Src/stm32g4xx_hal_cortex.o
 .debug_frame   0x0000000000000e34      0x9b0 ./Drivers/STM32G4xx_HAL_Driver/Src/stm32g4xx_hal_fdcan.o
 .debug_frame   0x00000000000017e4      0x14c ./Drivers/STM32G4xx_HAL_Driver/Src/stm32g4xx_hal_gpio.o
 .debug_frame   0x0000000000001930      0xc38 ./Drivers/STM32G4xx_HAL_Driver/Src/stm32g4xx_hal_i2c.o
 .debug_frame   0x0000000000002568      0x100 ./Drivers/STM32G4xx_HAL_Driver/Src/stm32g4xx_hal_i2c_ex.o
 .debug_frame   0x0000000000002668      0x56c ./Drivers/STM32G4xx_HAL_Driver/Src/stm32g4xx_hal_pcd.o
 .debug_frame   0x0000000000002bd4      0x14c ./Drivers/STM32G4xx_HAL_Driver/Src/stm32g4xx_hal_pcd_ex.o
 .debug_frame   0x0000000000002d20      0x4fc ./Drivers/STM32G4xx_HAL_Driver/Src/stm32g4xx_hal_pwr_ex.o
 .debug_frame   0x000000000000321c      0x23c ./Drivers/STM32G4xx_HAL_Driver/Src/stm32g4xx_hal_rcc.o
 .debug_frame   0x0000000000003458      0x2ac ./Drivers/STM32G4xx_HAL_Driver/Src/stm32g4xx_hal_rcc_ex.o
 .debug_frame   0x0000000000003704      0x860 ./Drivers/STM32G4xx_HAL_Driver/Src/stm32g4xx_hal_spi.o
 .debug_frame   0x0000000000003f64      0xa94 ./Drivers/STM32G4xx_HAL_Driver/Src/stm32g4xx_hal_uart.o
 .debug_frame   0x00000000000049f8      0x2c0 ./Drivers/STM32G4xx_HAL_Driver/Src/stm32g4xx_hal_uart_ex.o
 .debug_frame   0x0000000000004cb8      0x380 ./Drivers/STM32G4xx_HAL_Driver/Src/stm32g4xx_ll_usb.o
 .debug_frame   0x0000000000005038       0x20 /opt/st/stm32cubeide_1.14.0/plugins/com.st.stm32cube.ide.mcu.externaltools.gnu-tools-for-stm32.11.3.rel1.linux64_1.1.100.202309141235/tools/bin/../lib/gcc/arm-none-eabi/11.3.1/../../../../arm-none-eabi/lib/thumb/v7e-m+fp/hard/libc_nano.a(libc_a-memset.o)
 .debug_frame   0x0000000000005058       0x2c /opt/st/stm32cubeide_1.14.0/plugins/com.st.stm32cube.ide.mcu.externaltools.gnu-tools-for-stm32.11.3.rel1.linux64_1.1.100.202309141235/tools/bin/../lib/gcc/arm-none-eabi/11.3.1/../../../../arm-none-eabi/lib/thumb/v7e-m+fp/hard/libc_nano.a(libc_a-init.o)
 .debug_frame   0x0000000000005084       0x2c /opt/st/stm32cubeide_1.14.0/plugins/com.st.stm32cube.ide.mcu.externaltools.gnu-tools-for-stm32.11.3.rel1.linux64_1.1.100.202309141235/tools/bin/../lib/gcc/arm-none-eabi/11.3.1/thumb/v7e-m+fp/hard/libgcc.a(_aeabi_uldivmod.o)
 .debug_frame   0x00000000000050b0       0x34 /opt/st/stm32cubeide_1.14.0/plugins/com.st.stm32cube.ide.mcu.externaltools.gnu-tools-for-stm32.11.3.rel1.linux64_1.1.100.202309141235/tools/bin/../lib/gcc/arm-none-eabi/11.3.1/thumb/v7e-m+fp/hard/libgcc.a(_udivmoddi4.o)

.debug_line_str
                0x0000000000000000       0x77
 .debug_line_str
                0x0000000000000000       0x77 ./Core/Startup/startup_stm32g474cetx.o
                                         0x8f (size before relaxing)
