../Core/Inc/Utility/lock_guard.hpp:20:2:np::lock_guard::lock_guard(void*&)	16	static
../Core/Inc/Utility/lock_guard.hpp:21:2:np::lock_guard::~lock_guard()	16	static
../Core/Src/Drivers/BMP388.cpp:16:1:BMP388::BMP388(I2C_HandleTypeDef*, void*&, void*&)	24	static
../Core/Src/Drivers/BMP388.cpp:21:6:bool BMP388::init()	32	static
../Core/Src/Drivers/BMP388.cpp:96:6:bool BMP388::service_irq()	80	static
../Core/Src/Drivers/BMP388.cpp:160:6:void BMP388::log_data_to_gcs()	192	static
../Core/Src/Drivers/BMP388.cpp:170:7:float BMP388::get_pressure()	32	static
../Core/Src/Drivers/BMP388.cpp:176:7:float BMP388::get_altitude()	32	static
../Core/Src/Drivers/BMP388.cpp:182:7:float BMP388::get_temperature()	32	static
../Core/Src/Drivers/BMP388.cpp:188:6:bool BMP388::read_calibration_nvm()	48	static
../Core/Src/Drivers/BMP388.cpp:280:6:bool BMP388::compute_startup_pressure()	48	static
../Core/Src/Drivers/BMP388.cpp:309:6:bool BMP388::read_register(uint8_t, uint8_t*, uint16_t)	48	static
../Core/Src/Drivers/BMP388.cpp:325:6:bool BMP388::write_register(uint8_t, uint8_t*, uint16_t)	48	static
