../Core/Src/app_freertos.c:219:13:configureTimerForRunTimeStats	4	static
../Core/Src/app_freertos.c:220:22:getRunTimeCounterValue	4	static
../Core/Src/app_freertos.c:228:6:MX_FREERTOS_Init	8	static
../Core/Src/app_freertos.c:312:6:start_sensor_fusion_task	16	static
../Core/Src/app_freertos.c:327:6:start_acc_irq_task	16	static
../Core/Src/app_freertos.c:346:6:start_gyro_irq_task	16	static
../Core/Src/app_freertos.c:365:6:start_baro_irq_task	16	static
../Core/Src/app_freertos.c:384:6:start_mag_irq_task	16	static
../Core/Src/app_freertos.c:403:6:start_logging_task	16	static
../Core/Src/app_freertos.c:414:6:HAL_GPIO_EXTI_Callback	16	static
