Archive member included to satisfy reference by file (symbol)

/opt/st/stm32cubeide_1.17.0_2/plugins/com.st.stm32cube.ide.mcu.externaltools.gnu-tools-for-stm32.12.3.rel1.linux64_1.1.0.202410170702/tools/bin/../lib/gcc/arm-none-eabi/12.3.1/../../../../arm-none-eabi/lib/thumb/v7e-m+fp/hard/libc_nano.a(libc_a-exit.o)
                              /opt/st/stm32cubeide_1.17.0_2/plugins/com.st.stm32cube.ide.mcu.externaltools.gnu-tools-for-stm32.12.3.rel1.linux64_1.1.0.202410170702/tools/bin/../lib/gcc/arm-none-eabi/12.3.1/../../../../arm-none-eabi/lib/thumb/v7e-m+fp/hard/crt0.o (exit)
/opt/st/stm32cubeide_1.17.0_2/plugins/com.st.stm32cube.ide.mcu.externaltools.gnu-tools-for-stm32.12.3.rel1.linux64_1.1.0.202410170702/tools/bin/../lib/gcc/arm-none-eabi/12.3.1/../../../../arm-none-eabi/lib/thumb/v7e-m+fp/hard/libc_nano.a(libc_a-findfp.o)
                              /opt/st/stm32cubeide_1.17.0_2/plugins/com.st.stm32cube.ide.mcu.externaltools.gnu-tools-for-stm32.12.3.rel1.linux64_1.1.0.202410170702/tools/bin/../lib/gcc/arm-none-eabi/12.3.1/../../../../arm-none-eabi/lib/thumb/v7e-m+fp/hard/libc_nano.a(libc_a-exit.o) (__stdio_exit_handler)
/opt/st/stm32cubeide_1.17.0_2/plugins/com.st.stm32cube.ide.mcu.externaltools.gnu-tools-for-stm32.12.3.rel1.linux64_1.1.0.202410170702/tools/bin/../lib/gcc/arm-none-eabi/12.3.1/../../../../arm-none-eabi/lib/thumb/v7e-m+fp/hard/libc_nano.a(libc_a-fwalk.o)
                              /opt/st/stm32cubeide_1.17.0_2/plugins/com.st.stm32cube.ide.mcu.externaltools.gnu-tools-for-stm32.12.3.rel1.linux64_1.1.0.202410170702/tools/bin/../lib/gcc/arm-none-eabi/12.3.1/../../../../arm-none-eabi/lib/thumb/v7e-m+fp/hard/libc_nano.a(libc_a-findfp.o) (_fwalk_sglue)
/opt/st/stm32cubeide_1.17.0_2/plugins/com.st.stm32cube.ide.mcu.externaltools.gnu-tools-for-stm32.12.3.rel1.linux64_1.1.0.202410170702/tools/bin/../lib/gcc/arm-none-eabi/12.3.1/../../../../arm-none-eabi/lib/thumb/v7e-m+fp/hard/libc_nano.a(libc_a-stdio.o)
                              /opt/st/stm32cubeide_1.17.0_2/plugins/com.st.stm32cube.ide.mcu.externaltools.gnu-tools-for-stm32.12.3.rel1.linux64_1.1.0.202410170702/tools/bin/../lib/gcc/arm-none-eabi/12.3.1/../../../../arm-none-eabi/lib/thumb/v7e-m+fp/hard/libc_nano.a(libc_a-findfp.o) (__sread)
/opt/st/stm32cubeide_1.17.0_2/plugins/com.st.stm32cube.ide.mcu.externaltools.gnu-tools-for-stm32.12.3.rel1.linux64_1.1.0.202410170702/tools/bin/../lib/gcc/arm-none-eabi/12.3.1/../../../../arm-none-eabi/lib/thumb/v7e-m+fp/hard/libc_nano.a(libc_a-memset.o)
                              /opt/st/stm32cubeide_1.17.0_2/plugins/com.st.stm32cube.ide.mcu.externaltools.gnu-tools-for-stm32.12.3.rel1.linux64_1.1.0.202410170702/tools/bin/../lib/gcc/arm-none-eabi/12.3.1/../../../../arm-none-eabi/lib/thumb/v7e-m+fp/hard/crt0.o (memset)
/opt/st/stm32cubeide_1.17.0_2/plugins/com.st.stm32cube.ide.mcu.externaltools.gnu-tools-for-stm32.12.3.rel1.linux64_1.1.0.202410170702/tools/bin/../lib/gcc/arm-none-eabi/12.3.1/../../../../arm-none-eabi/lib/thumb/v7e-m+fp/hard/libc_nano.a(libc_a-closer.o)
                              /opt/st/stm32cubeide_1.17.0_2/plugins/com.st.stm32cube.ide.mcu.externaltools.gnu-tools-for-stm32.12.3.rel1.linux64_1.1.0.202410170702/tools/bin/../lib/gcc/arm-none-eabi/12.3.1/../../../../arm-none-eabi/lib/thumb/v7e-m+fp/hard/libc_nano.a(libc_a-stdio.o) (_close_r)
/opt/st/stm32cubeide_1.17.0_2/plugins/com.st.stm32cube.ide.mcu.externaltools.gnu-tools-for-stm32.12.3.rel1.linux64_1.1.0.202410170702/tools/bin/../lib/gcc/arm-none-eabi/12.3.1/../../../../arm-none-eabi/lib/thumb/v7e-m+fp/hard/libc_nano.a(libc_a-reent.o)
                              /opt/st/stm32cubeide_1.17.0_2/plugins/com.st.stm32cube.ide.mcu.externaltools.gnu-tools-for-stm32.12.3.rel1.linux64_1.1.0.202410170702/tools/bin/../lib/gcc/arm-none-eabi/12.3.1/../../../../arm-none-eabi/lib/thumb/v7e-m+fp/hard/libc_nano.a(libc_a-closer.o) (errno)
/opt/st/stm32cubeide_1.17.0_2/plugins/com.st.stm32cube.ide.mcu.externaltools.gnu-tools-for-stm32.12.3.rel1.linux64_1.1.0.202410170702/tools/bin/../lib/gcc/arm-none-eabi/12.3.1/../../../../arm-none-eabi/lib/thumb/v7e-m+fp/hard/libc_nano.a(libc_a-impure.o)
                              /opt/st/stm32cubeide_1.17.0_2/plugins/com.st.stm32cube.ide.mcu.externaltools.gnu-tools-for-stm32.12.3.rel1.linux64_1.1.0.202410170702/tools/bin/../lib/gcc/arm-none-eabi/12.3.1/../../../../arm-none-eabi/lib/thumb/v7e-m+fp/hard/libc_nano.a(libc_a-reent.o) (_impure_ptr)
/opt/st/stm32cubeide_1.17.0_2/plugins/com.st.stm32cube.ide.mcu.externaltools.gnu-tools-for-stm32.12.3.rel1.linux64_1.1.0.202410170702/tools/bin/../lib/gcc/arm-none-eabi/12.3.1/../../../../arm-none-eabi/lib/thumb/v7e-m+fp/hard/libc_nano.a(libc_a-lseekr.o)
                              /opt/st/stm32cubeide_1.17.0_2/plugins/com.st.stm32cube.ide.mcu.externaltools.gnu-tools-for-stm32.12.3.rel1.linux64_1.1.0.202410170702/tools/bin/../lib/gcc/arm-none-eabi/12.3.1/../../../../arm-none-eabi/lib/thumb/v7e-m+fp/hard/libc_nano.a(libc_a-stdio.o) (_lseek_r)
[...]
Memory Configuration

Name             Origin             Length             Attributes
RAM              0x20000000         0x00020000         xrw
FLASH            0x08000000         0x00080000         xr
*default*        0x00000000         0xffffffff

Linker script and memory map

LOAD /opt/st/stm32cubeide_1.17.0_2/plugins/com.st.stm32cube.ide.mcu.externaltools.gnu-tools-for-stm32.12.3.rel1.linux64_1.1.0.202410170702/tools/bin/../lib/gcc/arm-none-eabi/12.3.1/thumb/v7e-m+fp/hard/crti.o
LOAD /opt/st/stm32cubeide_1.17.0_2/plugins/com.st.stm32cube.ide.mcu.externaltools.gnu-tools-for-stm32.12.3.rel1.linux64_1.1.0.202410170702/tools/bin/../lib/gcc/arm-none-eabi/12.3.1/thumb/v7e-m+fp/hard/crtbegin.o
LOAD /opt/st/stm32cubeide_1.17.0_2/plugins/com.st.stm32cube.ide.mcu.externaltools.gnu-tools-for-stm32.12.3.rel1.linux64_1.1.0.202410170702/tools/bin/../lib/gcc/arm-none-eabi/12.3.1/../../../../arm-none-eabi/lib/thumb/v7e-m+fp/hard/crt0.o
LOAD ./Core/Src/CC2500.o
LOAD ./Core/Src/crc.o
LOAD ./Core/Src/dma.o
LOAD ./Core/Src/fdcan.o
LOAD ./Core/Src/gpio.o
LOAD ./Core/Src/i2c.o
LOAD ./Core/Src/main.o
LOAD ./Core/Src/spi.o
LOAD ./Core/Src/stm32g4xx_hal_msp.o
LOAD ./Core/Src/stm32g4xx_hal_timebase_tim.o
LOAD ./Core/Src/stm32g4xx_it.o
LOAD ./Core/Src/syscalls.o
LOAD ./Core/Src/sysmem.o
LOAD ./Core/Src/system_stm32g4xx.o
LOAD ./Core/Src/tim.o
LOAD ./Core/Src/usart.o
LOAD ./Core/Src/usb.o
LOAD ./Core/Startup/startup_stm32g474cetx.o
LOAD ./Drivers/STM32G4xx_HAL_Driver/Src/stm32g4xx_hal.o
LOAD ./Drivers/STM32G4xx_HAL_Driver/Src/stm32g4xx_hal_cortex.o
LOAD ./Drivers/STM32G4xx_HAL_Driver/Src/stm32g4xx_hal_crc.o
LOAD ./Drivers/STM32G4xx_HAL_Driver/Src/stm32g4xx_hal_crc_ex.o
LOAD ./Drivers/STM32G4xx_HAL_Driver/Src/stm32g4xx_hal_dma.o
LOAD ./Drivers/STM32G4xx_HAL_Driver/Src/stm32g4xx_hal_dma_ex.o
LOAD ./Drivers/STM32G4xx_HAL_Driver/Src/stm32g4xx_hal_exti.o
LOAD ./Drivers/STM32G4xx_HAL_Driver/Src/stm32g4xx_hal_fdcan.o
LOAD ./Drivers/STM32G4xx_HAL_Driver/Src/stm32g4xx_hal_flash.o
LOAD ./Drivers/STM32G4xx_HAL_Driver/Src/stm32g4xx_hal_flash_ex.o
LOAD ./Drivers/STM32G4xx_HAL_Driver/Src/stm32g4xx_hal_flash_ramfunc.o
LOAD ./Drivers/STM32G4xx_HAL_Driver/Src/stm32g4xx_hal_gpio.o
LOAD ./Drivers/STM32G4xx_HAL_Driver/Src/stm32g4xx_hal_i2c.o
LOAD ./Drivers/STM32G4xx_HAL_Driver/Src/stm32g4xx_hal_i2c_ex.o
LOAD ./Drivers/STM32G4xx_HAL_Driver/Src/stm32g4xx_hal_pcd.o
LOAD ./Drivers/STM32G4xx_HAL_Driver/Src/stm32g4xx_hal_pcd_ex.o
LOAD ./Drivers/STM32G4xx_HAL_Driver/Src/stm32g4xx_hal_pwr.o
LOAD ./Drivers/STM32G4xx_HAL_Driver/Src/stm32g4xx_hal_pwr_ex.o
LOAD ./Drivers/STM32G4xx_HAL_Driver/Src/stm32g4xx_hal_rcc.o
LOAD ./Drivers/STM32G4xx_HAL_Driver/Src/stm32g4xx_hal_rcc_ex.o
LOAD ./Drivers/STM32G4xx_HAL_Driver/Src/stm32g4xx_hal_spi.o
LOAD ./Drivers/STM32G4xx_HAL_Driver/Src/stm32g4xx_hal_spi_ex.o
LOAD ./Drivers/STM32G4xx_HAL_Driver/Src/stm32g4xx_hal_tim.o
LOAD ./Drivers/STM32G4xx_HAL_Driver/Src/stm32g4xx_hal_tim_ex.o
LOAD ./Drivers/STM32G4xx_HAL_Driver/Src/stm32g4xx_hal_uart.o
LOAD ./Drivers/STM32G4xx_HAL_Driver/Src/stm32g4xx_hal_uart_ex.o
LOAD ./Drivers/STM32G4xx_HAL_Driver/Src/stm32g4xx_ll_usb.o
START GROUP
LOAD /opt/st/stm32cubeide_1.17.0_2/plugins/com.st.stm32cube.ide.mcu.externaltools.gnu-tools-for-stm32.12.3.rel1.linux64_1.1.0.202410170702/tools/bin/../lib/gcc/arm-none-eabi/12.3.1/../../../../arm-none-eabi/lib/thumb/v7e-m+fp/hard/libstdc++_nano.a
LOAD /opt/st/stm32cubeide_1.17.0_2/plugins/com.st.stm32cube.ide.mcu.externaltools.gnu-tools-for-stm32.12.3.rel1.linux64_1.1.0.202410170702/tools/bin/../lib/gcc/arm-none-eabi/12.3.1/../../../../arm-none-eabi/lib/thumb/v7e-m+fp/hard/libsupc++_nano.a
END GROUP
LOAD /opt/st/stm32cubeide_1.17.0_2/plugins/com.st.stm32cube.ide.mcu.externaltools.gnu-tools-for-stm32.12.3.rel1.linux64_1.1.0.202410170702/tools/bin/../lib/gcc/arm-none-eabi/12.3.1/../../../../arm-none-eabi/lib/thumb/v7e-m+fp/hard/libstdc++_nano.a
LOAD /opt/st/stm32cubeide_1.17.0_2/plugins/com.st.stm32cube.ide.mcu.externaltools.gnu-tools-for-stm32.12.3.rel1.linux64_1.1.0.202410170702/tools/bin/../lib/gcc/arm-none-eabi/12.3.1/../../../../arm-none-eabi/lib/thumb/v7e-m+fp/hard/libm.a
LOAD /opt/st/stm32cubeide_1.17.0_2/plugins/com.st.stm32cube.ide.mcu.externaltools.gnu-tools-for-stm32.12.3.rel1.linux64_1.1.0.202410170702/tools/bin/../lib/gcc/arm-none-eabi/12.3.1/../../../../arm-none-eabi/lib/thumb/v7e-m+fp/hard/libc_nano.a
START GROUP
LOAD /opt/st/stm32cubeide_1.17.0_2/plugins/com.st.stm32cube.ide.mcu.externaltools.gnu-tools-for-stm32.12.3.rel1.linux64_1.1.0.202410170702/tools/bin/../lib/gcc/arm-none-eabi/12.3.1/thumb/v7e-m+fp/hard/libgcc.a
LOAD /opt/st/stm32cubeide_1.17.0_2/plugins/com.st.stm32cube.ide.mcu.externaltools.gnu-tools-for-stm32.12.3.rel1.linux64_1.1.0.202410170702/tools/bin/../lib/gcc/arm-none-eabi/12.3.1/../../../../arm-none-eabi/lib/thumb/v7e-m+fp/hard/libc_nano.a
END GROUP
START GROUP
LOAD /opt/st/stm32cubeide_1.17.0_2/plugins/com.st.stm32cube.ide.mcu.externaltools.gnu-tools-for-stm32.12.3.rel1.linux64_1.1.0.202410170702/tools/bin/../lib/gcc/arm-none-eabi/12.3.1/thumb/v7e-m+fp/hard/libgcc.a
LOAD /opt/st/stm32cubeide_1.17.0_2/plugins/com.st.stm32cube.ide.mcu.externaltools.gnu-tools-for-stm32.12.3.rel1.linux64_1.1.0.202410170702/tools/bin/../lib/gcc/arm-none-eabi/12.3.1/../../../../arm-none-eabi/lib/thumb/v7e-m+fp/hard/libc_nano.a
LOAD /opt/st/stm32cubeide_1.17.0_2/plugins/com.st.stm32cube.ide.mcu.externaltools.gnu-tools-for-stm32.12.3.rel1.linux64_1.1.0.202410170702/tools/bin/../lib/gcc/arm-none-eabi/12.3.1/../../../../arm-none-eabi/lib/thumb/v7e-m+fp/hard/libnosys.a
END GROUP
START GROUP
LOAD /opt/st/stm32cubeide_1.17.0_2/plugins/com.st.stm32cube.ide.mcu.externaltools.gnu-tools-for-stm32.12.3.rel1.linux64_1.1.0.202410170702/tools/bin/../lib/gcc/arm-none-eabi/12.3.1/thumb/v7e-m+fp/hard/libgcc.a
LOAD /opt/st/stm32cubeide_1.17.0_2/plugins/com.st.stm32cube.ide.mcu.externaltools.gnu-tools-for-stm32.12.3.rel1.linux64_1.1.0.202410170702/tools/bin/../lib/gcc/arm-none-eabi/12.3.1/../../../../arm-none-eabi/lib/thumb/v7e-m+fp/hard/libc_nano.a
LOAD /opt/st/stm32cubeide_1.17.0_2/plugins/com.st.stm32cube.ide.mcu.externaltools.gnu-tools-for-stm32.12.3.rel1.linux64_1.1.0.202410170702/tools/bin/../lib/gcc/arm-none-eabi/12.3.1/../../../../arm-none-eabi/lib/thumb/v7e-m+fp/hard/libnosys.a
END GROUP
LOAD /opt/st/stm32cubeide_1.17.0_2/plugins/com.st.stm32cube.ide.mcu.externaltools.gnu-tools-for-stm32.12.3.rel1.linux64_1.1.0.202410170702/tools/bin/../lib/gcc/arm-none-eabi/12.3.1/thumb/v7e-m+fp/hard/crtend.o
LOAD /opt/st/stm32cubeide_1.17.0_2/plugins/com.st.stm32cube.ide.mcu.externaltools.gnu-tools-for-stm32.12.3.rel1.linux64_1.1.0.202410170702/tools/bin/../lib/gcc/arm-none-eabi/12.3.1/thumb/v7e-m+fp/hard/crtn.o
                0x20020000                        _estack = (ORIGIN (RAM) + LENGTH (RAM))
                0x00000200                        _Min_Heap_Size = 0x200
                0x00000400                        _Min_Stack_Size = 0x400

.isr_vector     0x08000000      0x1d8
                0x08000000                        . = ALIGN (0x4)
 *(.isr_vector)
 .isr_vector    0x08000000      0x1d8 ./Core/Startup/startup_stm32g474cetx.o
                0x08000000                g_pfnVectors
                0x080001d8                        . = ALIGN (0x4)

.text           0x080001d8     0x6184
                0x080001d8                        . = ALIGN (0x4)
 *(.text)
 .text          0x080001d8       0x40 /opt/st/stm32cubeide_1.17.0_2/plugins/com.st.stm32cube.ide.mcu.externaltools.gnu-tools-for-stm32.12.3.rel1.linux64_1.1.0.202410170702/tools/bin/../lib/gcc/arm-none-eabi/12.3.1/thumb/v7e-m+fp/hard/crtbegin.o
 .text          0x08000218       0x30 /opt/st/stm32cubeide_1.17.0_2/plugins/com.st.stm32cube.ide.mcu.externaltools.gnu-tools-for-stm32.12.3.rel1.linux64_1.1.0.202410170702/tools/bin/../lib/gcc/arm-none-eabi/12.3.1/thumb/v7e-m+fp/hard/libgcc.a(_aeabi_uldivmod.o)
                0x08000218                __aeabi_uldivmod
 .text          0x08000248      0x2bc /opt/st/stm32cubeide_1.17.0_2/plugins/com.st.stm32cube.ide.mcu.externaltools.gnu-tools-for-stm32.12.3.rel1.linux64_1.1.0.202410170702/tools/bin/../lib/gcc/arm-none-eabi/12.3.1/thumb/v7e-m+fp/hard/libgcc.a(_udivmoddi4.o)
                0x08000248                __udivmoddi4
 .text          0x08000504        0x4 /opt/st/stm32cubeide_1.17.0_2/plugins/com.st.stm32cube.ide.mcu.externaltools.gnu-tools-for-stm32.12.3.rel1.linux64_1.1.0.202410170702/tools/bin/../lib/gcc/arm-none-eabi/12.3.1/thumb/v7e-m+fp/hard/libgcc.a(_dvmd_tls.o)
                0x08000504                __aeabi_ldiv0
                0x08000504                __aeabi_idiv0
 *(.text*)
 .text._ZN6CC2500C2EP19__SPI_HandleTypeDefP12GPIO_TypeDeft
                0x08000508       0x2e ./Core/Src/CC2500.o
                0x08000508                CC2500::CC2500(__SPI_HandleTypeDef*, GPIO_TypeDef*, unsigned short)
                0x08000508                CC2500::CC2500(__SPI_HandleTypeDef*, GPIO_TypeDef*, unsigned short)
 .text._ZN6CC25004initEv
                0x08000536       0x96 ./Core/Src/CC2500.o
                0x08000536                CC2500::init()
 .text._ZN6CC250014command_strobeEh
                0x080005cc       0x60 ./Core/Src/CC2500.o
                0x080005cc                CC2500::command_strobe(unsigned char)
 .text._ZN6CC250014write_registerEhPht
                0x0800062c       0xfc ./Core/Src/CC2500.o
                0x0800062c                CC2500::write_register(unsigned char, unsigned char*, unsigned short)
 .text._ZN6CC250013read_registerEhPht
                0x08000728      0x16e ./Core/Src/CC2500.o
                0x08000728                CC2500::read_register(unsigned char, unsigned char*, unsigned short)
 *fill*         0x08000896        0x2 
 .text.MX_CRC_Init
                0x08000898       0x44 ./Core/Src/crc.o
                0x08000898                MX_CRC_Init
 .text.HAL_CRC_MspInit
                0x080008dc       0x40 ./Core/Src/crc.o
                0x080008dc                HAL_CRC_MspInit
 .text.MX_DMA_Init
                0x0800091c       0x64 ./Core/Src/dma.o
                0x0800091c                MX_DMA_Init
 .text.MX_FDCAN1_Init
                0x08000980       0x8c ./Core/Src/fdcan.o
                0x08000980                MX_FDCAN1_Init
 .text.MX_FDCAN2_Init
                0x08000a0c       0x8c ./Core/Src/fdcan.o
                0x08000a0c                MX_FDCAN2_Init
 .text.HAL_FDCAN_MspInit
                0x08000a98      0x160 ./Core/Src/fdcan.o
                0x08000a98                HAL_FDCAN_MspInit
 .text.MX_GPIO_Init
                0x08000bf8      0x1ec ./Core/Src/gpio.o
                0x08000bf8                MX_GPIO_Init
 .text.MX_I2C2_Init
                0x08000de4       0x80 ./Core/Src/i2c.o
                0x08000de4                MX_I2C2_Init
 .text.HAL_I2C_MspInit
                0x08000e64       0xb0 ./Core/Src/i2c.o
                0x08000e64                HAL_I2C_MspInit
 .text.main     0x08000f14       0x5c ./Core/Src/main.o
                0x08000f14                main
 .text._Z18SystemClock_Configv
                0x08000f70       0xaa ./Core/Src/main.o
                0x08000f70                SystemClock_Config()
 *fill*         0x0800101a        0x2 
 .text.HAL_TIM_PeriodElapsedCallback
                0x0800101c       0x24 ./Core/Src/main.o
                0x0800101c                HAL_TIM_PeriodElapsedCallback
 .text.Error_Handler
                0x08001040        0xc ./Core/Src/main.o
                0x08001040                Error_Handler
 .text.MX_SPI1_Init
                0x0800104c       0x7c ./Core/Src/spi.o
                0x0800104c                MX_SPI1_Init
 .text.HAL_SPI_MspInit
                0x080010c8       0x84 ./Core/Src/spi.o
                0x080010c8                HAL_SPI_MspInit
 .text.HAL_MspInit
                0x0800114c       0x48 ./Core/Src/stm32g4xx_hal_msp.o
                0x0800114c                HAL_MspInit
 .text.HAL_InitTick
                0x08001194       0xd8 ./Core/Src/stm32g4xx_hal_timebase_tim.o
                0x08001194                HAL_InitTick
 .text.NMI_Handler
                0x0800126c        0x8 ./Core/Src/stm32g4xx_it.o
                0x0800126c                NMI_Handler
 .text.HardFault_Handler
                0x08001274        0x8 ./Core/Src/stm32g4xx_it.o
                0x08001274                HardFault_Handler
 .text.MemManage_Handler
                0x0800127c        0x8 ./Core/Src/stm32g4xx_it.o
                0x0800127c                MemManage_Handler
 .text.BusFault_Handler
                0x08001284        0x8 ./Core/Src/stm32g4xx_it.o
                0x08001284                BusFault_Handler
 .text.UsageFault_Handler
                0x0800128c        0x8 ./Core/Src/stm32g4xx_it.o
                0x0800128c                UsageFault_Handler
 .text.SVC_Handler
                0x08001294        0xe ./Core/Src/stm32g4xx_it.o
                0x08001294                SVC_Handler
 .text.DebugMon_Handler
                0x080012a2        0xe ./Core/Src/stm32g4xx_it.o
                0x080012a2                DebugMon_Handler
 .text.PendSV_Handler
                0x080012b0        0xe ./Core/Src/stm32g4xx_it.o
                0x080012b0                PendSV_Handler
 .text.SysTick_Handler
                0x080012be        0xe ./Core/Src/stm32g4xx_it.o
                0x080012be                SysTick_Handler
 .text.EXTI1_IRQHandler
                0x080012cc        0xe ./Core/Src/stm32g4xx_it.o
                0x080012cc                EXTI1_IRQHandler
 *fill*         0x080012da        0x2 
 .text.DMA1_Channel1_IRQHandler
                0x080012dc       0x14 ./Core/Src/stm32g4xx_it.o
                0x080012dc                DMA1_Channel1_IRQHandler
 .text.DMA1_Channel2_IRQHandler
                0x080012f0       0x14 ./Core/Src/stm32g4xx_it.o
                0x080012f0                DMA1_Channel2_IRQHandler
 .text.TIM1_UP_TIM16_IRQHandler
                0x08001304       0x14 ./Core/Src/stm32g4xx_it.o
                0x08001304                TIM1_UP_TIM16_IRQHandler
 .text.USART2_IRQHandler
                0x08001318       0x14 ./Core/Src/stm32g4xx_it.o
                0x08001318                USART2_IRQHandler
 .text.EXTI15_10_IRQHandler
                0x0800132c       0x20 ./Core/Src/stm32g4xx_it.o
                0x0800132c                EXTI15_10_IRQHandler
 .text.TIM6_DAC_IRQHandler
                0x0800134c       0x14 ./Core/Src/stm32g4xx_it.o
                0x0800134c                TIM6_DAC_IRQHandler
 .text.SystemInit
                0x08001360       0x24 ./Core/Src/system_stm32g4xx.o
                0x08001360                SystemInit
 .text.MX_TIM16_Init
                0x08001384       0x4c ./Core/Src/tim.o
                0x08001384                MX_TIM16_Init
 .text.HAL_TIM_Base_MspInit
                0x080013d0       0x4c ./Core/Src/tim.o
                0x080013d0                HAL_TIM_Base_MspInit
 .text.MX_USART2_UART_Init
                0x0800141c       0x98 ./Core/Src/usart.o
                0x0800141c                MX_USART2_UART_Init
 .text.HAL_UART_MspInit
                0x080014b4      0x178 ./Core/Src/usart.o
                0x080014b4                HAL_UART_MspInit
 .text.MX_USB_PCD_Init
                0x0800162c       0x50 ./Core/Src/usb.o
                0x0800162c                MX_USB_PCD_Init
 .text.HAL_PCD_MspInit
                0x0800167c       0x68 ./Core/Src/usb.o
                0x0800167c                HAL_PCD_MspInit
 .text.Reset_Handler
                0x080016e4       0x50 ./Core/Startup/startup_stm32g474cetx.o
                0x080016e4                Reset_Handler
 .text.Default_Handler
                0x08001734        0x2 ./Core/Startup/startup_stm32g474cetx.o
                0x08001734                RTC_Alarm_IRQHandler
                0x08001734                EXTI2_IRQHandler
                0x08001734                TIM8_TRG_COM_IRQHandler
                0x08001734                TIM8_CC_IRQHandler
                0x08001734                HRTIM1_Master_IRQHandler
                0x08001734                SPI4_IRQHandler
                0x08001734                FDCAN3_IT0_IRQHandler
                0x08001734                TIM1_CC_IRQHandler
                0x08001734                HRTIM1_FLT_IRQHandler
                0x08001734                HRTIM1_TIMF_IRQHandler
                0x08001734                USB_HP_IRQHandler
                0x08001734                CORDIC_IRQHandler
                0x08001734                HRTIM1_TIMD_IRQHandler
                0x08001734                DMA2_Channel8_IRQHandler
                0x08001734                EXTI3_IRQHandler
                0x08001734                I2C3_ER_IRQHandler
                0x08001734                EXTI0_IRQHandler
                0x08001734                I2C2_EV_IRQHandler
                0x08001734                FPU_IRQHandler
                0x08001734                FDCAN1_IT1_IRQHandler
                0x08001734                ADC1_2_IRQHandler
                0x08001734                HRTIM1_TIME_IRQHandler
                0x08001734                SPI1_IRQHandler
                0x08001734                HRTIM1_TIMC_IRQHandler
                0x08001734                TIM8_UP_IRQHandler
                0x08001734                DMA2_Channel2_IRQHandler
                0x08001734                DMA1_Channel4_IRQHandler
                0x08001734                TIM20_TRG_COM_IRQHandler
                0x08001734                USART3_IRQHandler
                0x08001734                DMA1_Channel7_IRQHandler
                0x08001734                UART5_IRQHandler
                0x08001734                ADC3_IRQHandler
                0x08001734                TIM4_IRQHandler
                0x08001734                DMA2_Channel1_IRQHandler
                0x08001734                QUADSPI_IRQHandler
                0x08001734                I2C1_EV_IRQHandler
                0x08001734                DMA1_Channel6_IRQHandler
                0x08001734                UART4_IRQHandler
                0x08001734                DMA2_Channel4_IRQHandler
                0x08001734                TIM3_IRQHandler
                0x08001734                RCC_IRQHandler
                0x08001734                TIM20_UP_IRQHandler
                0x08001734                Default_Handler
                0x08001734                DMA2_Channel7_IRQHandler
                0x08001734                RTC_TAMP_LSECSS_IRQHandler
                0x08001734                FMAC_IRQHandler
                0x08001734                DMA1_Channel8_IRQHandler
                0x08001734                HRTIM1_TIMA_IRQHandler
                0x08001734                TIM7_DAC_IRQHandler
                0x08001734                FDCAN3_IT1_IRQHandler
                0x08001734                TIM5_IRQHandler
                0x08001734                UCPD1_IRQHandler
                0x08001734                I2C3_EV_IRQHandler
                0x08001734                EXTI9_5_IRQHandler
                0x08001734                RTC_WKUP_IRQHandler
                0x08001734                PVD_PVM_IRQHandler
                0x08001734                SPI2_IRQHandler
                0x08001734                ADC5_IRQHandler
                0x08001734                DMA2_Channel5_IRQHandler
                0x08001734                CRS_IRQHandler
                0x08001734                DMA1_Channel5_IRQHandler
                0x08001734                USB_LP_IRQHandler
                0x08001734                EXTI4_IRQHandler
                0x08001734                RNG_IRQHandler
                0x08001734                HRTIM1_TIMB_IRQHandler
                0x08001734                TIM1_TRG_COM_TIM17_IRQHandler
                0x08001734                FDCAN2_IT1_IRQHandler
                0x08001734                DMA1_Channel3_IRQHandler
                0x08001734                ADC4_IRQHandler
                0x08001734                WWDG_IRQHandler
                0x08001734                I2C4_EV_IRQHandler
                0x08001734                FDCAN2_IT0_IRQHandler
                0x08001734                LPUART1_IRQHandler
                0x08001734                DMA2_Channel6_IRQHandler
                0x08001734                FDCAN1_IT0_IRQHandler
                0x08001734                TIM2_IRQHandler
                0x08001734                COMP7_IRQHandler
                0x08001734                COMP1_2_3_IRQHandler
                0x08001734                COMP4_5_6_IRQHandler
                0x08001734                TIM20_BRK_IRQHandler
                0x08001734                I2C2_ER_IRQHandler
                0x08001734                TIM8_BRK_IRQHandler
                0x08001734                FLASH_IRQHandler
                0x08001734                TIM20_CC_IRQHandler
                0x08001734                USART1_IRQHandler
                0x08001734                SPI3_IRQHandler
                0x08001734                I2C1_ER_IRQHandler
                0x08001734                FMC_IRQHandler
                0x08001734                LPTIM1_IRQHandler
                0x08001734                DMAMUX_OVR_IRQHandler
                0x08001734                I2C4_ER_IRQHandler
                0x08001734                USBWakeUp_IRQHandler
                0x08001734                SAI1_IRQHandler
                0x08001734                DMA2_Channel3_IRQHandler
                0x08001734                TIM1_BRK_TIM15_IRQHandler
 .text.HAL_Init
                0x08001736       0x30 ./Drivers/STM32G4xx_HAL_Driver/Src/stm32g4xx_hal.o
                0x08001736                HAL_Init
 *fill*         0x08001766        0x2 
 .text.HAL_IncTick
                0x08001768       0x24 ./Drivers/STM32G4xx_HAL_Driver/Src/stm32g4xx_hal.o
                0x08001768                HAL_IncTick
 .text.HAL_GetTick
                0x0800178c       0x18 ./Drivers/STM32G4xx_HAL_Driver/Src/stm32g4xx_hal.o
                0x0800178c                HAL_GetTick
 .text.__NVIC_SetPriorityGrouping
                0x080017a4       0x48 ./Drivers/STM32G4xx_HAL_Driver/Src/stm32g4xx_hal_cortex.o
 .text.__NVIC_GetPriorityGrouping
                0x080017ec       0x1c ./Drivers/STM32G4xx_HAL_Driver/Src/stm32g4xx_hal_cortex.o
 .text.__NVIC_EnableIRQ
                0x08001808       0x3c ./Drivers/STM32G4xx_HAL_Driver/Src/stm32g4xx_hal_cortex.o
 .text.__NVIC_SetPriority
                0x08001844       0x54 ./Drivers/STM32G4xx_HAL_Driver/Src/stm32g4xx_hal_cortex.o
 .text.NVIC_EncodePriority
                0x08001898       0x66 ./Drivers/STM32G4xx_HAL_Driver/Src/stm32g4xx_hal_cortex.o
 .text.HAL_NVIC_SetPriorityGrouping
                0x080018fe       0x16 ./Drivers/STM32G4xx_HAL_Driver/Src/stm32g4xx_hal_cortex.o
                0x080018fe                HAL_NVIC_SetPriorityGrouping
 .text.HAL_NVIC_SetPriority
                0x08001914       0x34 ./Drivers/STM32G4xx_HAL_Driver/Src/stm32g4xx_hal_cortex.o
                0x08001914                HAL_NVIC_SetPriority
 .text.HAL_NVIC_EnableIRQ
                0x08001948       0x1c ./Drivers/STM32G4xx_HAL_Driver/Src/stm32g4xx_hal_cortex.o
                0x08001948                HAL_NVIC_EnableIRQ
 .text.HAL_CRC_Init
                0x08001964       0xc8 ./Drivers/STM32G4xx_HAL_Driver/Src/stm32g4xx_hal_crc.o
                0x08001964                HAL_CRC_Init
 .text.HAL_CRCEx_Polynomial_Set
                0x08001a2c      0x11c ./Drivers/STM32G4xx_HAL_Driver/Src/stm32g4xx_hal_crc_ex.o
                0x08001a2c                HAL_CRCEx_Polynomial_Set
 .text.HAL_DMA_Init
                0x08001b48      0x150 ./Drivers/STM32G4xx_HAL_Driver/Src/stm32g4xx_hal_dma.o
                0x08001b48                HAL_DMA_Init
 .text.HAL_DMA_Abort
                0x08001c98       0xb2 ./Drivers/STM32G4xx_HAL_Driver/Src/stm32g4xx_hal_dma.o
                0x08001c98                HAL_DMA_Abort
 .text.HAL_DMA_Abort_IT
                0x08001d4a       0xce ./Drivers/STM32G4xx_HAL_Driver/Src/stm32g4xx_hal_dma.o
                0x08001d4a                HAL_DMA_Abort_IT
 .text.HAL_DMA_IRQHandler
                0x08001e18      0x15e ./Drivers/STM32G4xx_HAL_Driver/Src/stm32g4xx_hal_dma.o
                0x08001e18                HAL_DMA_IRQHandler
 *fill*         0x08001f76        0x2 
 .text.DMA_CalcDMAMUXChannelBaseAndMask
                0x08001f78       0x7c ./Drivers/STM32G4xx_HAL_Driver/Src/stm32g4xx_hal_dma.o
 .text.DMA_CalcDMAMUXRequestGenBaseAndMask
                0x08001ff4       0x48 ./Drivers/STM32G4xx_HAL_Driver/Src/stm32g4xx_hal_dma.o
 .text.HAL_FDCAN_Init
                0x0800203c      0x2b4 ./Drivers/STM32G4xx_HAL_Driver/Src/stm32g4xx_hal_fdcan.o
                0x0800203c                HAL_FDCAN_Init
 .text.FDCAN_CalcultateRamBlockAddresses
                0x080022f0       0xd8 ./Drivers/STM32G4xx_HAL_Driver/Src/stm32g4xx_hal_fdcan.o
 .text.HAL_GPIO_Init
                0x080023c8      0x304 ./Drivers/STM32G4xx_HAL_Driver/Src/stm32g4xx_hal_gpio.o
                0x080023c8                HAL_GPIO_Init
 .text.HAL_GPIO_WritePin
                0x080026cc       0x30 ./Drivers/STM32G4xx_HAL_Driver/Src/stm32g4xx_hal_gpio.o
                0x080026cc                HAL_GPIO_WritePin
 .text.HAL_GPIO_EXTI_IRQHandler
                0x080026fc       0x30 ./Drivers/STM32G4xx_HAL_Driver/Src/stm32g4xx_hal_gpio.o
                0x080026fc                HAL_GPIO_EXTI_IRQHandler
 .text.HAL_GPIO_EXTI_Callback
                0x0800272c       0x16 ./Drivers/STM32G4xx_HAL_Driver/Src/stm32g4xx_hal_gpio.o
                0x0800272c                HAL_GPIO_EXTI_Callback
 .text.HAL_I2C_Init
                0x08002742      0x136 ./Drivers/STM32G4xx_HAL_Driver/Src/stm32g4xx_hal_i2c.o
                0x08002742                HAL_I2C_Init
 .text.HAL_I2CEx_ConfigAnalogFilter
                0x08002878       0x96 ./Drivers/STM32G4xx_HAL_Driver/Src/stm32g4xx_hal_i2c_ex.o
                0x08002878                HAL_I2CEx_ConfigAnalogFilter
 .text.HAL_I2CEx_ConfigDigitalFilter
                0x0800290e       0x98 ./Drivers/STM32G4xx_HAL_Driver/Src/stm32g4xx_hal_i2c_ex.o
                0x0800290e                HAL_I2CEx_ConfigDigitalFilter
 .text.HAL_PCD_Init
                0x080029a6      0x19c ./Drivers/STM32G4xx_HAL_Driver/Src/stm32g4xx_hal_pcd.o
                0x080029a6                HAL_PCD_Init
 .text.HAL_PCDEx_ActivateLPM
                0x08002b42       0x54 ./Drivers/STM32G4xx_HAL_Driver/Src/stm32g4xx_hal_pcd_ex.o
                0x08002b42                HAL_PCDEx_ActivateLPM
 *fill*         0x08002b96        0x2 
 .text.HAL_PWREx_ControlVoltageScaling
                0x08002b98      0x148 ./Drivers/STM32G4xx_HAL_Driver/Src/stm32g4xx_hal_pwr_ex.o
                0x08002b98                HAL_PWREx_ControlVoltageScaling
 .text.HAL_PWREx_DisableUCPDDeadBattery
                0x08002ce0       0x20 ./Drivers/STM32G4xx_HAL_Driver/Src/stm32g4xx_hal_pwr_ex.o
                0x08002ce0                HAL_PWREx_DisableUCPDDeadBattery
 .text.HAL_RCC_OscConfig
                0x08002d00      0x624 ./Drivers/STM32G4xx_HAL_Driver/Src/stm32g4xx_hal_rcc.o
                0x08002d00                HAL_RCC_OscConfig
 .text.HAL_RCC_ClockConfig
                0x08003324      0x278 ./Drivers/STM32G4xx_HAL_Driver/Src/stm32g4xx_hal_rcc.o
                0x08003324                HAL_RCC_ClockConfig
 .text.HAL_RCC_GetSysClockFreq
                0x0800359c       0xc0 ./Drivers/STM32G4xx_HAL_Driver/Src/stm32g4xx_hal_rcc.o
                0x0800359c                HAL_RCC_GetSysClockFreq
 .text.HAL_RCC_GetHCLKFreq
                0x0800365c       0x18 ./Drivers/STM32G4xx_HAL_Driver/Src/stm32g4xx_hal_rcc.o
                0x0800365c                HAL_RCC_GetHCLKFreq
 .text.HAL_RCC_GetPCLK1Freq
                0x08003674       0x2c ./Drivers/STM32G4xx_HAL_Driver/Src/stm32g4xx_hal_rcc.o
                0x08003674                HAL_RCC_GetPCLK1Freq
 .text.HAL_RCC_GetPCLK2Freq
                0x080036a0       0x2c ./Drivers/STM32G4xx_HAL_Driver/Src/stm32g4xx_hal_rcc.o
                0x080036a0                HAL_RCC_GetPCLK2Freq
 .text.HAL_RCC_GetClockConfig
                0x080036cc       0x64 ./Drivers/STM32G4xx_HAL_Driver/Src/stm32g4xx_hal_rcc.o
                0x080036cc                HAL_RCC_GetClockConfig
 .text.RCC_GetSysClockFreqFromPLLSource
                0x08003730       0x88 ./Drivers/STM32G4xx_HAL_Driver/Src/stm32g4xx_hal_rcc.o
 .text.HAL_RCCEx_PeriphCLKConfig
                0x080037b8      0x49c ./Drivers/STM32G4xx_HAL_Driver/Src/stm32g4xx_hal_rcc_ex.o
                0x080037b8                HAL_RCCEx_PeriphCLKConfig
 .text.HAL_SPI_Init
                0x08003c54      0x156 ./Drivers/STM32G4xx_HAL_Driver/Src/stm32g4xx_hal_spi.o
                0x08003c54                HAL_SPI_Init
 .text.HAL_SPI_Transmit
                0x08003daa      0x2ec ./Drivers/STM32G4xx_HAL_Driver/Src/stm32g4xx_hal_spi.o
                0x08003daa                HAL_SPI_Transmit
 .text.HAL_SPI_TransmitReceive
                0x08004096      0x43e ./Drivers/STM32G4xx_HAL_Driver/Src/stm32g4xx_hal_spi.o
                0x08004096                HAL_SPI_TransmitReceive
 .text.SPI_WaitFlagStateUntilTimeout
                0x080044d4      0x110 ./Drivers/STM32G4xx_HAL_Driver/Src/stm32g4xx_hal_spi.o
 .text.SPI_WaitFifoStateUntilTimeout
                0x080045e4      0x12c ./Drivers/STM32G4xx_HAL_Driver/Src/stm32g4xx_hal_spi.o
 .text.SPI_EndRxTxTransaction
                0x08004710       0x8c ./Drivers/STM32G4xx_HAL_Driver/Src/stm32g4xx_hal_spi.o
 .text.HAL_TIM_Base_Init
                0x0800479c       0xae ./Drivers/STM32G4xx_HAL_Driver/Src/stm32g4xx_hal_tim.o
                0x0800479c                HAL_TIM_Base_Init
 *fill*         0x0800484a        0x2 
 .text.HAL_TIM_Base_Start_IT
                0x0800484c       0xf0 ./Drivers/STM32G4xx_HAL_Driver/Src/stm32g4xx_hal_tim.o
                0x0800484c                HAL_TIM_Base_Start_IT
 .text.HAL_TIM_IRQHandler
                0x0800493c      0x29e ./Drivers/STM32G4xx_HAL_Driver/Src/stm32g4xx_hal_tim.o
                0x0800493c                HAL_TIM_IRQHandler
 .text.HAL_TIM_OC_DelayElapsedCallback
                0x08004bda       0x14 ./Drivers/STM32G4xx_HAL_Driver/Src/stm32g4xx_hal_tim.o
                0x08004bda                HAL_TIM_OC_DelayElapsedCallback
 .text.HAL_TIM_IC_CaptureCallback
                0x08004bee       0x14 ./Drivers/STM32G4xx_HAL_Driver/Src/stm32g4xx_hal_tim.o
                0x08004bee                HAL_TIM_IC_CaptureCallback
 .text.HAL_TIM_PWM_PulseFinishedCallback
                0x08004c02       0x14 ./Drivers/STM32G4xx_HAL_Driver/Src/stm32g4xx_hal_tim.o
                0x08004c02                HAL_TIM_PWM_PulseFinishedCallback
 .text.HAL_TIM_TriggerCallback
                0x08004c16       0x14 ./Drivers/STM32G4xx_HAL_Driver/Src/stm32g4xx_hal_tim.o
                0x08004c16                HAL_TIM_TriggerCallback
 *fill*         0x08004c2a        0x2 
 .text.TIM_Base_SetConfig
                0x08004c2c      0x168 ./Drivers/STM32G4xx_HAL_Driver/Src/stm32g4xx_hal_tim.o
                0x08004c2c                TIM_Base_SetConfig
 .text.HAL_TIMEx_CommutCallback
                0x08004d94       0x14 ./Drivers/STM32G4xx_HAL_Driver/Src/stm32g4xx_hal_tim_ex.o
                0x08004d94                HAL_TIMEx_CommutCallback
 .text.HAL_TIMEx_BreakCallback
                0x08004da8       0x14 ./Drivers/STM32G4xx_HAL_Driver/Src/stm32g4xx_hal_tim_ex.o
                0x08004da8                HAL_TIMEx_BreakCallback
 .text.HAL_TIMEx_Break2Callback
                0x08004dbc       0x14 ./Drivers/STM32G4xx_HAL_Driver/Src/stm32g4xx_hal_tim_ex.o
                0x08004dbc                HAL_TIMEx_Break2Callback
 .text.HAL_TIMEx_EncoderIndexCallback
                0x08004dd0       0x14 ./Drivers/STM32G4xx_HAL_Driver/Src/stm32g4xx_hal_tim_ex.o
                0x08004dd0                HAL_TIMEx_EncoderIndexCallback
 .text.HAL_TIMEx_DirectionChangeCallback
                0x08004de4       0x14 ./Drivers/STM32G4xx_HAL_Driver/Src/stm32g4xx_hal_tim_ex.o
                0x08004de4                HAL_TIMEx_DirectionChangeCallback
 .text.HAL_TIMEx_IndexErrorCallback
                0x08004df8       0x14 ./Drivers/STM32G4xx_HAL_Driver/Src/stm32g4xx_hal_tim_ex.o
                0x08004df8                HAL_TIMEx_IndexErrorCallback
 .text.HAL_TIMEx_TransitionErrorCallback
                0x08004e0c       0x14 ./Drivers/STM32G4xx_HAL_Driver/Src/stm32g4xx_hal_tim_ex.o
                0x08004e0c                HAL_TIMEx_TransitionErrorCallback
 .text.HAL_UART_Init
                0x08004e20       0xa0 ./Drivers/STM32G4xx_HAL_Driver/Src/stm32g4xx_hal_uart.o
                0x08004e20                HAL_UART_Init
 .text.HAL_UART_IRQHandler
                0x08004ec0      0x684 ./Drivers/STM32G4xx_HAL_Driver/Src/stm32g4xx_hal_uart.o
                0x08004ec0                HAL_UART_IRQHandler
 .text.HAL_UART_TxCpltCallback
                0x08005544       0x14 ./Drivers/STM32G4xx_HAL_Driver/Src/stm32g4xx_hal_uart.o
                0x08005544                HAL_UART_TxCpltCallback
 .text.HAL_UART_ErrorCallback
                0x08005558       0x14 ./Drivers/STM32G4xx_HAL_Driver/Src/stm32g4xx_hal_uart.o
                0x08005558                HAL_UART_ErrorCallback
 .text.HAL_UARTEx_RxEventCallback
                0x0800556c       0x18 ./Drivers/STM32G4xx_HAL_Driver/Src/stm32g4xx_hal_uart.o
                0x0800556c                HAL_UARTEx_RxEventCallback
 .text.UART_SetConfig
                0x08005584      0x5f8 ./Drivers/STM32G4xx_HAL_Driver/Src/stm32g4xx_hal_uart.o
                0x08005584                UART_SetConfig
 .text.UART_AdvFeatureConfig
                0x08005b7c      0x144 ./Drivers/STM32G4xx_HAL_Driver/Src/stm32g4xx_hal_uart.o
                0x08005b7c                UART_AdvFeatureConfig
 .text.UART_CheckIdleState
                0x08005cc0      0x154 ./Drivers/STM32G4xx_HAL_Driver/Src/stm32g4xx_hal_uart.o
                0x08005cc0                UART_CheckIdleState
 .text.UART_WaitOnFlagUntilTimeout
                0x08005e14       0xda ./Drivers/STM32G4xx_HAL_Driver/Src/stm32g4xx_hal_uart.o
                0x08005e14                UART_WaitOnFlagUntilTimeout
 .text.UART_EndRxTransfer
                0x08005eee       0xcc ./Drivers/STM32G4xx_HAL_Driver/Src/stm32g4xx_hal_uart.o
 .text.UART_DMAAbortOnError
                0x08005fba       0x24 ./Drivers/STM32G4xx_HAL_Driver/Src/stm32g4xx_hal_uart.o
 .text.UART_EndTransmit_IT
                0x08005fde       0x56 ./Drivers/STM32G4xx_HAL_Driver/Src/stm32g4xx_hal_uart.o
 .text.HAL_UARTEx_WakeupCallback
                0x08006034       0x14 ./Drivers/STM32G4xx_HAL_Driver/Src/stm32g4xx_hal_uart_ex.o
                0x08006034                HAL_UARTEx_WakeupCallback
 .text.HAL_UARTEx_RxFifoFullCallback
                0x08006048       0x14 ./Drivers/STM32G4xx_HAL_Driver/Src/stm32g4xx_hal_uart_ex.o
                0x08006048                HAL_UARTEx_RxFifoFullCallback
 .text.HAL_UARTEx_TxFifoEmptyCallback
                0x0800605c       0x14 ./Drivers/STM32G4xx_HAL_Driver/Src/stm32g4xx_hal_uart_ex.o
                0x0800605c                HAL_UARTEx_TxFifoEmptyCallback
 .text.HAL_UARTEx_DisableFifoMode
                0x08006070       0x72 ./Drivers/STM32G4xx_HAL_Driver/Src/stm32g4xx_hal_uart_ex.o
                0x08006070                HAL_UARTEx_DisableFifoMode
 .text.HAL_UARTEx_SetTxFifoThreshold
                0x080060e2       0x7c ./Drivers/STM32G4xx_HAL_Driver/Src/stm32g4xx_hal_uart_ex.o
                0x080060e2                HAL_UARTEx_SetTxFifoThreshold
 .text.HAL_UARTEx_SetRxFifoThreshold
                0x0800615e       0x7c ./Drivers/STM32G4xx_HAL_Driver/Src/stm32g4xx_hal_uart_ex.o
                0x0800615e                HAL_UARTEx_SetRxFifoThreshold
 *fill*         0x080061da        0x2 
 .text.UARTEx_SetNbDataToProcess
                0x080061dc       0x9c ./Drivers/STM32G4xx_HAL_Driver/Src/stm32g4xx_hal_uart_ex.o
 .text.USB_DisableGlobalInt
                0x08006278       0x36 ./Drivers/STM32G4xx_HAL_Driver/Src/stm32g4xx_ll_usb.o
                0x08006278                USB_DisableGlobalInt
 .text.USB_DevInit
                0x080062ae       0x3c ./Drivers/STM32G4xx_HAL_Driver/Src/stm32g4xx_ll_usb.o
                0x080062ae                USB_DevInit
 .text.memset   0x080062ea       0x10 /opt/st/stm32cubeide_1.17.0_2/plugins/com.st.stm32cube.ide.mcu.externaltools.gnu-tools-for-stm32.12.3.rel1.linux64_1.1.0.202410170702/tools/bin/../lib/gcc/arm-none-eabi/12.3.1/../../../../arm-none-eabi/lib/thumb/v7e-m+fp/hard/libc_nano.a(libc_a-memset.o)
                0x080062ea                memset
 *fill*         0x080062fa        0x2 
 .text.__libc_init_array
                0x080062fc       0x48 /opt/st/stm32cubeide_1.17.0_2/plugins/com.st.stm32cube.ide.mcu.externaltools.gnu-tools-for-stm32.12.3.rel1.linux64_1.1.0.202410170702/tools/bin/../lib/gcc/arm-none-eabi/12.3.1/../../../../arm-none-eabi/lib/thumb/v7e-m+fp/hard/libc_nano.a(libc_a-init.o)
                0x080062fc                __libc_init_array
 *(.glue_7)
 .glue_7        0x08006344        0x0 linker stubs
 *(.glue_7t)
 .glue_7t       0x08006344        0x0 linker stubs
 *(.eh_frame)
 .eh_frame      0x08006344        0x0 /opt/st/stm32cubeide_1.17.0_2/plugins/com.st.stm32cube.ide.mcu.externaltools.gnu-tools-for-stm32.12.3.rel1.linux64_1.1.0.202410170702/tools/bin/../lib/gcc/arm-none-eabi/12.3.1/thumb/v7e-m+fp/hard/crtbegin.o
 *(.init)
 .init          0x08006344        0x4 /opt/st/stm32cubeide_1.17.0_2/plugins/com.st.stm32cube.ide.mcu.externaltools.gnu-tools-for-stm32.12.3.rel1.linux64_1.1.0.202410170702/tools/bin/../lib/gcc/arm-none-eabi/12.3.1/thumb/v7e-m+fp/hard/crti.o
                0x08006344                _init
 .init          0x08006348        0x8 /opt/st/stm32cubeide_1.17.0_2/plugins/com.st.stm32cube.ide.mcu.externaltools.gnu-tools-for-stm32.12.3.rel1.linux64_1.1.0.202410170702/tools/bin/../lib/gcc/arm-none-eabi/12.3.1/thumb/v7e-m+fp/hard/crtn.o
 *(.fini)
 .fini          0x08006350        0x4 /opt/st/stm32cubeide_1.17.0_2/plugins/com.st.stm32cube.ide.mcu.externaltools.gnu-tools-for-stm32.12.3.rel1.linux64_1.1.0.202410170702/tools/bin/../lib/gcc/arm-none-eabi/12.3.1/thumb/v7e-m+fp/hard/crti.o
                0x08006350                _fini
 .fini          0x08006354        0x8 /opt/st/stm32cubeide_1.17.0_2/plugins/com.st.stm32cube.ide.mcu.externaltools.gnu-tools-for-stm32.12.3.rel1.linux64_1.1.0.202410170702/tools/bin/../lib/gcc/arm-none-eabi/12.3.1/thumb/v7e-m+fp/hard/crtn.o
                0x0800635c                        . = ALIGN (0x4)
                0x0800635c                        _etext = .

.vfp11_veneer   0x0800635c        0x0
 .vfp11_veneer  0x0800635c        0x0 linker stubs

.v4_bx          0x0800635c        0x0
 .v4_bx         0x0800635c        0x0 linker stubs

.iplt           0x0800635c        0x0
 .iplt          0x0800635c        0x0 /opt/st/stm32cubeide_1.17.0_2/plugins/com.st.stm32cube.ide.mcu.externaltools.gnu-tools-for-stm32.12.3.rel1.linux64_1.1.0.202410170702/tools/bin/../lib/gcc/arm-none-eabi/12.3.1/thumb/v7e-m+fp/hard/crtbegin.o

.rodata         0x0800635c       0x40
                0x0800635c                        . = ALIGN (0x4)
 *(.rodata)
 *(.rodata*)
 .rodata.AHBPrescTable
                0x0800635c       0x10 ./Core/Src/system_stm32g4xx.o
                0x0800635c                AHBPrescTable
 .rodata.APBPrescTable
                0x0800636c        0x8 ./Core/Src/system_stm32g4xx.o
                0x0800636c                APBPrescTable
 .rodata.UARTPrescTable
                0x08006374       0x18 ./Drivers/STM32G4xx_HAL_Driver/Src/stm32g4xx_hal_uart.o
                0x08006374                UARTPrescTable
 .rodata.numerator.1
                0x0800638c        0x8 ./Drivers/STM32G4xx_HAL_Driver/Src/stm32g4xx_hal_uart_ex.o
 .rodata.denominator.0
                0x08006394        0x8 ./Drivers/STM32G4xx_HAL_Driver/Src/stm32g4xx_hal_uart_ex.o
                0x0800639c                        . = ALIGN (0x4)

.ARM.extab      0x0800639c        0x0
                0x0800639c                        . = ALIGN (0x4)
 *(.ARM.extab* .gnu.linkonce.armextab.*)
                0x0800639c                        . = ALIGN (0x4)

.ARM            0x0800639c        0x8
                0x0800639c                        . = ALIGN (0x4)
                0x0800639c                        __exidx_start = .
 *(.ARM.exidx*)
 .ARM.exidx     0x0800639c        0x8 /opt/st/stm32cubeide_1.17.0_2/plugins/com.st.stm32cube.ide.mcu.externaltools.gnu-tools-for-stm32.12.3.rel1.linux64_1.1.0.202410170702/tools/bin/../lib/gcc/arm-none-eabi/12.3.1/thumb/v7e-m+fp/hard/libgcc.a(_udivmoddi4.o)
                0x080063a4                        __exidx_end = .
                0x080063a4                        . = ALIGN (0x4)

.preinit_array  0x080063a4        0x0
                0x080063a4                        . = ALIGN (0x4)
                0x080063a4                        PROVIDE (__preinit_array_start = .)
 *(.preinit_array*)
                0x080063a4                        PROVIDE (__preinit_array_end = .)
                0x080063a4                        . = ALIGN (0x4)

.init_array     0x080063a4        0x4
                0x080063a4                        . = ALIGN (0x4)
                0x080063a4                        PROVIDE (__init_array_start = .)
 *(SORT_BY_NAME(.init_array.*))
 *(.init_array*)
 .init_array    0x080063a4        0x4 /opt/st/stm32cubeide_1.17.0_2/plugins/com.st.stm32cube.ide.mcu.externaltools.gnu-tools-for-stm32.12.3.rel1.linux64_1.1.0.202410170702/tools/bin/../lib/gcc/arm-none-eabi/12.3.1/thumb/v7e-m+fp/hard/crtbegin.o
                0x080063a8                        PROVIDE (__init_array_end = .)
                0x080063a8                        . = ALIGN (0x4)

.fini_array     0x080063a8        0x4
                0x080063a8                        . = ALIGN (0x4)
                [!provide]                        PROVIDE (__fini_array_start = .)
 *(SORT_BY_NAME(.fini_array.*))
 *(.fini_array*)
 .fini_array    0x080063a8        0x4 /opt/st/stm32cubeide_1.17.0_2/plugins/com.st.stm32cube.ide.mcu.externaltools.gnu-tools-for-stm32.12.3.rel1.linux64_1.1.0.202410170702/tools/bin/../lib/gcc/arm-none-eabi/12.3.1/thumb/v7e-m+fp/hard/crtbegin.o
                [!provide]                        PROVIDE (__fini_array_end = .)
                0x080063ac                        . = ALIGN (0x4)
                0x080063ac                        _sidata = LOADADDR (.data)

.rel.dyn        0x080063ac        0x0
 .rel.iplt      0x080063ac        0x0 /opt/st/stm32cubeide_1.17.0_2/plugins/com.st.stm32cube.ide.mcu.externaltools.gnu-tools-for-stm32.12.3.rel1.linux64_1.1.0.202410170702/tools/bin/../lib/gcc/arm-none-eabi/12.3.1/thumb/v7e-m+fp/hard/crtbegin.o

.data           0x20000000        0xc load address 0x080063ac
                0x20000000                        . = ALIGN (0x4)
                0x20000000                        _sdata = .
 *(.data)
 *(.data*)
 .data.SystemCoreClock
                0x20000000        0x4 ./Core/Src/system_stm32g4xx.o
                0x20000000                SystemCoreClock
 .data.uwTickPrio
                0x20000004        0x4 ./Drivers/STM32G4xx_HAL_Driver/Src/stm32g4xx_hal.o
                0x20000004                uwTickPrio
 .data.uwTickFreq
                0x20000008        0x4 ./Drivers/STM32G4xx_HAL_Driver/Src/stm32g4xx_hal.o
                0x20000008                uwTickFreq
 *(.RamFunc)
 *(.RamFunc*)
                0x2000000c                        . = ALIGN (0x4)
                0x2000000c                        _edata = .

.igot.plt       0x2000000c        0x0 load address 0x080063b8
 .igot.plt      0x2000000c        0x0 /opt/st/stm32cubeide_1.17.0_2/plugins/com.st.stm32cube.ide.mcu.externaltools.gnu-tools-for-stm32.12.3.rel1.linux64_1.1.0.202410170702/tools/bin/../lib/gcc/arm-none-eabi/12.3.1/thumb/v7e-m+fp/hard/crtbegin.o
                0x2000000c                        . = ALIGN (0x4)

.bss            0x2000000c      0x690 load address 0x080063b8
                0x2000000c                        _sbss = .
                0x2000000c                        __bss_start__ = _sbss
 *(.bss)
 .bss           0x2000000c       0x1c /opt/st/stm32cubeide_1.17.0_2/plugins/com.st.stm32cube.ide.mcu.externaltools.gnu-tools-for-stm32.12.3.rel1.linux64_1.1.0.202410170702/tools/bin/../lib/gcc/arm-none-eabi/12.3.1/thumb/v7e-m+fp/hard/crtbegin.o
 *(.bss*)
 .bss.hcrc      0x20000028       0x24 ./Core/Src/crc.o
                0x20000028                hcrc
 .bss.hfdcan1   0x2000004c       0x64 ./Core/Src/fdcan.o
                0x2000004c                hfdcan1
 .bss.hfdcan2   0x200000b0       0x64 ./Core/Src/fdcan.o
                0x200000b0                hfdcan2
 .bss.HAL_RCC_FDCAN_CLK_ENABLED
                0x20000114        0x4 ./Core/Src/fdcan.o
 .bss.hi2c2     0x20000118       0x54 ./Core/Src/i2c.o
                0x20000118                hi2c2
 .bss.hspi1     0x2000016c       0x64 ./Core/Src/spi.o
                0x2000016c                hspi1
 .bss.htim6     0x200001d0       0x4c ./Core/Src/stm32g4xx_hal_timebase_tim.o
                0x200001d0                htim6
 .bss.htim16    0x2000021c       0x4c ./Core/Src/tim.o
                0x2000021c                htim16
 .bss.huart2    0x20000268       0x94 ./Core/Src/usart.o
                0x20000268                huart2
 .bss.hdma_usart2_rx
                0x200002fc       0x60 ./Core/Src/usart.o
                0x200002fc                hdma_usart2_rx
 .bss.hdma_usart2_tx
                0x2000035c       0x60 ./Core/Src/usart.o
                0x2000035c                hdma_usart2_tx
 .bss.hpcd_USB_FS
                0x200003bc      0x2dc ./Core/Src/usb.o
                0x200003bc                hpcd_USB_FS
 .bss.uwTick    0x20000698        0x4 ./Drivers/STM32G4xx_HAL_Driver/Src/stm32g4xx_hal.o
                0x20000698                uwTick
 *(COMMON)
                0x2000069c                        . = ALIGN (0x4)
                0x2000069c                        _ebss = .
                0x2000069c                        __bss_end__ = _ebss

._user_heap_stack
                0x2000069c      0x604 load address 0x080063b8
                0x200006a0                        . = ALIGN (0x8)
 *fill*         0x2000069c        0x4 
                [!provide]                        PROVIDE (end = .)
                0x200006a0                        PROVIDE (_end = .)
                0x200008a0                        . = (. + _Min_Heap_Size)
 *fill*         0x200006a0      0x200 
                0x20000ca0                        . = (. + _Min_Stack_Size)
 *fill*         0x200008a0      0x400 
                0x20000ca0                        . = ALIGN (0x8)

/DISCARD/
 libc.a(*)
 libm.a(*)
 libgcc.a(*)

.ARM.attributes
                0x00000000       0x30
 *(.ARM.attributes)
 .ARM.attributes
                0x00000000       0x22 /opt/st/stm32cubeide_1.17.0_2/plugins/com.st.stm32cube.ide.mcu.externaltools.gnu-tools-for-stm32.12.3.rel1.linux64_1.1.0.202410170702/tools/bin/../lib/gcc/arm-none-eabi/12.3.1/thumb/v7e-m+fp/hard/crti.o
 .ARM.attributes
                0x00000022       0x34 /opt/st/stm32cubeide_1.17.0_2/plugins/com.st.stm32cube.ide.mcu.externaltools.gnu-tools-for-stm32.12.3.rel1.linux64_1.1.0.202410170702/tools/bin/../lib/gcc/arm-none-eabi/12.3.1/thumb/v7e-m+fp/hard/crtbegin.o
 .ARM.attributes
                0x00000056       0x34 ./Core/Src/CC2500.o
 .ARM.attributes
                0x0000008a       0x34 ./Core/Src/crc.o
 .ARM.attributes
                0x000000be       0x34 ./Core/Src/dma.o
 .ARM.attributes
                0x000000f2       0x34 ./Core/Src/fdcan.o
 .ARM.attributes
                0x00000126       0x34 ./Core/Src/gpio.o
 .ARM.attributes
                0x0000015a       0x34 ./Core/Src/i2c.o
 .ARM.attributes
                0x0000018e       0x34 ./Core/Src/main.o
 .ARM.attributes
                0x000001c2       0x34 ./Core/Src/spi.o
 .ARM.attributes
                0x000001f6       0x34 ./Core/Src/stm32g4xx_hal_msp.o
 .ARM.attributes
                0x0000022a       0x34 ./Core/Src/stm32g4xx_hal_timebase_tim.o
 .ARM.attributes
                0x0000025e       0x34 ./Core/Src/stm32g4xx_it.o
 .ARM.attributes
                0x00000292       0x34 ./Core/Src/system_stm32g4xx.o
 .ARM.attributes
                0x000002c6       0x34 ./Core/Src/tim.o
 .ARM.attributes
                0x000002fa       0x34 ./Core/Src/usart.o
 .ARM.attributes
                0x0000032e       0x34 ./Core/Src/usb.o
 .ARM.attributes
                0x00000362       0x21 ./Core/Startup/startup_stm32g474cetx.o
 .ARM.attributes
                0x00000383       0x34 ./Drivers/STM32G4xx_HAL_Driver/Src/stm32g4xx_hal.o
 .ARM.attributes
                0x000003b7       0x34 ./Drivers/STM32G4xx_HAL_Driver/Src/stm32g4xx_hal_cortex.o
 .ARM.attributes
                0x000003eb       0x34 ./Drivers/STM32G4xx_HAL_Driver/Src/stm32g4xx_hal_crc.o
 .ARM.attributes
                0x0000041f       0x34 ./Drivers/STM32G4xx_HAL_Driver/Src/stm32g4xx_hal_crc_ex.o
 .ARM.attributes
                0x00000453       0x34 ./Drivers/STM32G4xx_HAL_Driver/Src/stm32g4xx_hal_dma.o
 .ARM.attributes
                0x00000487       0x34 ./Drivers/STM32G4xx_HAL_Driver/Src/stm32g4xx_hal_fdcan.o
 .ARM.attributes
                0x000004bb       0x34 ./Drivers/STM32G4xx_HAL_Driver/Src/stm32g4xx_hal_gpio.o
 .ARM.attributes
                0x000004ef       0x34 ./Drivers/STM32G4xx_HAL_Driver/Src/stm32g4xx_hal_i2c.o
 .ARM.attributes
                0x00000523       0x34 ./Drivers/STM32G4xx_HAL_Driver/Src/stm32g4xx_hal_i2c_ex.o
 .ARM.attributes
                0x00000557       0x34 ./Drivers/STM32G4xx_HAL_Driver/Src/stm32g4xx_hal_pcd.o
 .ARM.attributes
                0x0000058b       0x34 ./Drivers/STM32G4xx_HAL_Driver/Src/stm32g4xx_hal_pcd_ex.o
 .ARM.attributes
                0x000005bf       0x34 ./Drivers/STM32G4xx_HAL_Driver/Src/stm32g4xx_hal_pwr_ex.o
 .ARM.attributes
                0x000005f3       0x34 ./Drivers/STM32G4xx_HAL_Driver/Src/stm32g4xx_hal_rcc.o
 .ARM.attributes
                0x00000627       0x34 ./Drivers/STM32G4xx_HAL_Driver/Src/stm32g4xx_hal_rcc_ex.o
 .ARM.attributes
                0x0000065b       0x34 ./Drivers/STM32G4xx_HAL_Driver/Src/stm32g4xx_hal_spi.o
 .ARM.attributes
                0x0000068f       0x34 ./Drivers/STM32G4xx_HAL_Driver/Src/stm32g4xx_hal_tim.o
 .ARM.attributes
                0x000006c3       0x34 ./Drivers/STM32G4xx_HAL_Driver/Src/stm32g4xx_hal_tim_ex.o
 .ARM.attributes
                0x000006f7       0x34 ./Drivers/STM32G4xx_HAL_Driver/Src/stm32g4xx_hal_uart.o
 .ARM.attributes
                0x0000072b       0x34 ./Drivers/STM32G4xx_HAL_Driver/Src/stm32g4xx_hal_uart_ex.o
 .ARM.attributes
                0x0000075f       0x34 ./Drivers/STM32G4xx_HAL_Driver/Src/stm32g4xx_ll_usb.o
 .ARM.attributes
                0x00000793       0x34 /opt/st/stm32cubeide_1.17.0_2/plugins/com.st.stm32cube.ide.mcu.externaltools.gnu-tools-for-stm32.12.3.rel1.linux64_1.1.0.202410170702/tools/bin/../lib/gcc/arm-none-eabi/12.3.1/../../../../arm-none-eabi/lib/thumb/v7e-m+fp/hard/libc_nano.a(libc_a-memset.o)
 .ARM.attributes
                0x000007c7       0x34 /opt/st/stm32cubeide_1.17.0_2/plugins/com.st.stm32cube.ide.mcu.externaltools.gnu-tools-for-stm32.12.3.rel1.linux64_1.1.0.202410170702/tools/bin/../lib/gcc/arm-none-eabi/12.3.1/../../../../arm-none-eabi/lib/thumb/v7e-m+fp/hard/libc_nano.a(libc_a-init.o)
 .ARM.attributes
                0x000007fb       0x22 /opt/st/stm32cubeide_1.17.0_2/plugins/com.st.stm32cube.ide.mcu.externaltools.gnu-tools-for-stm32.12.3.rel1.linux64_1.1.0.202410170702/tools/bin/../lib/gcc/arm-none-eabi/12.3.1/thumb/v7e-m+fp/hard/libgcc.a(_aeabi_uldivmod.o)
 .ARM.attributes
                0x0000081d       0x34 /opt/st/stm32cubeide_1.17.0_2/plugins/com.st.stm32cube.ide.mcu.externaltools.gnu-tools-for-stm32.12.3.rel1.linux64_1.1.0.202410170702/tools/bin/../lib/gcc/arm-none-eabi/12.3.1/thumb/v7e-m+fp/hard/libgcc.a(_udivmoddi4.o)
 .ARM.attributes
                0x00000851       0x22 /opt/st/stm32cubeide_1.17.0_2/plugins/com.st.stm32cube.ide.mcu.externaltools.gnu-tools-for-stm32.12.3.rel1.linux64_1.1.0.202410170702/tools/bin/../lib/gcc/arm-none-eabi/12.3.1/thumb/v7e-m+fp/hard/libgcc.a(_dvmd_tls.o)
 .ARM.attributes
                0x00000873       0x22 /opt/st/stm32cubeide_1.17.0_2/plugins/com.st.stm32cube.ide.mcu.externaltools.gnu-tools-for-stm32.12.3.rel1.linux64_1.1.0.202410170702/tools/bin/../lib/gcc/arm-none-eabi/12.3.1/thumb/v7e-m+fp/hard/crtn.o
OUTPUT(RadioTesting.elf elf32-littlearm)
LOAD linker stubs
LOAD /opt/st/stm32cubeide_1.17.0_2/plugins/com.st.stm32cube.ide.mcu.externaltools.gnu-tools-for-stm32.12.3.rel1.linux64_1.1.0.202410170702/tools/bin/../lib/gcc/arm-none-eabi/12.3.1/../../../../arm-none-eabi/lib/thumb/v7e-m+fp/hard/libc.a
LOAD /opt/st/stm32cubeide_1.17.0_2/plugins/com.st.stm32cube.ide.mcu.externaltools.gnu-tools-for-stm32.12.3.rel1.linux64_1.1.0.202410170702/tools/bin/../lib/gcc/arm-none-eabi/12.3.1/../../../../arm-none-eabi/lib/thumb/v7e-m+fp/hard/libm.a
LOAD /opt/st/stm32cubeide_1.17.0_2/plugins/com.st.stm32cube.ide.mcu.externaltools.gnu-tools-for-stm32.12.3.rel1.linux64_1.1.0.202410170702/tools/bin/../lib/gcc/arm-none-eabi/12.3.1/thumb/v7e-m+fp/hard/libgcc.a

.debug_info     0x00000000    0x22280
 .debug_info    0x00000000      0xca1 ./Core/Src/CC2500.o
 .debug_info    0x00000ca1      0x4f5 ./Core/Src/crc.o
 .debug_info    0x00001196      0x5ac ./Core/Src/dma.o
 .debug_info    0x00001742      0xbcb ./Core/Src/fdcan.o
 .debug_info    0x0000230d      0x75e ./Core/Src/gpio.o
 .debug_info    0x00002a6b      0xca3 ./Core/Src/i2c.o
 .debug_info    0x0000370e      0xfea ./Core/Src/main.o
 .debug_info    0x000046f8      0xaf6 ./Core/Src/spi.o
 .debug_info    0x000051ee      0x2da ./Core/Src/stm32g4xx_hal_msp.o
 .debug_info    0x000054c8      0xe78 ./Core/Src/stm32g4xx_hal_timebase_tim.o
 .debug_info    0x00006340      0xcef ./Core/Src/stm32g4xx_it.o
 .debug_info    0x0000702f      0x58e ./Core/Src/system_stm32g4xx.o
 .debug_info    0x000075bd      0xdbb ./Core/Src/tim.o
 .debug_info    0x00008378     0x10e6 ./Core/Src/usart.o
 .debug_info    0x0000945e      0x9a0 ./Core/Src/usb.o
 .debug_info    0x00009dfe       0x30 ./Core/Startup/startup_stm32g474cetx.o
 .debug_info    0x00009e2e      0xb95 ./Drivers/STM32G4xx_HAL_Driver/Src/stm32g4xx_hal.o
 .debug_info    0x0000a9c3      0xdf9 ./Drivers/STM32G4xx_HAL_Driver/Src/stm32g4xx_hal_cortex.o
 .debug_info    0x0000b7bc      0x513 ./Drivers/STM32G4xx_HAL_Driver/Src/stm32g4xx_hal_crc.o
 .debug_info    0x0000bccf      0x326 ./Drivers/STM32G4xx_HAL_Driver/Src/stm32g4xx_hal_crc_ex.o
 .debug_info    0x0000bff5      0x85f ./Drivers/STM32G4xx_HAL_Driver/Src/stm32g4xx_hal_dma.o
 .debug_info    0x0000c854     0x18bb ./Drivers/STM32G4xx_HAL_Driver/Src/stm32g4xx_hal_fdcan.o
 .debug_info    0x0000e10f      0x763 ./Drivers/STM32G4xx_HAL_Driver/Src/stm32g4xx_hal_gpio.o
 .debug_info    0x0000e872     0x21ea ./Drivers/STM32G4xx_HAL_Driver/Src/stm32g4xx_hal_i2c.o
 .debug_info    0x00010a5c      0xad6 ./Drivers/STM32G4xx_HAL_Driver/Src/stm32g4xx_hal_i2c_ex.o
 .debug_info    0x00011532     0x1610 ./Drivers/STM32G4xx_HAL_Driver/Src/stm32g4xx_hal_pcd.o
 .debug_info    0x00012b42      0x80a ./Drivers/STM32G4xx_HAL_Driver/Src/stm32g4xx_hal_pcd_ex.o
 .debug_info    0x0001334c      0x93f ./Drivers/STM32G4xx_HAL_Driver/Src/stm32g4xx_hal_pwr_ex.o
 .debug_info    0x00013c8b      0xbe0 ./Drivers/STM32G4xx_HAL_Driver/Src/stm32g4xx_hal_rcc.o
 .debug_info    0x0001486b      0xc45 ./Drivers/STM32G4xx_HAL_Driver/Src/stm32g4xx_hal_rcc_ex.o
 .debug_info    0x000154b0     0x1677 ./Drivers/STM32G4xx_HAL_Driver/Src/stm32g4xx_hal_spi.o
 .debug_info    0x00016b27     0x2c52 ./Drivers/STM32G4xx_HAL_Driver/Src/stm32g4xx_hal_tim.o
 .debug_info    0x00019779     0x1d95 ./Drivers/STM32G4xx_HAL_Driver/Src/stm32g4xx_hal_tim_ex.o
 .debug_info    0x0001b50e     0x481e ./Drivers/STM32G4xx_HAL_Driver/Src/stm32g4xx_hal_uart.o
 .debug_info    0x0001fd2c      0xfdd ./Drivers/STM32G4xx_HAL_Driver/Src/stm32g4xx_hal_uart_ex.o
 .debug_info    0x00020d09     0x1577 ./Drivers/STM32G4xx_HAL_Driver/Src/stm32g4xx_ll_usb.o

.debug_abbrev   0x00000000     0x4a79
 .debug_abbrev  0x00000000      0x2ad ./Core/Src/CC2500.o
 .debug_abbrev  0x000002ad      0x18b ./Core/Src/crc.o
 .debug_abbrev  0x00000438      0x109 ./Core/Src/dma.o
 .debug_abbrev  0x00000541      0x1d2 ./Core/Src/fdcan.o
 .debug_abbrev  0x00000713      0x15b ./Core/Src/gpio.o
 .debug_abbrev  0x0000086e      0x213 ./Core/Src/i2c.o
 .debug_abbrev  0x00000a81      0x319 ./Core/Src/main.o
 .debug_abbrev  0x00000d9a      0x1f6 ./Core/Src/spi.o
 .debug_abbrev  0x00000f90       0xd9 ./Core/Src/stm32g4xx_hal_msp.o
 .debug_abbrev  0x00001069      0x223 ./Core/Src/stm32g4xx_hal_timebase_tim.o
 .debug_abbrev  0x0000128c      0x1d2 ./Core/Src/stm32g4xx_it.o
 .debug_abbrev  0x0000145e      0x11a ./Core/Src/system_stm32g4xx.o
 .debug_abbrev  0x00001578      0x21e ./Core/Src/tim.o
 .debug_abbrev  0x00001796      0x228 ./Core/Src/usart.o
 .debug_abbrev  0x000019be      0x205 ./Core/Src/usb.o
 .debug_abbrev  0x00001bc3       0x24 ./Core/Startup/startup_stm32g474cetx.o
 .debug_abbrev  0x00001be7      0x271 ./Drivers/STM32G4xx_HAL_Driver/Src/stm32g4xx_hal.o
 .debug_abbrev  0x00001e58      0x31c ./Drivers/STM32G4xx_HAL_Driver/Src/stm32g4xx_hal_cortex.o
 .debug_abbrev  0x00002174      0x1ee ./Drivers/STM32G4xx_HAL_Driver/Src/stm32g4xx_hal_crc.o
 .debug_abbrev  0x00002362      0x151 ./Drivers/STM32G4xx_HAL_Driver/Src/stm32g4xx_hal_crc_ex.o
 .debug_abbrev  0x000024b3      0x1e2 ./Drivers/STM32G4xx_HAL_Driver/Src/stm32g4xx_hal_dma.o
 .debug_abbrev  0x00002695      0x1e7 ./Drivers/STM32G4xx_HAL_Driver/Src/stm32g4xx_hal_fdcan.o
 .debug_abbrev  0x0000287c      0x1cb ./Drivers/STM32G4xx_HAL_Driver/Src/stm32g4xx_hal_gpio.o
 .debug_abbrev  0x00002a47      0x25e ./Drivers/STM32G4xx_HAL_Driver/Src/stm32g4xx_hal_i2c.o
 .debug_abbrev  0x00002ca5      0x1c0 ./Drivers/STM32G4xx_HAL_Driver/Src/stm32g4xx_hal_i2c_ex.o
 .debug_abbrev  0x00002e65      0x2b9 ./Drivers/STM32G4xx_HAL_Driver/Src/stm32g4xx_hal_pcd.o
 .debug_abbrev  0x0000311e      0x228 ./Drivers/STM32G4xx_HAL_Driver/Src/stm32g4xx_hal_pcd_ex.o
 .debug_abbrev  0x00003346      0x22c ./Drivers/STM32G4xx_HAL_Driver/Src/stm32g4xx_hal_pwr_ex.o
 .debug_abbrev  0x00003572      0x2c9 ./Drivers/STM32G4xx_HAL_Driver/Src/stm32g4xx_hal_rcc.o
 .debug_abbrev  0x0000383b      0x258 ./Drivers/STM32G4xx_HAL_Driver/Src/stm32g4xx_hal_rcc_ex.o
 .debug_abbrev  0x00003a93      0x25d ./Drivers/STM32G4xx_HAL_Driver/Src/stm32g4xx_hal_spi.o
 .debug_abbrev  0x00003cf0      0x2a7 ./Drivers/STM32G4xx_HAL_Driver/Src/stm32g4xx_hal_tim.o
 .debug_abbrev  0x00003f97      0x2c5 ./Drivers/STM32G4xx_HAL_Driver/Src/stm32g4xx_hal_tim_ex.o
 .debug_abbrev  0x0000425c      0x304 ./Drivers/STM32G4xx_HAL_Driver/Src/stm32g4xx_hal_uart.o
 .debug_abbrev  0x00004560      0x2d2 ./Drivers/STM32G4xx_HAL_Driver/Src/stm32g4xx_hal_uart_ex.o
 .debug_abbrev  0x00004832      0x247 ./Drivers/STM32G4xx_HAL_Driver/Src/stm32g4xx_ll_usb.o

.debug_aranges  0x00000000     0x1be8
 .debug_aranges
                0x00000000       0x40 ./Core/Src/CC2500.o
 .debug_aranges
                0x00000040       0x30 ./Core/Src/crc.o
 .debug_aranges
                0x00000070       0x20 ./Core/Src/dma.o
 .debug_aranges
                0x00000090       0x38 ./Core/Src/fdcan.o
 .debug_aranges
                0x000000c8       0x20 ./Core/Src/gpio.o
 .debug_aranges
                0x000000e8       0x30 ./Core/Src/i2c.o
 .debug_aranges
                0x00000118       0x38 ./Core/Src/main.o
 .debug_aranges
                0x00000150       0x30 ./Core/Src/spi.o
 .debug_aranges
                0x00000180       0x20 ./Core/Src/stm32g4xx_hal_msp.o
 .debug_aranges
                0x000001a0       0x30 ./Core/Src/stm32g4xx_hal_timebase_tim.o
 .debug_aranges
                0x000001d0       0x98 ./Core/Src/stm32g4xx_it.o
 .debug_aranges
                0x00000268       0x28 ./Core/Src/system_stm32g4xx.o
 .debug_aranges
                0x00000290       0x30 ./Core/Src/tim.o
 .debug_aranges
                0x000002c0       0x30 ./Core/Src/usart.o
 .debug_aranges
                0x000002f0       0x30 ./Core/Src/usb.o
 .debug_aranges
                0x00000320       0x28 ./Core/Startup/startup_stm32g474cetx.o
 .debug_aranges
                0x00000348      0x148 ./Drivers/STM32G4xx_HAL_Driver/Src/stm32g4xx_hal.o
 .debug_aranges
                0x00000490      0x128 ./Drivers/STM32G4xx_HAL_Driver/Src/stm32g4xx_hal_cortex.o
 .debug_aranges
                0x000005b8       0x60 ./Drivers/STM32G4xx_HAL_Driver/Src/stm32g4xx_hal_crc.o
 .debug_aranges
                0x00000618       0x30 ./Drivers/STM32G4xx_HAL_Driver/Src/stm32g4xx_hal_crc_ex.o
 .debug_aranges
                0x00000648       0x90 ./Drivers/STM32G4xx_HAL_Driver/Src/stm32g4xx_hal_dma.o
 .debug_aranges
                0x000006d8      0x208 ./Drivers/STM32G4xx_HAL_Driver/Src/stm32g4xx_hal_fdcan.o
 .debug_aranges
                0x000008e0       0x58 ./Drivers/STM32G4xx_HAL_Driver/Src/stm32g4xx_hal_gpio.o
 .debug_aranges
                0x00000938      0x2a0 ./Drivers/STM32G4xx_HAL_Driver/Src/stm32g4xx_hal_i2c.o
 .debug_aranges
                0x00000bd8       0x48 ./Drivers/STM32G4xx_HAL_Driver/Src/stm32g4xx_hal_i2c_ex.o
 .debug_aranges
                0x00000c20      0x138 ./Drivers/STM32G4xx_HAL_Driver/Src/stm32g4xx_hal_pcd.o
 .debug_aranges
                0x00000d58       0x58 ./Drivers/STM32G4xx_HAL_Driver/Src/stm32g4xx_hal_pcd_ex.o
 .debug_aranges
                0x00000db0      0x140 ./Drivers/STM32G4xx_HAL_Driver/Src/stm32g4xx_hal_pwr_ex.o
 .debug_aranges
                0x00000ef0       0x98 ./Drivers/STM32G4xx_HAL_Driver/Src/stm32g4xx_hal_rcc.o
 .debug_aranges
                0x00000f88       0xb0 ./Drivers/STM32G4xx_HAL_Driver/Src/stm32g4xx_hal_rcc_ex.o
 .debug_aranges
                0x00001038      0x1d8 ./Drivers/STM32G4xx_HAL_Driver/Src/stm32g4xx_hal_spi.o
 .debug_aranges
                0x00001210      0x3e0 ./Drivers/STM32G4xx_HAL_Driver/Src/stm32g4xx_hal_tim.o
 .debug_aranges
                0x000015f0      0x240 ./Drivers/STM32G4xx_HAL_Driver/Src/stm32g4xx_hal_tim_ex.o
 .debug_aranges
                0x00001830      0x248 ./Drivers/STM32G4xx_HAL_Driver/Src/stm32g4xx_hal_uart.o
 .debug_aranges
                0x00001a78       0xa8 ./Drivers/STM32G4xx_HAL_Driver/Src/stm32g4xx_hal_uart_ex.o
 .debug_aranges
                0x00001b20       0xc8 ./Drivers/STM32G4xx_HAL_Driver/Src/stm32g4xx_ll_usb.o

.debug_rnglists
                0x00000000     0x1599
 .debug_rnglists
                0x00000000       0x2e ./Core/Src/CC2500.o
 .debug_rnglists
                0x0000002e       0x1f ./Core/Src/crc.o
 .debug_rnglists
                0x0000004d       0x13 ./Core/Src/dma.o
 .debug_rnglists
                0x00000060       0x29 ./Core/Src/fdcan.o
 .debug_rnglists
                0x00000089       0x14 ./Core/Src/gpio.o
 .debug_rnglists
                0x0000009d       0x21 ./Core/Src/i2c.o
 .debug_rnglists
                0x000000be       0x26 ./Core/Src/main.o
 .debug_rnglists
                0x000000e4       0x20 ./Core/Src/spi.o
 .debug_rnglists
                0x00000104       0x13 ./Core/Src/stm32g4xx_hal_msp.o
 .debug_rnglists
                0x00000117       0x20 ./Core/Src/stm32g4xx_hal_timebase_tim.o
 .debug_rnglists
                0x00000137       0x6d ./Core/Src/stm32g4xx_it.o
 .debug_rnglists
                0x000001a4       0x1a ./Core/Src/system_stm32g4xx.o
 .debug_rnglists
                0x000001be       0x1f ./Core/Src/tim.o
 .debug_rnglists
                0x000001dd       0x21 ./Core/Src/usart.o
 .debug_rnglists
                0x000001fe       0x1f ./Core/Src/usb.o
 .debug_rnglists
                0x0000021d       0x19 ./Core/Startup/startup_stm32g474cetx.o
 .debug_rnglists
                0x00000236       0xf1 ./Drivers/STM32G4xx_HAL_Driver/Src/stm32g4xx_hal.o
 .debug_rnglists
                0x00000327       0xda ./Drivers/STM32G4xx_HAL_Driver/Src/stm32g4xx_hal_cortex.o
 .debug_rnglists
                0x00000401       0x47 ./Drivers/STM32G4xx_HAL_Driver/Src/stm32g4xx_hal_crc.o
 .debug_rnglists
                0x00000448       0x20 ./Drivers/STM32G4xx_HAL_Driver/Src/stm32g4xx_hal_crc_ex.o
 .debug_rnglists
                0x00000468       0x71 ./Drivers/STM32G4xx_HAL_Driver/Src/stm32g4xx_hal_dma.o
 .debug_rnglists
                0x000004d9      0x18d ./Drivers/STM32G4xx_HAL_Driver/Src/stm32g4xx_hal_fdcan.o
 .debug_rnglists
                0x00000666       0x3f ./Drivers/STM32G4xx_HAL_Driver/Src/stm32g4xx_hal_gpio.o
 .debug_rnglists
                0x000006a5      0x228 ./Drivers/STM32G4xx_HAL_Driver/Src/stm32g4xx_hal_i2c.o
 .debug_rnglists
                0x000008cd       0x35 ./Drivers/STM32G4xx_HAL_Driver/Src/stm32g4xx_hal_i2c_ex.o
 .debug_rnglists
                0x00000902       0xee ./Drivers/STM32G4xx_HAL_Driver/Src/stm32g4xx_hal_pcd.o
 .debug_rnglists
                0x000009f0       0x3f ./Drivers/STM32G4xx_HAL_Driver/Src/stm32g4xx_hal_pcd_ex.o
 .debug_rnglists
                0x00000a2f       0xf1 ./Drivers/STM32G4xx_HAL_Driver/Src/stm32g4xx_hal_pwr_ex.o
 .debug_rnglists
                0x00000b20       0x74 ./Drivers/STM32G4xx_HAL_Driver/Src/stm32g4xx_hal_rcc.o
 .debug_rnglists
                0x00000b94       0x87 ./Drivers/STM32G4xx_HAL_Driver/Src/stm32g4xx_hal_rcc_ex.o
 .debug_rnglists
                0x00000c1b      0x178 ./Drivers/STM32G4xx_HAL_Driver/Src/stm32g4xx_hal_spi.o
 .debug_rnglists
                0x00000d93      0x328 ./Drivers/STM32G4xx_HAL_Driver/Src/stm32g4xx_hal_tim.o
 .debug_rnglists
                0x000010bb      0x1cc ./Drivers/STM32G4xx_HAL_Driver/Src/stm32g4xx_hal_tim_ex.o
 .debug_rnglists
                0x00001287      0x1fa ./Drivers/STM32G4xx_HAL_Driver/Src/stm32g4xx_hal_uart.o
 .debug_rnglists
                0x00001481       0x7f ./Drivers/STM32G4xx_HAL_Driver/Src/stm32g4xx_hal_uart_ex.o
 .debug_rnglists
                0x00001500       0x99 ./Drivers/STM32G4xx_HAL_Driver/Src/stm32g4xx_ll_usb.o

.debug_macro    0x00000000    0x2cf93
 .debug_macro   0x00000000      0x35f ./Core/Src/CC2500.o
 .debug_macro   0x0000035f      0xb8c ./Core/Src/CC2500.o
 .debug_macro   0x00000eeb      0x179 ./Core/Src/CC2500.o
 .debug_macro   0x00001064       0x2e ./Core/Src/CC2500.o
 .debug_macro   0x00001092       0x28 ./Core/Src/CC2500.o
 .debug_macro   0x000010ba       0x1c ./Core/Src/CC2500.o
 .debug_macro   0x000010d6       0x22 ./Core/Src/CC2500.o
 .debug_macro   0x000010f8       0x8e ./Core/Src/CC2500.o
 .debug_macro   0x00001186       0x51 ./Core/Src/CC2500.o
 .debug_macro   0x000011d7      0x103 ./Core/Src/CC2500.o
 .debug_macro   0x000012da       0x6a ./Core/Src/CC2500.o
 .debug_macro   0x00001344      0x1df ./Core/Src/CC2500.o
 .debug_macro   0x00001523       0x1c ./Core/Src/CC2500.o
 .debug_macro   0x0000153f       0x22 ./Core/Src/CC2500.o
 .debug_macro   0x00001561       0xfb ./Core/Src/CC2500.o
 .debug_macro   0x0000165c     0x1011 ./Core/Src/CC2500.o
 .debug_macro   0x0000266d      0x11f ./Core/Src/CC2500.o
 .debug_macro   0x0000278c    0x18b8c ./Core/Src/CC2500.o
 .debug_macro   0x0001b318       0x6d ./Core/Src/CC2500.o
 .debug_macro   0x0001b385     0x3558 ./Core/Src/CC2500.o
 .debug_macro   0x0001e8dd      0x190 ./Core/Src/CC2500.o
 .debug_macro   0x0001ea6d       0x5c ./Core/Src/CC2500.o
 .debug_macro   0x0001eac9     0x171f ./Core/Src/CC2500.o
 .debug_macro   0x000201e8      0x600 ./Core/Src/CC2500.o
 .debug_macro   0x000207e8      0x1b6 ./Core/Src/CC2500.o
 .debug_macro   0x0002099e      0x34a ./Core/Src/CC2500.o
 .debug_macro   0x00020ce8      0x53c ./Core/Src/CC2500.o
 .debug_macro   0x00021224      0x18b ./Core/Src/CC2500.o
 .debug_macro   0x000213af       0x43 ./Core/Src/CC2500.o
 .debug_macro   0x000213f2      0x23d ./Core/Src/CC2500.o
 .debug_macro   0x0002162f       0xc7 ./Core/Src/CC2500.o
 .debug_macro   0x000216f6       0x4c ./Core/Src/CC2500.o
 .debug_macro   0x00021742      0x211 ./Core/Src/CC2500.o
 .debug_macro   0x00021953      0x6bd ./Core/Src/CC2500.o
 .debug_macro   0x00022010      0x45c ./Core/Src/CC2500.o
 .debug_macro   0x0002246c      0x11c ./Core/Src/CC2500.o
 .debug_macro   0x00022588      0x22c ./Core/Src/CC2500.o
 .debug_macro   0x000227b4       0x61 ./Core/Src/CC2500.o
 .debug_macro   0x00022815       0xa5 ./Core/Src/CC2500.o
 .debug_macro   0x000228ba       0x73 ./Core/Src/CC2500.o
 .debug_macro   0x0002292d      0x22d ./Core/Src/CC2500.o
 .debug_macro   0x00022b5a      0x122 ./Core/Src/CC2500.o
 .debug_macro   0x00022c7c      0x3d1 ./Core/Src/CC2500.o
 .debug_macro   0x0002304d      0x2fe ./Core/Src/CC2500.o
 .debug_macro   0x0002334b      0xc0b ./Core/Src/CC2500.o
 .debug_macro   0x00023f56      0x718 ./Core/Src/CC2500.o
 .debug_macro   0x0002466e      0x693 ./Core/Src/CC2500.o
 .debug_macro   0x00024d01       0xa6 ./Core/Src/CC2500.o
 .debug_macro   0x00024da7      0x358 ./Core/Src/CC2500.o
 .debug_macro   0x000250ff      0x100 ./Core/Src/CC2500.o
 .debug_macro   0x000251ff      0x1d2 ./Core/Src/CC2500.o
 .debug_macro   0x000253d1      0x1d6 ./Core/Src/CC2500.o
 .debug_macro   0x000255a7       0x10 ./Core/Src/CC2500.o
 .debug_macro   0x000255b7      0x417 ./Core/Src/CC2500.o
 .debug_macro   0x000259ce       0x61 ./Core/Src/CC2500.o
 .debug_macro   0x00025a2f       0x2a ./Core/Src/CC2500.o
 .debug_macro   0x00025a59       0x43 ./Core/Src/CC2500.o
 .debug_macro   0x00025a9c       0x34 ./Core/Src/CC2500.o
 .debug_macro   0x00025ad0       0x16 ./Core/Src/CC2500.o
 .debug_macro   0x00025ae6       0x43 ./Core/Src/CC2500.o
 .debug_macro   0x00025b29       0x34 ./Core/Src/CC2500.o
 .debug_macro   0x00025b5d       0x10 ./Core/Src/CC2500.o
 .debug_macro   0x00025b6d       0x58 ./Core/Src/CC2500.o
 .debug_macro   0x00025bc5       0x8e ./Core/Src/CC2500.o
 .debug_macro   0x00025c53       0x16 ./Core/Src/CC2500.o
 .debug_macro   0x00025c69      0x177 ./Core/Src/CC2500.o
 .debug_macro   0x00025de0      0x38c ./Core/Src/CC2500.o
 .debug_macro   0x0002616c       0x10 ./Core/Src/CC2500.o
 .debug_macro   0x0002617c       0x35 ./Core/Src/CC2500.o
 .debug_macro   0x000261b1       0x20 ./Core/Src/CC2500.o
 .debug_macro   0x000261d1       0x8e ./Core/Src/CC2500.o
 .debug_macro   0x0002625f      0x257 ./Core/Src/crc.o
 .debug_macro   0x000264b6      0xab4 ./Core/Src/crc.o
 .debug_macro   0x00026f6a     0x1011 ./Core/Src/crc.o
 .debug_macro   0x00027f7b      0x189 ./Core/Src/crc.o
 .debug_macro   0x00028104      0x257 ./Core/Src/dma.o
 .debug_macro   0x0002835b      0x257 ./Core/Src/fdcan.o
 .debug_macro   0x000285b2      0x257 ./Core/Src/gpio.o
 .debug_macro   0x00028809      0x257 ./Core/Src/i2c.o
 .debug_macro   0x00028a60      0x2bd ./Core/Src/main.o
 .debug_macro   0x00028d1d      0x257 ./Core/Src/spi.o
 .debug_macro   0x00028f74      0x24d ./Core/Src/stm32g4xx_hal_msp.o
 .debug_macro   0x000291c1      0x23e ./Core/Src/stm32g4xx_hal_timebase_tim.o
 .debug_macro   0x000293ff      0x257 ./Core/Src/stm32g4xx_it.o
 .debug_macro   0x00029656      0x23e ./Core/Src/system_stm32g4xx.o
 .debug_macro   0x00029894      0x257 ./Core/Src/tim.o
 .debug_macro   0x00029aeb      0x257 ./Core/Src/usart.o
 .debug_macro   0x00029d42      0x257 ./Core/Src/usb.o
 .debug_macro   0x00029f99      0x28c ./Drivers/STM32G4xx_HAL_Driver/Src/stm32g4xx_hal.o
 .debug_macro   0x0002a225      0x23e ./Drivers/STM32G4xx_HAL_Driver/Src/stm32g4xx_hal_cortex.o
 .debug_macro   0x0002a463      0x23e ./Drivers/STM32G4xx_HAL_Driver/Src/stm32g4xx_hal_crc.o
 .debug_macro   0x0002a6a1      0x23e ./Drivers/STM32G4xx_HAL_Driver/Src/stm32g4xx_hal_crc_ex.o
 .debug_macro   0x0002a8df      0x23e ./Drivers/STM32G4xx_HAL_Driver/Src/stm32g4xx_hal_dma.o
 .debug_macro   0x0002ab1d      0x350 ./Drivers/STM32G4xx_HAL_Driver/Src/stm32g4xx_hal_fdcan.o
 .debug_macro   0x0002ae6d      0x245 ./Drivers/STM32G4xx_HAL_Driver/Src/stm32g4xx_hal_gpio.o
 .debug_macro   0x0002b0b2      0x30a ./Drivers/STM32G4xx_HAL_Driver/Src/stm32g4xx_hal_i2c.o
 .debug_macro   0x0002b3bc      0x23e ./Drivers/STM32G4xx_HAL_Driver/Src/stm32g4xx_hal_i2c_ex.o
 .debug_macro   0x0002b5fa      0x24a ./Drivers/STM32G4xx_HAL_Driver/Src/stm32g4xx_hal_pcd.o
 .debug_macro   0x0002b844      0x23e ./Drivers/STM32G4xx_HAL_Driver/Src/stm32g4xx_hal_pcd_ex.o
 .debug_macro   0x0002ba82      0x268 ./Drivers/STM32G4xx_HAL_Driver/Src/stm32g4xx_hal_pwr_ex.o
 .debug_macro   0x0002bcea      0x280 ./Drivers/STM32G4xx_HAL_Driver/Src/stm32g4xx_hal_rcc.o
 .debug_macro   0x0002bf6a      0x268 ./Drivers/STM32G4xx_HAL_Driver/Src/stm32g4xx_hal_rcc_ex.o
 .debug_macro   0x0002c1d2      0x246 ./Drivers/STM32G4xx_HAL_Driver/Src/stm32g4xx_hal_spi.o
 .debug_macro   0x0002c418      0x246 ./Drivers/STM32G4xx_HAL_Driver/Src/stm32g4xx_hal_tim.o
 .debug_macro   0x0002c65e      0x244 ./Drivers/STM32G4xx_HAL_Driver/Src/stm32g4xx_hal_tim_ex.o
 .debug_macro   0x0002c8a2      0x269 ./Drivers/STM32G4xx_HAL_Driver/Src/stm32g4xx_hal_uart.o
 .debug_macro   0x0002cb0b      0x24a ./Drivers/STM32G4xx_HAL_Driver/Src/stm32g4xx_hal_uart_ex.o
 .debug_macro   0x0002cd55      0x23e ./Drivers/STM32G4xx_HAL_Driver/Src/stm32g4xx_ll_usb.o

.debug_line     0x00000000    0x24e4e
 .debug_line    0x00000000      0xc30 ./Core/Src/CC2500.o
 .debug_line    0x00000c30      0x7ec ./Core/Src/crc.o
 .debug_line    0x0000141c      0x7a0 ./Core/Src/dma.o
 .debug_line    0x00001bbc      0x8ef ./Core/Src/fdcan.o
 .debug_line    0x000024ab      0x815 ./Core/Src/gpio.o
 .debug_line    0x00002cc0      0x832 ./Core/Src/i2c.o
 .debug_line    0x000034f2      0x8bf ./Core/Src/main.o
 .debug_line    0x00003db1      0x81a ./Core/Src/spi.o
 .debug_line    0x000045cb      0x7a2 ./Core/Src/stm32g4xx_hal_msp.o
 .debug_line    0x00004d6d      0x80c ./Core/Src/stm32g4xx_hal_timebase_tim.o
 .debug_line    0x00005579      0x909 ./Core/Src/stm32g4xx_it.o
 .debug_line    0x00005e82      0x80e ./Core/Src/system_stm32g4xx.o
 .debug_line    0x00006690      0x7f0 ./Core/Src/tim.o
 .debug_line    0x00006e80      0x88e ./Core/Src/usart.o
 .debug_line    0x0000770e      0x804 ./Core/Src/usb.o
 .debug_line    0x00007f12       0x7b ./Core/Startup/startup_stm32g474cetx.o
 .debug_line    0x00007f8d      0xbca ./Drivers/STM32G4xx_HAL_Driver/Src/stm32g4xx_hal.o
 .debug_line    0x00008b57      0xd5d ./Drivers/STM32G4xx_HAL_Driver/Src/stm32g4xx_hal_cortex.o
 .debug_line    0x000098b4      0xae2 ./Drivers/STM32G4xx_HAL_Driver/Src/stm32g4xx_hal_crc.o
 .debug_line    0x0000a396      0x85e ./Drivers/STM32G4xx_HAL_Driver/Src/stm32g4xx_hal_crc_ex.o
 .debug_line    0x0000abf4      0xef4 ./Drivers/STM32G4xx_HAL_Driver/Src/stm32g4xx_hal_dma.o
 .debug_line    0x0000bae8     0x19bd ./Drivers/STM32G4xx_HAL_Driver/Src/stm32g4xx_hal_fdcan.o
 .debug_line    0x0000d4a5      0xbe3 ./Drivers/STM32G4xx_HAL_Driver/Src/stm32g4xx_hal_gpio.o
 .debug_line    0x0000e088     0x3a90 ./Drivers/STM32G4xx_HAL_Driver/Src/stm32g4xx_hal_i2c.o
 .debug_line    0x00011b18      0x9bf ./Drivers/STM32G4xx_HAL_Driver/Src/stm32g4xx_hal_i2c_ex.o
 .debug_line    0x000124d7     0x13f6 ./Drivers/STM32G4xx_HAL_Driver/Src/stm32g4xx_hal_pcd.o
 .debug_line    0x000138cd      0x93b ./Drivers/STM32G4xx_HAL_Driver/Src/stm32g4xx_hal_pcd_ex.o
 .debug_line    0x00014208      0xd39 ./Drivers/STM32G4xx_HAL_Driver/Src/stm32g4xx_hal_pwr_ex.o
 .debug_line    0x00014f41      0xf95 ./Drivers/STM32G4xx_HAL_Driver/Src/stm32g4xx_hal_rcc.o
 .debug_line    0x00015ed6     0x12a6 ./Drivers/STM32G4xx_HAL_Driver/Src/stm32g4xx_hal_rcc_ex.o
 .debug_line    0x0001717c     0x206e ./Drivers/STM32G4xx_HAL_Driver/Src/stm32g4xx_hal_spi.o
 .debug_line    0x000191ea     0x408a ./Drivers/STM32G4xx_HAL_Driver/Src/stm32g4xx_hal_tim.o
 .debug_line    0x0001d274     0x21cd ./Drivers/STM32G4xx_HAL_Driver/Src/stm32g4xx_hal_tim_ex.o
 .debug_line    0x0001f441     0x3c67 ./Drivers/STM32G4xx_HAL_Driver/Src/stm32g4xx_hal_uart.o
 .debug_line    0x000230a8      0xdf0 ./Drivers/STM32G4xx_HAL_Driver/Src/stm32g4xx_hal_uart_ex.o
 .debug_line    0x00023e98      0xfb6 ./Drivers/STM32G4xx_HAL_Driver/Src/stm32g4xx_ll_usb.o

.debug_str      0x00000000   0x10c4fd
 .debug_str     0x00000000   0x103304 ./Core/Src/CC2500.o
                             0x10376c (size before relaxing)
 .debug_str     0x00103304      0x4f7 ./Core/Src/crc.o
                              0xfdc44 (size before relaxing)
 .debug_str     0x001037fb      0x669 ./Core/Src/dma.o
                              0xfe089 (size before relaxing)
 .debug_str     0x00103e64      0x5b5 ./Core/Src/fdcan.o
                              0xfe0b8 (size before relaxing)
 .debug_str     0x00104419       0x2c ./Core/Src/gpio.o
                              0xfe157 (size before relaxing)
 .debug_str     0x00104445      0x2ac ./Core/Src/i2c.o
                              0xfe2dc (size before relaxing)
 .debug_str     0x001046f1      0x535 ./Core/Src/main.o
                              0xff100 (size before relaxing)
 .debug_str     0x00104c26       0x4b ./Core/Src/spi.o
                              0xfe032 (size before relaxing)
 .debug_str     0x00104c71       0x4d ./Core/Src/stm32g4xx_hal_msp.o
                              0xfda53 (size before relaxing)
 .debug_str     0x00104cbe       0xf7 ./Core/Src/stm32g4xx_hal_timebase_tim.o
                              0xfe3dc (size before relaxing)
 .debug_str     0x00104db5      0x3b3 ./Core/Src/stm32g4xx_it.o
                              0xfe325 (size before relaxing)
 .debug_str     0x00105168       0xdb ./Core/Src/system_stm32g4xx.o
                              0xfd6d8 (size before relaxing)
 .debug_str     0x00105243       0x61 ./Core/Src/tim.o
                              0xfe73d (size before relaxing)
 .debug_str     0x001052a4       0xc4 ./Core/Src/usart.o
                              0xfe994 (size before relaxing)
 .debug_str     0x00105368      0x325 ./Core/Src/usb.o
                              0xfdff0 (size before relaxing)
 .debug_str     0x0010568d       0x44 ./Core/Startup/startup_stm32g474cetx.o
                                 0x88 (size before relaxing)
 .debug_str     0x001056d1      0x59f ./Drivers/STM32G4xx_HAL_Driver/Src/stm32g4xx_hal.o
                              0xfe3ea (size before relaxing)
 .debug_str     0x00105c70      0x355 ./Drivers/STM32G4xx_HAL_Driver/Src/stm32g4xx_hal_cortex.o
                              0xfe0a6 (size before relaxing)
 .debug_str     0x00105fc5       0xc6 ./Drivers/STM32G4xx_HAL_Driver/Src/stm32g4xx_hal_crc.o
                              0xfd78f (size before relaxing)
 .debug_str     0x0010608b       0x69 ./Drivers/STM32G4xx_HAL_Driver/Src/stm32g4xx_hal_crc_ex.o
                              0xfd735 (size before relaxing)
 .debug_str     0x001060f4      0x297 ./Drivers/STM32G4xx_HAL_Driver/Src/stm32g4xx_hal_dma.o
                              0xfdab2 (size before relaxing)
 .debug_str     0x0010638b     0x1324 ./Drivers/STM32G4xx_HAL_Driver/Src/stm32g4xx_hal_fdcan.o
                              0xfec87 (size before relaxing)
 .debug_str     0x001076af      0x10a ./Drivers/STM32G4xx_HAL_Driver/Src/stm32g4xx_hal_gpio.o
                              0xfd863 (size before relaxing)
 .debug_str     0x001077b9      0xdba ./Drivers/STM32G4xx_HAL_Driver/Src/stm32g4xx_hal_i2c.o
                              0xfe9e2 (size before relaxing)
 .debug_str     0x00108573       0xb8 ./Drivers/STM32G4xx_HAL_Driver/Src/stm32g4xx_hal_i2c_ex.o
                              0xfdcf7 (size before relaxing)
 .debug_str     0x0010862b      0x55b ./Drivers/STM32G4xx_HAL_Driver/Src/stm32g4xx_hal_pcd.o
                              0xfde54 (size before relaxing)
 .debug_str     0x00108b86      0x186 ./Drivers/STM32G4xx_HAL_Driver/Src/stm32g4xx_hal_pcd_ex.o
                              0xfda90 (size before relaxing)
 .debug_str     0x00108d0c      0x4a5 ./Drivers/STM32G4xx_HAL_Driver/Src/stm32g4xx_hal_pwr_ex.o
                              0xfdbc6 (size before relaxing)
 .debug_str     0x001091b1      0x4c5 ./Drivers/STM32G4xx_HAL_Driver/Src/stm32g4xx_hal_rcc.o
                              0xfddf7 (size before relaxing)
 .debug_str     0x00109676      0x3f9 ./Drivers/STM32G4xx_HAL_Driver/Src/stm32g4xx_hal_rcc_ex.o
                              0xfde21 (size before relaxing)
 .debug_str     0x00109a6f      0x520 ./Drivers/STM32G4xx_HAL_Driver/Src/stm32g4xx_hal_spi.o
                              0xfe00a (size before relaxing)
 .debug_str     0x00109f8f      0xf22 ./Drivers/STM32G4xx_HAL_Driver/Src/stm32g4xx_hal_tim.o
                              0xfebd6 (size before relaxing)
 .debug_str     0x0010aeb1      0x985 ./Drivers/STM32G4xx_HAL_Driver/Src/stm32g4xx_hal_tim_ex.o
                              0xfe84a (size before relaxing)
 .debug_str     0x0010b836      0x990 ./Drivers/STM32G4xx_HAL_Driver/Src/stm32g4xx_hal_uart.o
                              0xfe693 (size before relaxing)
 .debug_str     0x0010c1c6      0x264 ./Drivers/STM32G4xx_HAL_Driver/Src/stm32g4xx_hal_uart_ex.o
                              0xfde91 (size before relaxing)
 .debug_str     0x0010c42a       0xd3 ./Drivers/STM32G4xx_HAL_Driver/Src/stm32g4xx_ll_usb.o
                              0xfd991 (size before relaxing)

.comment        0x00000000       0x43
 .comment       0x00000000       0x43 ./Core/Src/CC2500.o
                                 0x44 (size before relaxing)
 .comment       0x00000043       0x44 ./Core/Src/crc.o
 .comment       0x00000043       0x44 ./Core/Src/dma.o
 .comment       0x00000043       0x44 ./Core/Src/fdcan.o
 .comment       0x00000043       0x44 ./Core/Src/gpio.o
 .comment       0x00000043       0x44 ./Core/Src/i2c.o
 .comment       0x00000043       0x44 ./Core/Src/main.o
 .comment       0x00000043       0x44 ./Core/Src/spi.o
 .comment       0x00000043       0x44 ./Core/Src/stm32g4xx_hal_msp.o
 .comment       0x00000043       0x44 ./Core/Src/stm32g4xx_hal_timebase_tim.o
 .comment       0x00000043       0x44 ./Core/Src/stm32g4xx_it.o
 .comment       0x00000043       0x44 ./Core/Src/system_stm32g4xx.o
 .comment       0x00000043       0x44 ./Core/Src/tim.o
 .comment       0x00000043       0x44 ./Core/Src/usart.o
 .comment       0x00000043       0x44 ./Core/Src/usb.o
 .comment       0x00000043       0x44 ./Drivers/STM32G4xx_HAL_Driver/Src/stm32g4xx_hal.o
 .comment       0x00000043       0x44 ./Drivers/STM32G4xx_HAL_Driver/Src/stm32g4xx_hal_cortex.o
 .comment       0x00000043       0x44 ./Drivers/STM32G4xx_HAL_Driver/Src/stm32g4xx_hal_crc.o
 .comment       0x00000043       0x44 ./Drivers/STM32G4xx_HAL_Driver/Src/stm32g4xx_hal_crc_ex.o
 .comment       0x00000043       0x44 ./Drivers/STM32G4xx_HAL_Driver/Src/stm32g4xx_hal_dma.o
 .comment       0x00000043       0x44 ./Drivers/STM32G4xx_HAL_Driver/Src/stm32g4xx_hal_fdcan.o
 .comment       0x00000043       0x44 ./Drivers/STM32G4xx_HAL_Driver/Src/stm32g4xx_hal_gpio.o
 .comment       0x00000043       0x44 ./Drivers/STM32G4xx_HAL_Driver/Src/stm32g4xx_hal_i2c.o
 .comment       0x00000043       0x44 ./Drivers/STM32G4xx_HAL_Driver/Src/stm32g4xx_hal_i2c_ex.o
 .comment       0x00000043       0x44 ./Drivers/STM32G4xx_HAL_Driver/Src/stm32g4xx_hal_pcd.o
 .comment       0x00000043       0x44 ./Drivers/STM32G4xx_HAL_Driver/Src/stm32g4xx_hal_pcd_ex.o
 .comment       0x00000043       0x44 ./Drivers/STM32G4xx_HAL_Driver/Src/stm32g4xx_hal_pwr_ex.o
 .comment       0x00000043       0x44 ./Drivers/STM32G4xx_HAL_Driver/Src/stm32g4xx_hal_rcc.o
 .comment       0x00000043       0x44 ./Drivers/STM32G4xx_HAL_Driver/Src/stm32g4xx_hal_rcc_ex.o
 .comment       0x00000043       0x44 ./Drivers/STM32G4xx_HAL_Driver/Src/stm32g4xx_hal_spi.o
 .comment       0x00000043       0x44 ./Drivers/STM32G4xx_HAL_Driver/Src/stm32g4xx_hal_tim.o
 .comment       0x00000043       0x44 ./Drivers/STM32G4xx_HAL_Driver/Src/stm32g4xx_hal_tim_ex.o
 .comment       0x00000043       0x44 ./Drivers/STM32G4xx_HAL_Driver/Src/stm32g4xx_hal_uart.o
 .comment       0x00000043       0x44 ./Drivers/STM32G4xx_HAL_Driver/Src/stm32g4xx_hal_uart_ex.o
 .comment       0x00000043       0x44 ./Drivers/STM32G4xx_HAL_Driver/Src/stm32g4xx_ll_usb.o

.debug_frame    0x00000000     0x756c
 .debug_frame   0x00000000       0xe4 ./Core/Src/CC2500.o
 .debug_frame   0x000000e4       0x7c ./Core/Src/crc.o
 .debug_frame   0x00000160       0x34 ./Core/Src/dma.o
 .debug_frame   0x00000194       0x94 ./Core/Src/fdcan.o
 .debug_frame   0x00000228       0x34 ./Core/Src/gpio.o
 .debug_frame   0x0000025c       0x78 ./Core/Src/i2c.o
 .debug_frame   0x000002d4       0x90 ./Core/Src/main.o
 .debug_frame   0x00000364       0x74 ./Core/Src/spi.o
 .debug_frame   0x000003d8       0x34 ./Core/Src/stm32g4xx_hal_msp.o
 .debug_frame   0x0000040c       0x74 ./Core/Src/stm32g4xx_hal_timebase_tim.o
 .debug_frame   0x00000480      0x1cc ./Core/Src/stm32g4xx_it.o
 .debug_frame   0x0000064c       0x58 ./Core/Src/system_stm32g4xx.o
 .debug_frame   0x000006a4       0x74 ./Core/Src/tim.o
 .debug_frame   0x00000718       0x78 ./Core/Src/usart.o
 .debug_frame   0x00000790       0x78 ./Core/Src/usb.o
 .debug_frame   0x00000808      0x500 ./Drivers/STM32G4xx_HAL_Driver/Src/stm32g4xx_hal.o
 .debug_frame   0x00000d08      0x4e8 ./Drivers/STM32G4xx_HAL_Driver/Src/stm32g4xx_hal_cortex.o
 .debug_frame   0x000011f0      0x168 ./Drivers/STM32G4xx_HAL_Driver/Src/stm32g4xx_hal_crc.o
 .debug_frame   0x00001358       0x88 ./Drivers/STM32G4xx_HAL_Driver/Src/stm32g4xx_hal_crc_ex.o
 .debug_frame   0x000013e0      0x24c ./Drivers/STM32G4xx_HAL_Driver/Src/stm32g4xx_hal_dma.o
 .debug_frame   0x0000162c      0x9b0 ./Drivers/STM32G4xx_HAL_Driver/Src/stm32g4xx_hal_fdcan.o
 .debug_frame   0x00001fdc      0x14c ./Drivers/STM32G4xx_HAL_Driver/Src/stm32g4xx_hal_gpio.o
 .debug_frame   0x00002128      0xc38 ./Drivers/STM32G4xx_HAL_Driver/Src/stm32g4xx_hal_i2c.o
 .debug_frame   0x00002d60      0x100 ./Drivers/STM32G4xx_HAL_Driver/Src/stm32g4xx_hal_i2c_ex.o
 .debug_frame   0x00002e60      0x56c ./Drivers/STM32G4xx_HAL_Driver/Src/stm32g4xx_hal_pcd.o
 .debug_frame   0x000033cc      0x14c ./Drivers/STM32G4xx_HAL_Driver/Src/stm32g4xx_hal_pcd_ex.o
 .debug_frame   0x00003518      0x4fc ./Drivers/STM32G4xx_HAL_Driver/Src/stm32g4xx_hal_pwr_ex.o
 .debug_frame   0x00003a14      0x23c ./Drivers/STM32G4xx_HAL_Driver/Src/stm32g4xx_hal_rcc.o
 .debug_frame   0x00003c50      0x2ac ./Drivers/STM32G4xx_HAL_Driver/Src/stm32g4xx_hal_rcc_ex.o
 .debug_frame   0x00003efc      0x860 ./Drivers/STM32G4xx_HAL_Driver/Src/stm32g4xx_hal_spi.o
 .debug_frame   0x0000475c     0x1220 ./Drivers/STM32G4xx_HAL_Driver/Src/stm32g4xx_hal_tim.o
 .debug_frame   0x0000597c      0xa70 ./Drivers/STM32G4xx_HAL_Driver/Src/stm32g4xx_hal_tim_ex.o
 .debug_frame   0x000063ec      0xa94 ./Drivers/STM32G4xx_HAL_Driver/Src/stm32g4xx_hal_uart.o
 .debug_frame   0x00006e80      0x2c0 ./Drivers/STM32G4xx_HAL_Driver/Src/stm32g4xx_hal_uart_ex.o
 .debug_frame   0x00007140      0x380 ./Drivers/STM32G4xx_HAL_Driver/Src/stm32g4xx_ll_usb.o
 .debug_frame   0x000074c0       0x20 /opt/st/stm32cubeide_1.17.0_2/plugins/com.st.stm32cube.ide.mcu.externaltools.gnu-tools-for-stm32.12.3.rel1.linux64_1.1.0.202410170702/tools/bin/../lib/gcc/arm-none-eabi/12.3.1/../../../../arm-none-eabi/lib/thumb/v7e-m+fp/hard/libc_nano.a(libc_a-memset.o)
 .debug_frame   0x000074e0       0x2c /opt/st/stm32cubeide_1.17.0_2/plugins/com.st.stm32cube.ide.mcu.externaltools.gnu-tools-for-stm32.12.3.rel1.linux64_1.1.0.202410170702/tools/bin/../lib/gcc/arm-none-eabi/12.3.1/../../../../arm-none-eabi/lib/thumb/v7e-m+fp/hard/libc_nano.a(libc_a-init.o)
 .debug_frame   0x0000750c       0x2c /opt/st/stm32cubeide_1.17.0_2/plugins/com.st.stm32cube.ide.mcu.externaltools.gnu-tools-for-stm32.12.3.rel1.linux64_1.1.0.202410170702/tools/bin/../lib/gcc/arm-none-eabi/12.3.1/thumb/v7e-m+fp/hard/libgcc.a(_aeabi_uldivmod.o)
 .debug_frame   0x00007538       0x34 /opt/st/stm32cubeide_1.17.0_2/plugins/com.st.stm32cube.ide.mcu.externaltools.gnu-tools-for-stm32.12.3.rel1.linux64_1.1.0.202410170702/tools/bin/../lib/gcc/arm-none-eabi/12.3.1/thumb/v7e-m+fp/hard/libgcc.a(_udivmoddi4.o)

.debug_line_str
                0x00000000       0x6c
 .debug_line_str
                0x00000000       0x6c ./Core/Startup/startup_stm32g474cetx.o
