23:04:31 **** Incremental Build of configuration Debug for project Flight Control Computer ****
make -j20 all 
arm-none-eabi-gcc "../Core/Src/app_freertos.c" -mcpu=cortex-m4 -std=gnu11 -g3 -DDEBUG -DUSE_HAL_DRIVER -DSTM32G474xx -c -I../Core/Inc -I../Drivers/STM32G4xx_HAL_Driver/Inc -I../Drivers/STM32G4xx_HAL_Driver/Inc/Legacy -I../Drivers/CMSIS/Device/ST/STM32G4xx/Include -I../Drivers/CMSIS/Include -I../USB_Device/App -I../USB_Device/Target -I../Middlewares/ST/STM32_USB_Device_Library/Core/Inc -I../Middlewares/ST/STM32_USB_Device_Library/Class/CDC/Inc -I../Middlewares/Third_Party/FreeRTOS/Source/include -I../Middlewares/Third_Party/FreeRTOS/Source/CMSIS_RTOS_V2 -I../Middlewares/Third_Party/FreeRTOS/Source/portable/GCC/ARM_CM4F -O0 -ffunction-sections -fdata-sections -Wall -fstack-usage -fcyclomatic-complexity -MMD -MP -MF"Core/Src/app_freertos.d" -MT"Core/Src/app_freertos.o" --specs=nano.specs -mfpu=fpv4-sp-d16 -mfloat-abi=hard -mthumb -o "Core/Src/app_freertos.o"
arm-none-eabi-gcc -o "Flight Control Computer.elf" @"objects.list"   -mcpu=cortex-m4 -T"/home/nikolai/Documents/NP1_DRONE/software/STM32/Flight Control Computer/STM32G474CETX_FLASH.ld" --specs=nosys.specs -Wl,-Map="Flight Control Computer.map" -Wl,--gc-sections -static -u _printf_float --specs=nano.specs -mfpu=fpv4-sp-d16 -mfloat-abi=hard -mthumb -Wl,--start-group -lc -lm -Wl,--end-group
Finished building target: Flight Control Computer.elf
 
arm-none-eabi-size  Flight\ Control\ Computer.elf 
arm-none-eabi-objdump -h -S Flight\ Control\ Computer.elf  > "Flight Control Computer.list"
   text	   data	    bss	    dec	    hex	filename
  87356	    856	  23952	 112164	  1b624	Flight Control Computer.elf
Finished building: default.size.stdout
 
Finished building: Flight Control Computer.list
 

23:04:32 Build Finished. 0 errors, 0 warnings. (took 574ms)

