22:22:19 **** Incremental Build of configuration Debug for project Flight Control Computer ****
make -j20 all 
arm-none-eabi-gcc "../Core/Src/system_stm32g4xx.c" -mcpu=cortex-m4 -std=gnu11 -g3 -DDEBUG -DUSE_HAL_DRIVER -DSTM32G474xx -c -I../Core/Inc -I../Drivers/STM32G4xx_HAL_Driver/Inc -I../Drivers/STM32G4xx_HAL_Driver/Inc/Legacy -I../Drivers/CMSIS/Device/ST/STM32G4xx/Include -I../Drivers/CMSIS/Include -O0 -ffunction-sections -fdata-sections -Wall -fstack-usage -fcyclomatic-complexity -MMD -MP -MF"Core/Src/system_stm32g4xx.d" -MT"Core/Src/system_stm32g4xx.o" --specs=nano.specs -mfpu=fpv4-sp-d16 -mfloat-abi=hard -mthumb -o "Core/Src/system_stm32g4xx.o"
arm-none-eabi-gcc -o "Flight Control Computer.elf" @"objects.list"   -mcpu=cortex-m4 -T"/home/nikolai/Documents/NP1_DRONE/software/STM32/Flight Control Computer/STM32G474CETX_FLASH.ld" --specs=nosys.specs -Wl,-Map="Flight Control Computer.map" -Wl,--gc-sections -static --specs=nano.specs -mfpu=fpv4-sp-d16 -mfloat-abi=hard -mthumb -Wl,--start-group -lc -lm -Wl,--end-group
Finished building target: Flight Control Computer.elf
 
arm-none-eabi-size  Flight\ Control\ Computer.elf 
arm-none-eabi-objdump -h -S Flight\ Control\ Computer.elf  > "Flight Control Computer.list"
   text	   data	    bss	    dec	    hex	filename
  15576	     20	   2836	  18432	   4800	Flight Control Computer.elf
Finished building: default.size.stdout
 
Finished building: Flight Control Computer.list
 

22:22:19 Build Finished. 0 errors, 0 warnings. (took 417ms)

