17:42:55 **** Incremental Build of configuration Debug for project Flight Control Computer ****
make -j20 all 
arm-none-eabi-size  Flight\ Control\ Computer.elf 
   text	   data	    bss	    dec	    hex	filename
  89708	    856	  25280	 115844	  1c484	Flight Control Computer.elf
Finished building: default.size.stdout
 
17:42:57 **** Incremental Build of configuration Debug for project Flight Control Computer ****
make -j20 all 
arm-none-eabi-size  Flight\ Control\ Computer.elf 
   text	   data	    bss	    dec	    hex	filename
  89708	    856	  25280	 115844	  1c484	Flight Control Computer.elf
Finished building: default.size.stdout
 
17:43:20 **** Incremental Build of configuration Debug for project Flight Control Computer ****
make -j20 all 
arm-none-eabi-size  Flight\ Control\ Computer.elf 
   text	   data	    bss	    dec	    hex	filename
  89708	    856	  25280	 115844	  1c484	Flight Control Computer.elf
Finished building: default.size.stdout
 
17:44:28 **** Incremental Build of configuration Debug for project Flight Control Computer ****
make -j20 all 
arm-none-eabi-gcc "../Core/Src/Drivers/lis3mdl.c" -mcpu=cortex-m4 -std=gnu11 -g3 -DDEBUG -DUSE_HAL_DRIVER -DSTM32G474xx -c -I../Core/Inc -I../Drivers/STM32G4xx_HAL_Driver/Inc -I../Drivers/STM32G4xx_HAL_Driver/Inc/Legacy -I../Drivers/CMSIS/Device/ST/STM32G4xx/Include -I../Drivers/CMSIS/Include -I../USB_Device/App -I../USB_Device/Target -I../Middlewares/ST/STM32_USB_Device_Library/Core/Inc -I../Middlewares/ST/STM32_USB_Device_Library/Class/CDC/Inc -I../Middlewares/Third_Party/FreeRTOS/Source/include -I../Middlewares/Third_Party/FreeRTOS/Source/CMSIS_RTOS_V2 -I../Middlewares/Third_Party/FreeRTOS/Source/portable/GCC/ARM_CM4F -O0 -ffunction-sections -fdata-sections -Wall -fstack-usage -fcyclomatic-complexity -MMD -MP -MF"Core/Src/Drivers/lis3mdl.d" -MT"Core/Src/Drivers/lis3mdl.o" --specs=nano.specs -mfpu=fpv4-sp-d16 -mfloat-abi=hard -mthumb -o "Core/Src/Drivers/lis3mdl.o"
arm-none-eabi-gcc -o "Flight Control Computer.elf" @"objects.list"   -mcpu=cortex-m4 -T"/home/nikolai/Documents/NP1_DRONE/software/STM32/Flight Control Computer/STM32G474CETX_FLASH.ld" --specs=nosys.specs -Wl,-Map="Flight Control Computer.map" -Wl,--gc-sections -static -u _printf_float --specs=nano.specs -mfpu=fpv4-sp-d16 -mfloat-abi=hard -mthumb -Wl,--start-group -lc -lm -Wl,--end-group
/opt/st/stm32cubeide_1.17.0_2/plugins/com.st.stm32cube.ide.mcu.externaltools.gnu-tools-for-stm32.12.3.rel1.linux64_1.1.0.202410170702/tools/bin/../lib/gcc/arm-none-eabi/12.3.1/../../../../arm-none-eabi/bin/ld: warning: Flight Control Computer.elf has a LOAD segment with RWX permissions
Finished building target: Flight Control Computer.elf
 
arm-none-eabi-size  Flight\ Control\ Computer.elf 
arm-none-eabi-objdump -h -S Flight\ Control\ Computer.elf  > "Flight Control Computer.list"
   text	   data	    bss	    dec	    hex	filename
  89708	    856	  25280	 115844	  1c484	Flight Control Computer.elf
Finished building: default.size.stdout
 
Finished building: Flight Control Computer.list
 
17:45:07 **** Incremental Build of configuration Debug for project Flight Control Computer ****
make -j20 all 
arm-none-eabi-size  Flight\ Control\ Computer.elf 
   text	   data	    bss	    dec	    hex	filename
  89708	    856	  25280	 115844	  1c484	Flight Control Computer.elf
Finished building: default.size.stdout
 
18:06:54 **** Incremental Build of configuration Debug for project Flight Control Computer ****
make -j20 all 
arm-none-eabi-gcc "../Core/Src/Drivers/lis3mdl.c" -mcpu=cortex-m4 -std=gnu11 -g3 -DDEBUG -DUSE_HAL_DRIVER -DSTM32G474xx -c -I../Core/Inc -I../Drivers/STM32G4xx_HAL_Driver/Inc -I../Drivers/STM32G4xx_HAL_Driver/Inc/Legacy -I../Drivers/CMSIS/Device/ST/STM32G4xx/Include -I../Drivers/CMSIS/Include -I../USB_Device/App -I../USB_Device/Target -I../Middlewares/ST/STM32_USB_Device_Library/Core/Inc -I../Middlewares/ST/STM32_USB_Device_Library/Class/CDC/Inc -I../Middlewares/Third_Party/FreeRTOS/Source/include -I../Middlewares/Third_Party/FreeRTOS/Source/CMSIS_RTOS_V2 -I../Middlewares/Third_Party/FreeRTOS/Source/portable/GCC/ARM_CM4F -O0 -ffunction-sections -fdata-sections -Wall -fstack-usage -fcyclomatic-complexity -MMD -MP -MF"Core/Src/Drivers/lis3mdl.d" -MT"Core/Src/Drivers/lis3mdl.o" --specs=nano.specs -mfpu=fpv4-sp-d16 -mfloat-abi=hard -mthumb -o "Core/Src/Drivers/lis3mdl.o"
arm-none-eabi-gcc -o "Flight Control Computer.elf" @"objects.list"   -mcpu=cortex-m4 -T"/home/nikolai/Documents/NP1_DRONE/software/STM32/Flight Control Computer/STM32G474CETX_FLASH.ld" --specs=nosys.specs -Wl,-Map="Flight Control Computer.map" -Wl,--gc-sections -static -u _printf_float --specs=nano.specs -mfpu=fpv4-sp-d16 -mfloat-abi=hard -mthumb -Wl,--start-group -lc -lm -Wl,--end-group
/opt/st/stm32cubeide_1.17.0_2/plugins/com.st.stm32cube.ide.mcu.externaltools.gnu-tools-for-stm32.12.3.rel1.linux64_1.1.0.202410170702/tools/bin/../lib/gcc/arm-none-eabi/12.3.1/../../../../arm-none-eabi/bin/ld: warning: Flight Control Computer.elf has a LOAD segment with RWX permissions
Finished building target: Flight Control Computer.elf
 
arm-none-eabi-size  Flight\ Control\ Computer.elf 
arm-none-eabi-objdump -h -S Flight\ Control\ Computer.elf  > "Flight Control Computer.list"
   text	   data	    bss	    dec	    hex	filename
  89724	    856	  25280	 115860	  1c494	Flight Control Computer.elf
Finished building: default.size.stdout
 
Finished building: Flight Control Computer.list
 
18:07:04 **** Incremental Build of configuration Debug for project Flight Control Computer ****
make -j20 all 
arm-none-eabi-size  Flight\ Control\ Computer.elf 
   text	   data	    bss	    dec	    hex	filename
  89724	    856	  25280	 115860	  1c494	Flight Control Computer.elf
Finished building: default.size.stdout
 
18:16:50 **** Incremental Build of configuration Debug for project Flight Control Computer ****
make -j20 all 
arm-none-eabi-gcc "../Core/Src/app_freertos.c" -mcpu=cortex-m4 -std=gnu11 -g3 -DDEBUG -DUSE_HAL_DRIVER -DSTM32G474xx -c -I../Core/Inc -I../Drivers/STM32G4xx_HAL_Driver/Inc -I../Drivers/STM32G4xx_HAL_Driver/Inc/Legacy -I../Drivers/CMSIS/Device/ST/STM32G4xx/Include -I../Drivers/CMSIS/Include -I../USB_Device/App -I../USB_Device/Target -I../Middlewares/ST/STM32_USB_Device_Library/Core/Inc -I../Middlewares/ST/STM32_USB_Device_Library/Class/CDC/Inc -I../Middlewares/Third_Party/FreeRTOS/Source/include -I../Middlewares/Third_Party/FreeRTOS/Source/CMSIS_RTOS_V2 -I../Middlewares/Third_Party/FreeRTOS/Source/portable/GCC/ARM_CM4F -O0 -ffunction-sections -fdata-sections -Wall -fstack-usage -fcyclomatic-complexity -MMD -MP -MF"Core/Src/app_freertos.d" -MT"Core/Src/app_freertos.o" --specs=nano.specs -mfpu=fpv4-sp-d16 -mfloat-abi=hard -mthumb -o "Core/Src/app_freertos.o"
arm-none-eabi-gcc -o "Flight Control Computer.elf" @"objects.list"   -mcpu=cortex-m4 -T"/home/nikolai/Documents/NP1_DRONE/software/STM32/Flight Control Computer/STM32G474CETX_FLASH.ld" --specs=nosys.specs -Wl,-Map="Flight Control Computer.map" -Wl,--gc-sections -static -u _printf_float --specs=nano.specs -mfpu=fpv4-sp-d16 -mfloat-abi=hard -mthumb -Wl,--start-group -lc -lm -Wl,--end-group
Finished building target: Flight Control Computer.elf
 
arm-none-eabi-size  Flight\ Control\ Computer.elf 
arm-none-eabi-objdump -h -S Flight\ Control\ Computer.elf  > "Flight Control Computer.list"
   text	   data	    bss	    dec	    hex	filename
  90100	    856	  25280	 116236	  1c60c	Flight Control Computer.elf
Finished building: default.size.stdout
 
Finished building: Flight Control Computer.list
 
18:17:09 **** Incremental Build of configuration Debug for project Flight Control Computer ****
make -j20 all 
arm-none-eabi-size  Flight\ Control\ Computer.elf 
   text	   data	    bss	    dec	    hex	filename
  90100	    856	  25280	 116236	  1c60c	Flight Control Computer.elf
Finished building: default.size.stdout
 
19:03:50 **** Incremental Build of configuration Debug for project Flight Control Computer ****
make -j20 all 
arm-none-eabi-gcc "../Core/Src/Drivers/lis3mdl.c" -mcpu=cortex-m4 -std=gnu11 -g3 -DDEBUG -DUSE_HAL_DRIVER -DSTM32G474xx -c -I../Core/Inc -I../Drivers/STM32G4xx_HAL_Driver/Inc -I../Drivers/STM32G4xx_HAL_Driver/Inc/Legacy -I../Drivers/CMSIS/Device/ST/STM32G4xx/Include -I../Drivers/CMSIS/Include -I../USB_Device/App -I../USB_Device/Target -I../Middlewares/ST/STM32_USB_Device_Library/Core/Inc -I../Middlewares/ST/STM32_USB_Device_Library/Class/CDC/Inc -I../Middlewares/Third_Party/FreeRTOS/Source/include -I../Middlewares/Third_Party/FreeRTOS/Source/CMSIS_RTOS_V2 -I../Middlewares/Third_Party/FreeRTOS/Source/portable/GCC/ARM_CM4F -O0 -ffunction-sections -fdata-sections -Wall -fstack-usage -fcyclomatic-complexity -MMD -MP -MF"Core/Src/Drivers/lis3mdl.d" -MT"Core/Src/Drivers/lis3mdl.o" --specs=nano.specs -mfpu=fpv4-sp-d16 -mfloat-abi=hard -mthumb -o "Core/Src/Drivers/lis3mdl.o"
arm-none-eabi-gcc -o "Flight Control Computer.elf" @"objects.list"   -mcpu=cortex-m4 -T"/home/nikolai/Documents/NP1_DRONE/software/STM32/Flight Control Computer/STM32G474CETX_FLASH.ld" --specs=nosys.specs -Wl,-Map="Flight Control Computer.map" -Wl,--gc-sections -static -u _printf_float --specs=nano.specs -mfpu=fpv4-sp-d16 -mfloat-abi=hard -mthumb -Wl,--start-group -lc -lm -Wl,--end-group
Finished building target: Flight Control Computer.elf
 
arm-none-eabi-size  Flight\ Control\ Computer.elf 
arm-none-eabi-objdump -h -S Flight\ Control\ Computer.elf  > "Flight Control Computer.list"
   text	   data	    bss	    dec	    hex	filename
  90100	    856	  25280	 116236	  1c60c	Flight Control Computer.elf
Finished building: default.size.stdout
 
Finished building: Flight Control Computer.list
 
19:04:18 **** Incremental Build of configuration Debug for project Flight Control Computer ****
make -j20 all 
arm-none-eabi-size  Flight\ Control\ Computer.elf 
   text	   data	    bss	    dec	    hex	filename
  90100	    856	  25280	 116236	  1c60c	Flight Control Computer.elf
Finished building: default.size.stdout
 
19:04:36 **** Incremental Build of configuration Debug for project Flight Control Computer ****
make -j20 all 
arm-none-eabi-size  Flight\ Control\ Computer.elf 
   text	   data	    bss	    dec	    hex	filename
  90100	    856	  25280	 116236	  1c60c	Flight Control Computer.elf
Finished building: default.size.stdout
 
19:05:08 **** Incremental Build of configuration Debug for project Flight Control Computer ****
make -j20 all 
arm-none-eabi-gcc "../Core/Src/app_freertos.c" -mcpu=cortex-m4 -std=gnu11 -g3 -DDEBUG -DUSE_HAL_DRIVER -DSTM32G474xx -c -I../Core/Inc -I../Drivers/STM32G4xx_HAL_Driver/Inc -I../Drivers/STM32G4xx_HAL_Driver/Inc/Legacy -I../Drivers/CMSIS/Device/ST/STM32G4xx/Include -I../Drivers/CMSIS/Include -I../USB_Device/App -I../USB_Device/Target -I../Middlewares/ST/STM32_USB_Device_Library/Core/Inc -I../Middlewares/ST/STM32_USB_Device_Library/Class/CDC/Inc -I../Middlewares/Third_Party/FreeRTOS/Source/include -I../Middlewares/Third_Party/FreeRTOS/Source/CMSIS_RTOS_V2 -I../Middlewares/Third_Party/FreeRTOS/Source/portable/GCC/ARM_CM4F -O0 -ffunction-sections -fdata-sections -Wall -fstack-usage -fcyclomatic-complexity -MMD -MP -MF"Core/Src/app_freertos.d" -MT"Core/Src/app_freertos.o" --specs=nano.specs -mfpu=fpv4-sp-d16 -mfloat-abi=hard -mthumb -o "Core/Src/app_freertos.o"
arm-none-eabi-gcc -o "Flight Control Computer.elf" @"objects.list"   -mcpu=cortex-m4 -T"/home/nikolai/Documents/NP1_DRONE/software/STM32/Flight Control Computer/STM32G474CETX_FLASH.ld" --specs=nosys.specs -Wl,-Map="Flight Control Computer.map" -Wl,--gc-sections -static -u _printf_float --specs=nano.specs -mfpu=fpv4-sp-d16 -mfloat-abi=hard -mthumb -Wl,--start-group -lc -lm -Wl,--end-group
/opt/st/stm32cubeide_1.17.0_2/plugins/com.st.stm32cube.ide.mcu.externaltools.gnu-tools-for-stm32.12.3.rel1.linux64_1.1.0.202410170702/tools/bin/../lib/gcc/arm-none-eabi/12.3.1/../../../../arm-none-eabi/bin/ld: warning: Flight Control Computer.elf has a LOAD segment with RWX permissions
Finished building target: Flight Control Computer.elf
 
arm-none-eabi-size  Flight\ Control\ Computer.elf 
arm-none-eabi-objdump -h -S Flight\ Control\ Computer.elf  > "Flight Control Computer.list"
   text	   data	    bss	    dec	    hex	filename
  89724	    856	  25280	 115860	  1c494	Flight Control Computer.elf
Finished building: default.size.stdout
 
Finished building: Flight Control Computer.list
 
19:11:44 **** Incremental Build of configuration Debug for project Flight Control Computer ****
make -j20 all 
arm-none-eabi-gcc "../Core/Src/Drivers/lis3mdl.c" -mcpu=cortex-m4 -std=gnu11 -g3 -DDEBUG -DUSE_HAL_DRIVER -DSTM32G474xx -c -I../Core/Inc -I../Drivers/STM32G4xx_HAL_Driver/Inc -I../Drivers/STM32G4xx_HAL_Driver/Inc/Legacy -I../Drivers/CMSIS/Device/ST/STM32G4xx/Include -I../Drivers/CMSIS/Include -I../USB_Device/App -I../USB_Device/Target -I../Middlewares/ST/STM32_USB_Device_Library/Core/Inc -I../Middlewares/ST/STM32_USB_Device_Library/Class/CDC/Inc -I../Middlewares/Third_Party/FreeRTOS/Source/include -I../Middlewares/Third_Party/FreeRTOS/Source/CMSIS_RTOS_V2 -I../Middlewares/Third_Party/FreeRTOS/Source/portable/GCC/ARM_CM4F -O0 -ffunction-sections -fdata-sections -Wall -fstack-usage -fcyclomatic-complexity -MMD -MP -MF"Core/Src/Drivers/lis3mdl.d" -MT"Core/Src/Drivers/lis3mdl.o" --specs=nano.specs -mfpu=fpv4-sp-d16 -mfloat-abi=hard -mthumb -o "Core/Src/Drivers/lis3mdl.o"
arm-none-eabi-gcc -o "Flight Control Computer.elf" @"objects.list"   -mcpu=cortex-m4 -T"/home/nikolai/Documents/NP1_DRONE/software/STM32/Flight Control Computer/STM32G474CETX_FLASH.ld" --specs=nosys.specs -Wl,-Map="Flight Control Computer.map" -Wl,--gc-sections -static -u _printf_float --specs=nano.specs -mfpu=fpv4-sp-d16 -mfloat-abi=hard -mthumb -Wl,--start-group -lc -lm -Wl,--end-group
/opt/st/stm32cubeide_1.17.0_2/plugins/com.st.stm32cube.ide.mcu.externaltools.gnu-tools-for-stm32.12.3.rel1.linux64_1.1.0.202410170702/tools/bin/../lib/gcc/arm-none-eabi/12.3.1/../../../../arm-none-eabi/bin/ld: warning: Flight Control Computer.elf has a LOAD segment with RWX permissions
Finished building target: Flight Control Computer.elf
 
arm-none-eabi-size  Flight\ Control\ Computer.elf 
arm-none-eabi-objdump -h -S Flight\ Control\ Computer.elf  > "Flight Control Computer.list"
   text	   data	    bss	    dec	    hex	filename
  89708	    856	  25280	 115844	  1c484	Flight Control Computer.elf
Finished building: default.size.stdout
 
Finished building: Flight Control Computer.list
 
19:11:59 **** Incremental Build of configuration Debug for project Flight Control Computer ****
make -j20 all 
arm-none-eabi-size  Flight\ Control\ Computer.elf 
   text	   data	    bss	    dec	    hex	filename
  89708	    856	  25280	 115844	  1c484	Flight Control Computer.elf
Finished building: default.size.stdout
 
