00:02:08 **** Incremental Build of configuration Debug for project Flight Control Computer ****
make -j20 all 
arm-none-eabi-size  Flight\ Control\ Computer.elf 
   text	   data	    bss	    dec	    hex	filename
  92828	    864	  87200	 180892	  2c29c	Flight Control Computer.elf
Finished building: default.size.stdout
 
00:02:34 **** Incremental Build of configuration Debug for project Flight Control Computer ****
make -j20 all 
arm-none-eabi-size  Flight\ Control\ Computer.elf 
   text	   data	    bss	    dec	    hex	filename
  92828	    864	  87200	 180892	  2c29c	Flight Control Computer.elf
Finished building: default.size.stdout
 
